Return-Path: <linux-kernel-owner@vger.kernel.org>
X-Original-To: lists+linux-kernel@lfdr.de
Delivered-To: lists+linux-kernel@lfdr.de
Received: from out1.vger.email (out1.vger.email [IPv6:2620:137:e000::1:20])
	by mail.lfdr.de (Postfix) with ESMTP id 0067C7188CC
	for <lists+linux-kernel@lfdr.de>; Wed, 31 May 2023 19:49:22 +0200 (CEST)
Received: (majordomo@vger.kernel.org) by vger.kernel.org via listexpand
        id S230216AbjEaRtR (ORCPT <rfc822;lists+linux-kernel@lfdr.de>);
        Wed, 31 May 2023 13:49:17 -0400
Received: from lindbergh.monkeyblade.net ([23.128.96.19]:41730 "EHLO
        lindbergh.monkeyblade.net" rhost-flags-OK-OK-OK-OK) by vger.kernel.org
        with ESMTP id S230104AbjEaRtM (ORCPT
        <rfc822;linux-kernel@vger.kernel.org>);
        Wed, 31 May 2023 13:49:12 -0400
Received: from mail.skyhub.de (mail.skyhub.de [5.9.137.197])
        by lindbergh.monkeyblade.net (Postfix) with ESMTPS id 06E94138;
        Wed, 31 May 2023 10:49:04 -0700 (PDT)
Received: from zn.tnic (pd9530d32.dip0.t-ipconnect.de [217.83.13.50])
        (using TLSv1.2 with cipher ECDHE-RSA-AES256-GCM-SHA384 (256/256 bits))
        (No client certificate requested)
        by mail.skyhub.de (SuperMail on ZX Spectrum 128k) with ESMTPSA id A25531EC042D;
        Wed, 31 May 2023 19:49:02 +0200 (CEST)
DKIM-Signature: v=1; a=rsa-sha256; c=relaxed/relaxed; d=alien8.de; s=dkim;
        t=1685555343;
        h=from:from:reply-to:subject:subject:date:date:message-id:message-id:
         to:to:cc:cc:mime-version:mime-version:content-type:content-type:
         content-transfer-encoding:in-reply-to:in-reply-to:  references:references;
        bh=4awF7ihropMIeuORHFj3RY30SkzPrI4h/Pp4BMpmeAM=;
        b=K9yTaQIvSiqB2B4WfU+Jnili6hYPgH7rfjnOVXpv22taysYxHx7NknW6idh/cKrzOEESRm
        honBMfa3yHiNwpH1DYMfqa/pm75xafqAeoWWnLiBkKjxzPW54I1xQLxuNntaI1yRNYsM4P
        ezsvY7SMHGs6rokaZ8atyMo6m83ReoA=
Date:   Wed, 31 May 2023 19:48:57 +0200
From:   Borislav Petkov <bp@alien8.de>
To:     Juergen Gross <jgross@suse.com>
Cc:     linux-kernel@vger.kernel.org, x86@kernel.org,
        linux-hyperv@vger.kernel.org, linux-doc@vger.kernel.org,
        mikelley@microsoft.com, Thomas Gleixner <tglx@linutronix.de>,
        Ingo Molnar <mingo@redhat.com>,
        Dave Hansen <dave.hansen@linux.intel.com>,
        "H. Peter Anvin" <hpa@zytor.com>,
        "K. Y. Srinivasan" <kys@microsoft.com>,
        Haiyang Zhang <haiyangz@microsoft.com>,
        Wei Liu <wei.liu@kernel.org>, Dexuan Cui <decui@microsoft.com>,
        Boris Ostrovsky <boris.ostrovsky@oracle.com>,
        xen-devel@lists.xenproject.org, Jonathan Corbet <corbet@lwn.net>,
        Andy Lutomirski <luto@kernel.org>,
        Peter Zijlstra <peterz@infradead.org>
Subject: Re: [PATCH v6 00/16] x86/mtrr: fix handling with PAT but without MTRR
Message-ID: <20230531174857.GDZHeIib57h5lT5Vh1@fat_crate.local>
References: <20230509201437.GFZFqprc6otRejDPUt@fat_crate.local>
 <20230509233641.GGZFrZCTDH7VwUMp5R@fat_crate.local>
 <20230510133024.GBZFuccC1FxIZNKL+8@fat_crate.local>
 <4c47a11c-0565-678d-3467-e01c5ec16600@suse.com>
 <20230511163208.GDZF0YiOfxQhSo4RDm@fat_crate.local>
 <0cd3899b-cf3b-61c1-14ae-60b6b49d14ab@suse.com>
 <20230530152825.GAZHYWGXAp8PHgN/w0@fat_crate.local>
 <888f860d-4307-54eb-01da-11f9adf65559@suse.com>
 <20230531083508.GAZHcGvB68PUAH7f+a@fat_crate.local>
 <efe79c9e-1e31-adb9-8f93-962249bf01bb@suse.com>
MIME-Version: 1.0
Content-Type: text/plain; charset=utf-8
Content-Disposition: inline
In-Reply-To: <efe79c9e-1e31-adb9-8f93-962249bf01bb@suse.com>
X-Spam-Status: No, score=-1.7 required=5.0 tests=BAYES_00,DKIM_INVALID,
        DKIM_SIGNED,SPF_HELO_NONE,SPF_PASS,T_SCC_BODY_TEXT_LINE,URIBL_BLOCKED
        autolearn=no autolearn_force=no version=3.4.6
X-Spam-Checker-Version: SpamAssassin 3.4.6 (2021-04-09) on
        lindbergh.monkeyblade.net
Precedence: bulk
List-ID: <linux-kernel.vger.kernel.org>
X-Mailing-List: linux-kernel@vger.kernel.org

On Wed, May 31, 2023 at 04:20:08PM +0200, Juergen Gross wrote:
> One other note: why does mtrr_cleanup() think that using 8 instead of 6
> variable MTRRs would be an "optimal setting"?

Maybe the more extensive debug output below would help answer that...

> IMO it should replace the original setup only in case it is using _less_
> MTRRs than before.

Right.

> Additionally I believe mtrr_cleanup() would make much more sense if it
> wouldn't be __init, but being usable when trying to add additional MTRRs
> in the running system in case we run out of MTRRs.
> 
> It should probably be based on the new MTRR map anyway...

So I'm not really sure we really care about adding additional MTRRs.
There probably is a use case which does that but I haven't seen one yet
- MTRRs are all legacy crap to me.

Btw, one more patch ontop:

---
From: "Borislav Petkov (AMD)" <bp@alien8.de>
Date: Wed, 31 May 2023 19:23:34 +0200
Subject: [PATCH] x86/mtrr: Unify debugging printing

Put all the debugging output behind "mtrr=debug" and get rid of
"mtrr_cleanup_debug" which wasn't even documented anywhere.

No functional changes.

Signed-off-by: Borislav Petkov (AMD) <bp@alien8.de>
---
 arch/x86/kernel/cpu/mtrr/cleanup.c | 59 ++++++++++++------------------
 arch/x86/kernel/cpu/mtrr/generic.c |  2 +-
 arch/x86/kernel/cpu/mtrr/mtrr.c    |  5 +--
 arch/x86/kernel/cpu/mtrr/mtrr.h    |  3 ++
 4 files changed, 29 insertions(+), 40 deletions(-)

diff --git a/arch/x86/kernel/cpu/mtrr/cleanup.c b/arch/x86/kernel/cpu/mtrr/cleanup.c
index ed5f84c20ac2..18cf79d6e2c5 100644
--- a/arch/x86/kernel/cpu/mtrr/cleanup.c
+++ b/arch/x86/kernel/cpu/mtrr/cleanup.c
@@ -55,9 +55,6 @@ static int __initdata				nr_range;
 
 static struct var_mtrr_range_state __initdata	range_state[RANGE_NUM];
 
-static int __initdata debug_print;
-#define Dprintk(x...) do { if (debug_print) pr_debug(x); } while (0)
-
 #define BIOS_BUG_MSG \
 	"WARNING: BIOS bug: VAR MTRR %d contains strange UC entry under 1M, check with your system vendor!\n"
 
@@ -79,12 +76,11 @@ x86_get_mtrr_mem_range(struct range *range, int nr_range,
 		nr_range = add_range_with_merge(range, RANGE_NUM, nr_range,
 						base, base + size);
 	}
-	if (debug_print) {
-		pr_debug("After WB checking\n");
-		for (i = 0; i < nr_range; i++)
-			pr_debug("MTRR MAP PFN: %016llx - %016llx\n",
-				 range[i].start, range[i].end);
-	}
+
+	Dprintk("After WB checking\n");
+	for (i = 0; i < nr_range; i++)
+		Dprintk("MTRR MAP PFN: %016llx - %016llx\n",
+			 range[i].start, range[i].end);
 
 	/* Take out UC ranges: */
 	for (i = 0; i < num_var_ranges; i++) {
@@ -112,24 +108,22 @@ x86_get_mtrr_mem_range(struct range *range, int nr_range,
 		subtract_range(range, RANGE_NUM, extra_remove_base,
 				 extra_remove_base + extra_remove_size);
 
-	if  (debug_print) {
-		pr_debug("After UC checking\n");
-		for (i = 0; i < RANGE_NUM; i++) {
-			if (!range[i].end)
-				continue;
-			pr_debug("MTRR MAP PFN: %016llx - %016llx\n",
-				 range[i].start, range[i].end);
-		}
+	Dprintk("After UC checking\n");
+	for (i = 0; i < RANGE_NUM; i++) {
+		if (!range[i].end)
+			continue;
+
+		Dprintk("MTRR MAP PFN: %016llx - %016llx\n",
+			 range[i].start, range[i].end);
 	}
 
 	/* sort the ranges */
 	nr_range = clean_sort_range(range, RANGE_NUM);
-	if  (debug_print) {
-		pr_debug("After sorting\n");
-		for (i = 0; i < nr_range; i++)
-			pr_debug("MTRR MAP PFN: %016llx - %016llx\n",
-				 range[i].start, range[i].end);
-	}
+
+	Dprintk("After sorting\n");
+	for (i = 0; i < nr_range; i++)
+		Dprintk("MTRR MAP PFN: %016llx - %016llx\n",
+			range[i].start, range[i].end);
 
 	return nr_range;
 }
@@ -164,13 +158,6 @@ static int __init enable_mtrr_cleanup_setup(char *str)
 }
 early_param("enable_mtrr_cleanup", enable_mtrr_cleanup_setup);
 
-static int __init mtrr_cleanup_debug_setup(char *str)
-{
-	debug_print = 1;
-	return 0;
-}
-early_param("mtrr_cleanup_debug", mtrr_cleanup_debug_setup);
-
 static void __init
 set_var_mtrr(unsigned int reg, unsigned long basek, unsigned long sizek,
 	     unsigned char type)
@@ -267,7 +254,7 @@ range_to_mtrr(unsigned int reg, unsigned long range_startk,
 			align = max_align;
 
 		sizek = 1UL << align;
-		if (debug_print) {
+		if (mtrr_debug) {
 			char start_factor = 'K', size_factor = 'K';
 			unsigned long start_base, size_base;
 
@@ -542,7 +529,7 @@ static void __init print_out_mtrr_range_state(void)
 		start_base = to_size_factor(start_base, &start_factor);
 		type = range_state[i].type;
 
-		pr_debug("reg %d, base: %ld%cB, range: %ld%cB, type %s\n",
+		Dprintk("reg %d, base: %ld%cB, range: %ld%cB, type %s\n",
 			i, start_base, start_factor,
 			size_base, size_factor,
 			(type == MTRR_TYPE_UNCACHABLE) ? "UC" :
@@ -714,7 +701,7 @@ int __init mtrr_cleanup(void)
 		return 0;
 
 	/* Print original var MTRRs at first, for debugging: */
-	pr_debug("original variable MTRRs\n");
+	Dprintk("original variable MTRRs\n");
 	print_out_mtrr_range_state();
 
 	memset(range, 0, sizeof(range));
@@ -746,7 +733,7 @@ int __init mtrr_cleanup(void)
 
 		if (!result[i].bad) {
 			set_var_mtrr_all();
-			pr_debug("New variable MTRRs\n");
+			Dprintk("New variable MTRRs\n");
 			print_out_mtrr_range_state();
 			return 1;
 		}
@@ -766,7 +753,7 @@ int __init mtrr_cleanup(void)
 
 			mtrr_calc_range_state(chunk_size, gran_size,
 				      x_remove_base, x_remove_size, i);
-			if (debug_print) {
+			if (mtrr_debug) {
 				mtrr_print_out_one_result(i);
 				pr_info("\n");
 			}
@@ -790,7 +777,7 @@ int __init mtrr_cleanup(void)
 		gran_size <<= 10;
 		x86_setup_var_mtrrs(range, nr_range, chunk_size, gran_size);
 		set_var_mtrr_all();
-		pr_debug("New variable MTRRs\n");
+		Dprintk("New variable MTRRs\n");
 		print_out_mtrr_range_state();
 		return 1;
 	} else {
diff --git a/arch/x86/kernel/cpu/mtrr/generic.c b/arch/x86/kernel/cpu/mtrr/generic.c
index e5c5192d8a28..58a3848435c4 100644
--- a/arch/x86/kernel/cpu/mtrr/generic.c
+++ b/arch/x86/kernel/cpu/mtrr/generic.c
@@ -41,7 +41,7 @@ struct cache_map {
 	u64 fixed:1;
 };
 
-static bool mtrr_debug;
+bool mtrr_debug;
 
 static int __init mtrr_param_setup(char *str)
 {
diff --git a/arch/x86/kernel/cpu/mtrr/mtrr.c b/arch/x86/kernel/cpu/mtrr/mtrr.c
index ec8670bb5d88..767bf1c71aad 100644
--- a/arch/x86/kernel/cpu/mtrr/mtrr.c
+++ b/arch/x86/kernel/cpu/mtrr/mtrr.c
@@ -332,7 +332,7 @@ static int mtrr_check(unsigned long base, unsigned long size)
 {
 	if ((base & (PAGE_SIZE - 1)) || (size & (PAGE_SIZE - 1))) {
 		pr_warn("size and base must be multiples of 4 kiB\n");
-		pr_debug("size: 0x%lx  base: 0x%lx\n", size, base);
+		Dprintk("size: 0x%lx  base: 0x%lx\n", size, base);
 		dump_stack();
 		return -1;
 	}
@@ -423,8 +423,7 @@ int mtrr_del_page(int reg, unsigned long base, unsigned long size)
 			}
 		}
 		if (reg < 0) {
-			pr_debug("no MTRR for %lx000,%lx000 found\n",
-				 base, size);
+			Dprintk("no MTRR for %lx000,%lx000 found\n", base, size);
 			goto out;
 		}
 	}
diff --git a/arch/x86/kernel/cpu/mtrr/mtrr.h b/arch/x86/kernel/cpu/mtrr/mtrr.h
index 8385d7d3a865..5655f253d929 100644
--- a/arch/x86/kernel/cpu/mtrr/mtrr.h
+++ b/arch/x86/kernel/cpu/mtrr/mtrr.h
@@ -10,6 +10,9 @@
 #define MTRR_CHANGE_MASK_VARIABLE  0x02
 #define MTRR_CHANGE_MASK_DEFTYPE   0x04
 
+extern bool mtrr_debug;
+#define Dprintk(x...) do { if (mtrr_debug) pr_info(x); } while (0)
+
 extern unsigned int mtrr_usage_table[MTRR_MAX_VAR_RANGES];
 
 struct mtrr_ops {
-- 
2.35.1


[    0.000000] microcode: updated early: 0x710 -> 0x718, date = 2019-05-21
[    0.000000] Linux version 6.4.0-rc1+ (root@gondor) (gcc (Debian 10.2.1-6) 10.2.1 20210110, GNU ld (GNU Binutils for Debian) 2.35.1) #1 SMP PREEMPT_DYNAMIC Wed May 31 13:45:34 CEST 2023
[    0.000000] Command line: BOOT_IMAGE=/boot/vmlinuz-6.4.0-rc1+ root=/dev/sda7 ro earlyprintk=ttyS0,115200 console=ttyS0,115200 console=tty0 ras=cec_disable root=/dev/sda7 log_buf_len=10M resume=/dev/sda5 no_console_suspend ignore_loglevel mtrr=debug
[    0.000000] KERNEL supported cpus:
[    0.000000]   Intel GenuineIntel
[    0.000000]   AMD AuthenticAMD
[    0.000000]   Centaur CentaurHauls
[    0.000000] x86/fpu: Supporting XSAVE feature 0x001: 'x87 floating point registers'
[    0.000000] x86/fpu: Supporting XSAVE feature 0x002: 'SSE registers'
[    0.000000] x86/fpu: Supporting XSAVE feature 0x004: 'AVX registers'
[    0.000000] x86/fpu: xstate_offset[2]:  576, xstate_sizes[2]:  256
[    0.000000] x86/fpu: Enabled xstate features 0x7, context size is 832 bytes, using 'standard' format.
[    0.000000] signal: max sigframe size: 1776
[    0.000000] BIOS-provided physical RAM map:
[    0.000000] BIOS-e820: [mem 0x0000000000000000-0x000000000009ffff] usable
[    0.000000] BIOS-e820: [mem 0x0000000000100000-0x0000000018ebafff] usable
[    0.000000] BIOS-e820: [mem 0x0000000018ebb000-0x0000000018fe7fff] ACPI NVS
[    0.000000] BIOS-e820: [mem 0x0000000018fe8000-0x0000000018fe8fff] usable
[    0.000000] BIOS-e820: [mem 0x0000000018fe9000-0x0000000018ffffff] ACPI NVS
[    0.000000] BIOS-e820: [mem 0x0000000019000000-0x000000001dffcfff] usable
[    0.000000] BIOS-e820: [mem 0x000000001dffd000-0x000000001dffffff] ACPI data
[    0.000000] BIOS-e820: [mem 0x000000001e000000-0x00000000ac77cfff] usable
[    0.000000] BIOS-e820: [mem 0x00000000ac77d000-0x00000000ac77ffff] type 20
[    0.000000] BIOS-e820: [mem 0x00000000ac780000-0x00000000ac780fff] reserved
[    0.000000] BIOS-e820: [mem 0x00000000ac781000-0x00000000ac782fff] type 20
[    0.000000] BIOS-e820: [mem 0x00000000ac783000-0x00000000ac7d9fff] reserved
[    0.000000] BIOS-e820: [mem 0x00000000ac7da000-0x00000000ac7dafff] type 20
[    0.000000] BIOS-e820: [mem 0x00000000ac7db000-0x00000000ac7dcfff] reserved
[    0.000000] BIOS-e820: [mem 0x00000000ac7dd000-0x00000000ac7e7fff] type 20
[    0.000000] BIOS-e820: [mem 0x00000000ac7e8000-0x00000000ac7f1fff] reserved
[    0.000000] BIOS-e820: [mem 0x00000000ac7f2000-0x00000000ac7f5fff] type 20
[    0.000000] BIOS-e820: [mem 0x00000000ac7f6000-0x00000000ac7f9fff] reserved
[    0.000000] BIOS-e820: [mem 0x00000000ac7fa000-0x00000000ac7fafff] type 20
[    0.000000] BIOS-e820: [mem 0x00000000ac7fb000-0x00000000ac803fff] reserved
[    0.000000] BIOS-e820: [mem 0x00000000ac804000-0x00000000ac810fff] type 20
[    0.000000] BIOS-e820: [mem 0x00000000ac811000-0x00000000ac813fff] reserved
[    0.000000] BIOS-e820: [mem 0x00000000ac814000-0x00000000ad7fffff] usable
[    0.000000] BIOS-e820: [mem 0x00000000b0000000-0x00000000b3ffffff] reserved
[    0.000000] BIOS-e820: [mem 0x00000000fed20000-0x00000000fed3ffff] reserved
[    0.000000] BIOS-e820: [mem 0x00000000fed50000-0x00000000fed8ffff] reserved
[    0.000000] BIOS-e820: [mem 0x00000000ffa00000-0x00000000ffa3ffff] reserved
[    0.000000] BIOS-e820: [mem 0x0000000100000000-0x000000044fffffff] usable
[    0.000000] printk: bootconsole [earlyser0] enabled
[    0.000000] printk: debug: ignoring loglevel setting.
[    0.000000] NX (Execute Disable) protection: active
[    0.000000] efi: EFI v2.0 by American Megatrends
[    0.000000] efi: ACPI 2.0=0x1dffff98 SMBIOS=0xac811018 
[    0.000000] efi: Remove mem57: MMIO range=[0xb0000000-0xb3ffffff] (64MB) from e820 map
[    0.000000] e820: remove [mem 0xb0000000-0xb3ffffff] reserved
[    0.000000] efi: Not removing mem58: MMIO range=[0xfed20000-0xfed3ffff] (128KB) from e820 map
[    0.000000] efi: Remove mem59: MMIO range=[0xfed50000-0xfed8ffff] (0MB) from e820 map
[    0.000000] e820: remove [mem 0xfed50000-0xfed8ffff] reserved
[    0.000000] efi: Remove mem60: MMIO range=[0xffa00000-0xffa3ffff] (0MB) from e820 map
[    0.000000] e820: remove [mem 0xffa00000-0xffa3ffff] reserved
[    0.000000] SMBIOS 2.6 present.
[    0.000000] DMI: Dell Inc. Precision T3600/0PTTT9, BIOS A13 05/11/2014
[    0.000000] tsc: Fast TSC calibration using PIT
[    0.000000] tsc: Detected 3591.179 MHz processor
[    0.000747] e820: update [mem 0x00000000-0x00000fff] usable ==> reserved
[    0.007211] e820: remove [mem 0x000a0000-0x000fffff] usable
[    0.012717] last_pfn = 0x450000 max_arch_pfn = 0x400000000
[    0.018124] MTRR default type: uncachable
[    0.022074] MTRR fixed ranges enabled:
[    0.025768]   00000-9FFFF write-back
[    0.029290]   A0000-BFFFF uncachable
[    0.032812]   C0000-FFFFF write-protect
[    0.036592] MTRR variable ranges enabled:
[    0.040543]   0 base 000000000000000 mask 0003FFC00000000 write-back
[    0.046814]   1 base 000000400000000 mask 0003FFFC0000000 write-back
[    0.053086]   2 base 000000440000000 mask 0003FFFF0000000 write-back
[    0.059357]   3 base 0000000AE000000 mask 0003FFFFE000000 uncachable
[    0.065629]   4 base 0000000B0000000 mask 0003FFFF0000000 uncachable
[    0.071899]   5 base 0000000C0000000 mask 0003FFFC0000000 uncachable
[    0.078172]   6 disabled
[    0.080664]   7 disabled
[    0.083155]   8 disabled
[    0.085645]   9 disabled
[    0.088140] original variable MTRRs
[    0.091574] reg 0, base: 0GB, range: 16GB, type WB
[    0.096299] reg 1, base: 16GB, range: 1GB, type WB
[    0.101026] reg 2, base: 17GB, range: 256MB, type WB
[    0.105923] reg 3, base: 2784MB, range: 32MB, type UC
[    0.110906] reg 4, base: 2816MB, range: 256MB, type UC
[    0.115975] reg 5, base: 3GB, range: 1GB, type UC
[    0.120617] After WB checking
[    0.123536] MTRR MAP PFN: 0000000000000000 - 0000000000450000
[    0.129208] After UC checking
[    0.132127] MTRR MAP PFN: 0000000000000000 - 00000000000ae000
[    0.137798] MTRR MAP PFN: 0000000000100000 - 0000000000450000
[    0.143468] After sorting
[    0.146044] MTRR MAP PFN: 0000000000000000 - 00000000000ae000
[    0.151714] MTRR MAP PFN: 0000000000100000 - 0000000000450000
[    0.157385] total RAM covered: 16352M
[    0.160994] rangeX: 0000000000000000 - 00000000ae000000
[    0.166148] Setting variable MTRR 0, base: 0GB, range: 2GB, type WB
[    0.172332] Setting variable MTRR 1, base: 2GB, range: 512MB, type WB
[    0.178690] Setting variable MTRR 2, base: 2560MB, range: 128MB, type WB
[    0.185305] Setting variable MTRR 3, base: 2688MB, range: 64MB, type WB
[    0.191835] Setting variable MTRR 4, base: 2752MB, range: 32MB, type WB
[    0.198363] rangeX: 0000000100000000 - 0000000450000000
[    0.203518] Setting variable MTRR 5, base: 4GB, range: 4GB, type WB
[    0.209703] Setting variable MTRR 6, base: 8GB, range: 8GB, type WB
[    0.215887] Setting variable MTRR 7, base: 16GB, range: 1GB, type WB
[    0.222159] Setting variable MTRR 8, base: 17GB, range: 256MB, type WB
[    0.228603] After WB checking
[    0.231522] MTRR MAP PFN: 0000000000000000 - 00000000000ae000
[    0.237193] MTRR MAP PFN: 0000000000100000 - 0000000000450000
[    0.242864] After UC checking
[    0.245784] MTRR MAP PFN: 0000000000000000 - 00000000000ae000
[    0.251455] MTRR MAP PFN: 0000000000100000 - 0000000000450000
[    0.257126] After sorting
[    0.259702] MTRR MAP PFN: 0000000000000000 - 00000000000ae000
[    0.265371] MTRR MAP PFN: 0000000000100000 - 0000000000450000
[    0.271042]  gran_size: 64K 	chunk_size: 64K 	num_reg: 9  	lose cover RAM: 0G

[    0.279545] rangeX: 0000000000000000 - 00000000ae000000
[    0.284700] Setting variable MTRR 0, base: 0GB, range: 2GB, type WB
[    0.290886] Setting variable MTRR 1, base: 2GB, range: 512MB, type WB
[    0.297243] Setting variable MTRR 2, base: 2560MB, range: 128MB, type WB
[    0.303857] Setting variable MTRR 3, base: 2688MB, range: 64MB, type WB
[    0.310386] Setting variable MTRR 4, base: 2752MB, range: 32MB, type WB
[    0.316915] rangeX: 0000000100000000 - 0000000450000000
[    0.322069] Setting variable MTRR 5, base: 4GB, range: 4GB, type WB
[    0.328254] Setting variable MTRR 6, base: 8GB, range: 8GB, type WB
[    0.334440] Setting variable MTRR 7, base: 16GB, range: 1GB, type WB
[    0.340712] Setting variable MTRR 8, base: 17GB, range: 256MB, type WB
[    0.347155] After WB checking
[    0.350076] MTRR MAP PFN: 0000000000000000 - 00000000000ae000
[    0.355745] MTRR MAP PFN: 0000000000100000 - 0000000000450000
[    0.361414] After UC checking
[    0.364335] MTRR MAP PFN: 0000000000000000 - 00000000000ae000
[    0.370005] MTRR MAP PFN: 0000000000100000 - 0000000000450000
[    0.375675] After sorting
[    0.378253] MTRR MAP PFN: 0000000000000000 - 00000000000ae000
[    0.383922] MTRR MAP PFN: 0000000000100000 - 0000000000450000
[    0.389593]  gran_size: 64K 	chunk_size: 128K 	num_reg: 9  	lose cover RAM: 0G

[    0.398184] rangeX: 0000000000000000 - 00000000ae000000
[    0.403338] Setting variable MTRR 0, base: 0GB, range: 2GB, type WB
[    0.409524] Setting variable MTRR 1, base: 2GB, range: 512MB, type WB
[    0.415881] Setting variable MTRR 2, base: 2560MB, range: 128MB, type WB
[    0.422497] Setting variable MTRR 3, base: 2688MB, range: 64MB, type WB
[    0.429027] Setting variable MTRR 4, base: 2752MB, range: 32MB, type WB
[    0.435555] rangeX: 0000000100000000 - 0000000450000000
[    0.440710] Setting variable MTRR 5, base: 4GB, range: 4GB, type WB
[    0.446897] Setting variable MTRR 6, base: 8GB, range: 8GB, type WB
[    0.453083] Setting variable MTRR 7, base: 16GB, range: 1GB, type WB
[    0.459355] Setting variable MTRR 8, base: 17GB, range: 256MB, type WB
[    0.465798] After WB checking
[    0.468719] MTRR MAP PFN: 0000000000000000 - 00000000000ae000
[    0.474442] MTRR MAP PFN: 0000000000100000 - 0000000000450000
[    0.480114] After UC checking
[    0.483034] MTRR MAP PFN: 0000000000000000 - 00000000000ae000
[    0.488705] MTRR MAP PFN: 0000000000100000 - 0000000000450000
[    0.494377] After sorting
[    0.496954] MTRR MAP PFN: 0000000000000000 - 00000000000ae000
[    0.502626] MTRR MAP PFN: 0000000000100000 - 0000000000450000
[    0.508297]  gran_size: 64K 	chunk_size: 256K 	num_reg: 9  	lose cover RAM: 0G

[    0.516888] rangeX: 0000000000000000 - 00000000ae000000
[    0.522044] Setting variable MTRR 0, base: 0GB, range: 2GB, type WB
[    0.528230] Setting variable MTRR 1, base: 2GB, range: 512MB, type WB
[    0.534588] Setting variable MTRR 2, base: 2560MB, range: 128MB, type WB
[    0.541206] Setting variable MTRR 3, base: 2688MB, range: 64MB, type WB
[    0.547736] Setting variable MTRR 4, base: 2752MB, range: 32MB, type WB
[    0.554266] rangeX: 0000000100000000 - 0000000450000000
[    0.559420] Setting variable MTRR 5, base: 4GB, range: 4GB, type WB
[    0.565605] Setting variable MTRR 6, base: 8GB, range: 8GB, type WB
[    0.571791] Setting variable MTRR 7, base: 16GB, range: 1GB, type WB
[    0.578062] Setting variable MTRR 8, base: 17GB, range: 256MB, type WB
[    0.584506] After WB checking
[    0.587427] MTRR MAP PFN: 0000000000000000 - 00000000000ae000
[    0.593097] MTRR MAP PFN: 0000000000100000 - 0000000000450000
[    0.598768] After UC checking
[    0.601690] MTRR MAP PFN: 0000000000000000 - 00000000000ae000
[    0.607360] MTRR MAP PFN: 0000000000100000 - 0000000000450000
[    0.613031] After sorting
[    0.615607] MTRR MAP PFN: 0000000000000000 - 00000000000ae000
[    0.621278] MTRR MAP PFN: 0000000000100000 - 0000000000450000
[    0.626949]  gran_size: 64K 	chunk_size: 512K 	num_reg: 9  	lose cover RAM: 0G

[    0.635541] rangeX: 0000000000000000 - 00000000ae000000
[    0.640695] Setting variable MTRR 0, base: 0GB, range: 2GB, type WB
[    0.646882] Setting variable MTRR 1, base: 2GB, range: 512MB, type WB
[    0.653240] Setting variable MTRR 2, base: 2560MB, range: 128MB, type WB
[    0.659856] Setting variable MTRR 3, base: 2688MB, range: 64MB, type WB
[    0.666386] Setting variable MTRR 4, base: 2752MB, range: 32MB, type WB
[    0.672916] rangeX: 0000000100000000 - 0000000450000000
[    0.678073] Setting variable MTRR 5, base: 4GB, range: 4GB, type WB
[    0.684260] Setting variable MTRR 6, base: 8GB, range: 8GB, type WB
[    0.690447] Setting variable MTRR 7, base: 16GB, range: 1GB, type WB
[    0.696719] Setting variable MTRR 8, base: 17GB, range: 256MB, type WB
[    0.703164] After WB checking
[    0.706085] MTRR MAP PFN: 0000000000000000 - 00000000000ae000
[    0.711754] MTRR MAP PFN: 0000000000100000 - 0000000000450000
[    0.717425] After UC checking
[    0.720347] MTRR MAP PFN: 0000000000000000 - 00000000000ae000
[    0.726018] MTRR MAP PFN: 0000000000100000 - 0000000000450000
[    0.731689] After sorting
[    0.734266] MTRR MAP PFN: 0000000000000000 - 00000000000ae000
[    0.739937] MTRR MAP PFN: 0000000000100000 - 0000000000450000
[    0.745608]  gran_size: 64K 	chunk_size: 1M 	num_reg: 9  	lose cover RAM: 0G

[    0.754027] rangeX: 0000000000000000 - 00000000ae000000
[    0.759182] Setting variable MTRR 0, base: 0GB, range: 2GB, type WB
[    0.765368] Setting variable MTRR 1, base: 2GB, range: 512MB, type WB
[    0.771726] Setting variable MTRR 2, base: 2560MB, range: 128MB, type WB
[    0.778342] Setting variable MTRR 3, base: 2688MB, range: 64MB, type WB
[    0.784872] Setting variable MTRR 4, base: 2752MB, range: 32MB, type WB
[    0.791402] rangeX: 0000000100000000 - 0000000450000000
[    0.796558] Setting variable MTRR 5, base: 4GB, range: 4GB, type WB
[    0.802745] Setting variable MTRR 6, base: 8GB, range: 8GB, type WB
[    0.808931] Setting variable MTRR 7, base: 16GB, range: 1GB, type WB
[    0.815204] Setting variable MTRR 8, base: 17GB, range: 256MB, type WB
[    0.821648] After WB checking
[    0.824569] MTRR MAP PFN: 0000000000000000 - 00000000000ae000
[    0.830240] MTRR MAP PFN: 0000000000100000 - 0000000000450000
[    0.835910] After UC checking
[    0.838831] MTRR MAP PFN: 0000000000000000 - 00000000000ae000
[    0.844503] MTRR MAP PFN: 0000000000100000 - 0000000000450000
[    0.850173] After sorting
[    0.852752] MTRR MAP PFN: 0000000000000000 - 00000000000ae000
[    0.858422] MTRR MAP PFN: 0000000000100000 - 0000000000450000
[    0.864093]  gran_size: 64K 	chunk_size: 2M 	num_reg: 9  	lose cover RAM: 0G

[    0.872514] rangeX: 0000000000000000 - 00000000ae000000
[    0.877668] Setting variable MTRR 0, base: 0GB, range: 2GB, type WB
[    0.883855] Setting variable MTRR 1, base: 2GB, range: 512MB, type WB
[    0.890212] Setting variable MTRR 2, base: 2560MB, range: 128MB, type WB
[    0.896827] Setting variable MTRR 3, base: 2688MB, range: 64MB, type WB
[    0.903357] Setting variable MTRR 4, base: 2752MB, range: 32MB, type WB
[    0.909885] rangeX: 0000000100000000 - 0000000450000000
[    0.915040] Setting variable MTRR 5, base: 4GB, range: 4GB, type WB
[    0.921226] Setting variable MTRR 6, base: 8GB, range: 8GB, type WB
[    0.927411] Setting variable MTRR 7, base: 16GB, range: 1GB, type WB
[    0.933682] Setting variable MTRR 8, base: 17GB, range: 256MB, type WB
[    0.940126] After WB checking
[    0.943047] MTRR MAP PFN: 0000000000000000 - 00000000000ae000
[    0.948717] MTRR MAP PFN: 0000000000100000 - 0000000000450000
[    0.954387] After UC checking
[    0.957308] MTRR MAP PFN: 0000000000000000 - 00000000000ae000
[    0.962978] MTRR MAP PFN: 0000000000100000 - 0000000000450000
[    0.968648] After sorting
[    0.971225] MTRR MAP PFN: 0000000000000000 - 00000000000ae000
[    0.976895] MTRR MAP PFN: 0000000000100000 - 0000000000450000
[    0.982565]  gran_size: 64K 	chunk_size: 4M 	num_reg: 9  	lose cover RAM: 0G

[    0.990985] rangeX: 0000000000000000 - 00000000ae000000
[    0.996139] Setting variable MTRR 0, base: 0GB, range: 2GB, type WB
[    1.002324] Setting variable MTRR 1, base: 2GB, range: 512MB, type WB
[    1.008682] Setting variable MTRR 2, base: 2560MB, range: 128MB, type WB
[    1.015297] Setting variable MTRR 3, base: 2688MB, range: 64MB, type WB
[    1.021826] Setting variable MTRR 4, base: 2752MB, range: 32MB, type WB
[    1.028356] rangeX: 0000000100000000 - 0000000450000000
[    1.033512] Setting variable MTRR 5, base: 4GB, range: 4GB, type WB
[    1.039699] Setting variable MTRR 6, base: 8GB, range: 8GB, type WB
[    1.045884] Setting variable MTRR 7, base: 16GB, range: 1GB, type WB
[    1.052156] Setting variable MTRR 8, base: 17GB, range: 256MB, type WB
[    1.058599] After WB checking
[    1.061520] MTRR MAP PFN: 0000000000000000 - 00000000000ae000
[    1.067189] MTRR MAP PFN: 0000000000100000 - 0000000000450000
[    1.072859] After UC checking
[    1.075781] MTRR MAP PFN: 0000000000000000 - 00000000000ae000
[    1.081451] MTRR MAP PFN: 0000000000100000 - 0000000000450000
[    1.087122] After sorting
[    1.089700] MTRR MAP PFN: 0000000000000000 - 00000000000ae000
[    1.095371] MTRR MAP PFN: 0000000000100000 - 0000000000450000
[    1.101041]  gran_size: 64K 	chunk_size: 8M 	num_reg: 9  	lose cover RAM: 0G

[    1.109462] rangeX: 0000000000000000 - 00000000ae000000
[    1.114616] Setting variable MTRR 0, base: 0GB, range: 2GB, type WB
[    1.120803] Setting variable MTRR 1, base: 2GB, range: 512MB, type WB
[    1.127160] Setting variable MTRR 2, base: 2560MB, range: 128MB, type WB
[    1.133775] Setting variable MTRR 3, base: 2688MB, range: 64MB, type WB
[    1.140304] Setting variable MTRR 4, base: 2752MB, range: 32MB, type WB
[    1.146834] rangeX: 0000000100000000 - 0000000450000000
[    1.151989] Setting variable MTRR 5, base: 4GB, range: 4GB, type WB
[    1.158175] Setting variable MTRR 6, base: 8GB, range: 8GB, type WB
[    1.164361] Setting variable MTRR 7, base: 16GB, range: 1GB, type WB
[    1.170634] Setting variable MTRR 8, base: 17GB, range: 256MB, type WB
[    1.177078] After WB checking
[    1.179998] MTRR MAP PFN: 0000000000000000 - 00000000000ae000
[    1.185668] MTRR MAP PFN: 0000000000100000 - 0000000000450000
[    1.191339] After UC checking
[    1.194259] MTRR MAP PFN: 0000000000000000 - 00000000000ae000
[    1.199930] MTRR MAP PFN: 0000000000100000 - 0000000000450000
[    1.205601] After sorting
[    1.208178] MTRR MAP PFN: 0000000000000000 - 00000000000ae000
[    1.213848] MTRR MAP PFN: 0000000000100000 - 0000000000450000
[    1.219517]  gran_size: 64K 	chunk_size: 16M 	num_reg: 9  	lose cover RAM: 0G

[    1.228021] rangeX: 0000000000000000 - 00000000ae000000
[    1.233177] Setting variable MTRR 0, base: 0GB, range: 2GB, type WB
[    1.239362] Setting variable MTRR 1, base: 2GB, range: 512MB, type WB
[    1.245720] Setting variable MTRR 2, base: 2560MB, range: 128MB, type WB
[    1.252336] Setting variable MTRR 3, base: 2688MB, range: 64MB, type WB
[    1.258864] Setting variable MTRR 4, base: 2752MB, range: 32MB, type WB
[    1.265393] rangeX: 0000000100000000 - 0000000450000000
[    1.270547] Setting variable MTRR 5, base: 4GB, range: 4GB, type WB
[    1.276732] Setting variable MTRR 6, base: 8GB, range: 8GB, type WB
[    1.282917] Setting variable MTRR 7, base: 16GB, range: 1GB, type WB
[    1.289189] Setting variable MTRR 8, base: 17GB, range: 256MB, type WB
[    1.295632] After WB checking
[    1.298552] MTRR MAP PFN: 0000000000000000 - 00000000000ae000
[    1.304221] MTRR MAP PFN: 0000000000100000 - 0000000000450000
[    1.309892] After UC checking
[    1.312812] MTRR MAP PFN: 0000000000000000 - 00000000000ae000
[    1.318483] MTRR MAP PFN: 0000000000100000 - 0000000000450000
[    1.324151] After sorting
[    1.326728] MTRR MAP PFN: 0000000000000000 - 00000000000ae000
[    1.332399] MTRR MAP PFN: 0000000000100000 - 0000000000450000
[    1.338070]  gran_size: 64K 	chunk_size: 32M 	num_reg: 9  	lose cover RAM: 0G

[    1.346574] range0: 0000000000000000 - 00000000b0000000
[    1.351728] Setting variable MTRR 0, base: 0GB, range: 2GB, type WB
[    1.357914] Setting variable MTRR 1, base: 2GB, range: 512MB, type WB
[    1.364273] Setting variable MTRR 2, base: 2560MB, range: 256MB, type WB
[    1.370888] hole: 00000000ae000000 - 00000000b0000000
[    1.375872] Setting variable MTRR 3, base: 2784MB, range: 32MB, type UC
[    1.382401] rangeX: 0000000100000000 - 0000000450000000
[    1.387557] Setting variable MTRR 4, base: 4GB, range: 4GB, type WB
[    1.393742] Setting variable MTRR 5, base: 8GB, range: 8GB, type WB
[    1.399929] Setting variable MTRR 6, base: 16GB, range: 1GB, type WB
[    1.406200] Setting variable MTRR 7, base: 17GB, range: 256MB, type WB
[    1.412643] After WB checking
[    1.415564] MTRR MAP PFN: 0000000000000000 - 00000000000b0000
[    1.421234] MTRR MAP PFN: 0000000000100000 - 0000000000450000
[    1.426904] After UC checking
[    1.429825] MTRR MAP PFN: 0000000000000000 - 00000000000ae000
[    1.435494] MTRR MAP PFN: 0000000000100000 - 0000000000450000
[    1.441165] After sorting
[    1.443742] MTRR MAP PFN: 0000000000000000 - 00000000000ae000
[    1.449412] MTRR MAP PFN: 0000000000100000 - 0000000000450000
[    1.455084]  gran_size: 64K 	chunk_size: 64M 	num_reg: 8  	lose cover RAM: 0G

[    1.463591] range0: 0000000000000000 - 00000000b0000000
[    1.468746] Setting variable MTRR 0, base: 0GB, range: 2GB, type WB
[    1.474932] Setting variable MTRR 1, base: 2GB, range: 512MB, type WB
[    1.481290] Setting variable MTRR 2, base: 2560MB, range: 256MB, type WB
[    1.487906] hole: 00000000ae000000 - 00000000b0000000
[    1.492889] Setting variable MTRR 3, base: 2784MB, range: 32MB, type UC
[    1.499513] rangeX: 0000000100000000 - 0000000450000000
[    1.504669] Setting variable MTRR 4, base: 4GB, range: 4GB, type WB
[    1.510855] Setting variable MTRR 5, base: 8GB, range: 8GB, type WB
[    1.517041] Setting variable MTRR 6, base: 16GB, range: 1GB, type WB
[    1.523312] Setting variable MTRR 7, base: 17GB, range: 256MB, type WB
[    1.529757] After WB checking
[    1.532676] MTRR MAP PFN: 0000000000000000 - 00000000000b0000
[    1.538347] MTRR MAP PFN: 0000000000100000 - 0000000000450000
[    1.544018] After UC checking
[    1.546939] MTRR MAP PFN: 0000000000000000 - 00000000000ae000
[    1.552610] MTRR MAP PFN: 0000000000100000 - 0000000000450000
[    1.558280] After sorting
[    1.560858] MTRR MAP PFN: 0000000000000000 - 00000000000ae000
[    1.566529] MTRR MAP PFN: 0000000000100000 - 0000000000450000
[    1.572199]  gran_size: 64K 	chunk_size: 128M 	num_reg: 8  	lose cover RAM: 0G

[    1.580791] range0: 0000000000000000 - 00000000b0000000
[    1.585945] Setting variable MTRR 0, base: 0GB, range: 2GB, type WB
[    1.592131] Setting variable MTRR 1, base: 2GB, range: 512MB, type WB
[    1.598489] Setting variable MTRR 2, base: 2560MB, range: 256MB, type WB
[    1.605103] hole: 00000000ae000000 - 00000000b0000000
[    1.610086] Setting variable MTRR 3, base: 2784MB, range: 32MB, type UC
[    1.616615] rangeX: 0000000100000000 - 0000000450000000
[    1.621770] Setting variable MTRR 4, base: 4GB, range: 4GB, type WB
[    1.627957] Setting variable MTRR 5, base: 8GB, range: 8GB, type WB
[    1.634142] Setting variable MTRR 6, base: 16GB, range: 1GB, type WB
[    1.640413] Setting variable MTRR 7, base: 17GB, range: 256MB, type WB
[    1.646858] After WB checking
[    1.649777] MTRR MAP PFN: 0000000000000000 - 00000000000b0000
[    1.655449] MTRR MAP PFN: 0000000000100000 - 0000000000450000
[    1.661120] After UC checking
[    1.664041] MTRR MAP PFN: 0000000000000000 - 00000000000ae000
[    1.669711] MTRR MAP PFN: 0000000000100000 - 0000000000450000
[    1.675382] After sorting
[    1.677959] MTRR MAP PFN: 0000000000000000 - 00000000000ae000
[    1.683631] MTRR MAP PFN: 0000000000100000 - 0000000000450000
[    1.689301]  gran_size: 64K 	chunk_size: 256M 	num_reg: 8  	lose cover RAM: 0G

[    1.697894] range0: 0000000000000000 - 00000000c0000000
[    1.703049] Setting variable MTRR 0, base: 0GB, range: 2GB, type WB
[    1.709235] Setting variable MTRR 1, base: 2GB, range: 1GB, type WB
[    1.715421] hole: 00000000ae000000 - 00000000c0000000
[    1.720405] Setting variable MTRR 2, base: 2784MB, range: 32MB, type UC
[    1.726935] Setting variable MTRR 3, base: 2816MB, range: 256MB, type UC
[    1.733550] range0: 0000000100000000 - 0000000460000000
[    1.738705] Setting variable MTRR 4, base: 4GB, range: 4GB, type WB
[    1.744891] Setting variable MTRR 5, base: 8GB, range: 8GB, type WB
[    1.751078] Setting variable MTRR 6, base: 16GB, range: 1GB, type WB
[    1.757351] Setting variable MTRR 7, base: 17GB, range: 512MB, type WB
[    1.763797] hole: 0000000450000000 - 0000000460000000
[    1.768781] Setting variable MTRR 8, base: 17664MB, range: 256MB, type UC
[    1.775483] After WB checking
[    1.778404] MTRR MAP PFN: 0000000000000000 - 00000000000c0000
[    1.784076] MTRR MAP PFN: 0000000000100000 - 0000000000460000
[    1.789747] After UC checking
[    1.792668] MTRR MAP PFN: 0000000000000000 - 00000000000ae000
[    1.798339] MTRR MAP PFN: 0000000000100000 - 0000000000450000
[    1.804010] After sorting
[    1.806587] MTRR MAP PFN: 0000000000000000 - 00000000000ae000
[    1.812258] MTRR MAP PFN: 0000000000100000 - 0000000000450000
[    1.817929]  gran_size: 64K 	chunk_size: 512M 	num_reg: 9  	lose cover RAM: 0G

[    1.826522] range0: 0000000000000000 - 00000000c0000000
[    1.831678] Setting variable MTRR 0, base: 0GB, range: 2GB, type WB
[    1.837864] Setting variable MTRR 1, base: 2GB, range: 1GB, type WB
[    1.844052] hole: 00000000ae000000 - 00000000c0000000
[    1.849035] Setting variable MTRR 2, base: 2784MB, range: 32MB, type UC
[    1.855565] Setting variable MTRR 3, base: 2816MB, range: 256MB, type UC
[    1.862183] range0: 0000000100000000 - 0000000480000000
[    1.867338] Setting variable MTRR 4, base: 4GB, range: 4GB, type WB
[    1.873525] Setting variable MTRR 5, base: 8GB, range: 8GB, type WB
[    1.879711] Setting variable MTRR 6, base: 16GB, range: 2GB, type WB
[    1.885985] hole: 0000000450000000 - 0000000480000000
[    1.890968] Setting variable MTRR 7, base: 17664MB, range: 256MB, type UC
[    1.897670] Setting variable MTRR 8, base: 17920MB, range: 512MB, type UC
[    1.904372] After WB checking
[    1.907294] MTRR MAP PFN: 0000000000000000 - 00000000000c0000
[    1.912965] MTRR MAP PFN: 0000000000100000 - 0000000000480000
[    1.918636] After UC checking
[    1.921557] MTRR MAP PFN: 0000000000000000 - 00000000000ae000
[    1.927228] MTRR MAP PFN: 0000000000100000 - 0000000000450000
[    1.932899] After sorting
[    1.935476] MTRR MAP PFN: 0000000000000000 - 00000000000ae000
[    1.941147] MTRR MAP PFN: 0000000000100000 - 0000000000450000
[    1.946820]  gran_size: 64K 	chunk_size: 1G 	num_reg: 9  	lose cover RAM: 0G

[    1.955239] range0: 0000000000000000 - 0000000100000000
[    1.960394] Setting variable MTRR 0, base: 0GB, range: 4GB, type WB
[    1.966580] hole: 00000000ae000000 - 0000000100000000
[    1.971564] Setting variable MTRR 1, base: 2784MB, range: 32MB, type UC
[    1.978094] Setting variable MTRR 2, base: 2816MB, range: 256MB, type UC
[    1.984710] Setting variable MTRR 3, base: 3GB, range: 1GB, type UC
[    1.990896] range0: 0000000100000000 - 0000000480000000
[    1.996051] Setting variable MTRR 4, base: 4GB, range: 4GB, type WB
[    2.002237] Setting variable MTRR 5, base: 8GB, range: 8GB, type WB
[    2.008423] Setting variable MTRR 6, base: 16GB, range: 2GB, type WB
[    2.014694] hole: 0000000450000000 - 0000000480000000
[    2.019677] Setting variable MTRR 7, base: 17664MB, range: 256MB, type UC
[    2.026378] Setting variable MTRR 8, base: 17920MB, range: 512MB, type UC
[    2.033078] After WB checking
[    2.036000] MTRR MAP PFN: 0000000000000000 - 0000000000480000
[    2.041672] After UC checking
[    2.044591] MTRR MAP PFN: 0000000000000000 - 00000000000ae000
[    2.050261] MTRR MAP PFN: 0000000000100000 - 0000000000450000
[    2.055931] After sorting
[    2.058508] MTRR MAP PFN: 0000000000000000 - 00000000000ae000
[    2.064178] MTRR MAP PFN: 0000000000100000 - 0000000000450000
[    2.069849]  gran_size: 64K 	chunk_size: 2G 	num_reg: 9  	lose cover RAM: 0G

[    2.078268] rangeX: 0000000000000000 - 00000000ae000000
[    2.083422] Setting variable MTRR 0, base: 0GB, range: 2GB, type WB
[    2.089608] Setting variable MTRR 1, base: 2GB, range: 512MB, type WB
[    2.095965] Setting variable MTRR 2, base: 2560MB, range: 128MB, type WB
[    2.102581] Setting variable MTRR 3, base: 2688MB, range: 64MB, type WB
[    2.109109] Setting variable MTRR 4, base: 2752MB, range: 32MB, type WB
[    2.115640] rangeX: 0000000100000000 - 0000000450000000
[    2.120795] Setting variable MTRR 5, base: 4GB, range: 4GB, type WB
[    2.126982] Setting variable MTRR 6, base: 8GB, range: 8GB, type WB
[    2.133168] Setting variable MTRR 7, base: 16GB, range: 1GB, type WB
[    2.139441] Setting variable MTRR 8, base: 17GB, range: 256MB, type WB
[    2.145884] After WB checking
[    2.148805] MTRR MAP PFN: 0000000000000000 - 00000000000ae000
[    2.154476] MTRR MAP PFN: 0000000000100000 - 0000000000450000
[    2.160147] After UC checking
[    2.163068] MTRR MAP PFN: 0000000000000000 - 00000000000ae000
[    2.168739] MTRR MAP PFN: 0000000000100000 - 0000000000450000
[    2.174409] After sorting
[    2.176986] MTRR MAP PFN: 0000000000000000 - 00000000000ae000
[    2.182657] MTRR MAP PFN: 0000000000100000 - 0000000000450000
[    2.188327]  gran_size: 128K 	chunk_size: 128K 	num_reg: 9  	lose cover RAM: 0G

[    2.197003] rangeX: 0000000000000000 - 00000000ae000000
[    2.202158] Setting variable MTRR 0, base: 0GB, range: 2GB, type WB
[    2.208342] Setting variable MTRR 1, base: 2GB, range: 512MB, type WB
[    2.214699] Setting variable MTRR 2, base: 2560MB, range: 128MB, type WB
[    2.221315] Setting variable MTRR 3, base: 2688MB, range: 64MB, type WB
[    2.227845] Setting variable MTRR 4, base: 2752MB, range: 32MB, type WB
[    2.234373] rangeX: 0000000100000000 - 0000000450000000
[    2.239528] Setting variable MTRR 5, base: 4GB, range: 4GB, type WB
[    2.245714] Setting variable MTRR 6, base: 8GB, range: 8GB, type WB
[    2.251901] Setting variable MTRR 7, base: 16GB, range: 1GB, type WB
[    2.258173] Setting variable MTRR 8, base: 17GB, range: 256MB, type WB
[    2.264617] After WB checking
[    2.267537] MTRR MAP PFN: 0000000000000000 - 00000000000ae000
[    2.273207] MTRR MAP PFN: 0000000000100000 - 0000000000450000
[    2.278877] After UC checking
[    2.281798] MTRR MAP PFN: 0000000000000000 - 00000000000ae000
[    2.287470] MTRR MAP PFN: 0000000000100000 - 0000000000450000
[    2.293140] After sorting
[    2.295716] MTRR MAP PFN: 0000000000000000 - 00000000000ae000
[    2.301387] MTRR MAP PFN: 0000000000100000 - 0000000000450000
[    2.307058]  gran_size: 128K 	chunk_size: 256K 	num_reg: 9  	lose cover RAM: 0G

[    2.315734] rangeX: 0000000000000000 - 00000000ae000000
[    2.320889] Setting variable MTRR 0, base: 0GB, range: 2GB, type WB
[    2.327075] Setting variable MTRR 1, base: 2GB, range: 512MB, type WB
[    2.333431] Setting variable MTRR 2, base: 2560MB, range: 128MB, type WB
[    2.340047] Setting variable MTRR 3, base: 2688MB, range: 64MB, type WB
[    2.346574] Setting variable MTRR 4, base: 2752MB, range: 32MB, type WB
[    2.353104] rangeX: 0000000100000000 - 0000000450000000
[    2.358258] Setting variable MTRR 5, base: 4GB, range: 4GB, type WB
[    2.364443] Setting variable MTRR 6, base: 8GB, range: 8GB, type WB
[    2.370628] Setting variable MTRR 7, base: 16GB, range: 1GB, type WB
[    2.376900] Setting variable MTRR 8, base: 17GB, range: 256MB, type WB
[    2.383343] After WB checking
[    2.386264] MTRR MAP PFN: 0000000000000000 - 00000000000ae000
[    2.391934] MTRR MAP PFN: 0000000000100000 - 0000000000450000
[    2.397604] After UC checking
[    2.400525] MTRR MAP PFN: 0000000000000000 - 00000000000ae000
[    2.406195] MTRR MAP PFN: 0000000000100000 - 0000000000450000
[    2.411865] After sorting
[    2.414442] MTRR MAP PFN: 0000000000000000 - 00000000000ae000
[    2.420112] MTRR MAP PFN: 0000000000100000 - 0000000000450000
[    2.425783]  gran_size: 128K 	chunk_size: 512K 	num_reg: 9  	lose cover RAM: 0G

[    2.434458] rangeX: 0000000000000000 - 00000000ae000000
[    2.439613] Setting variable MTRR 0, base: 0GB, range: 2GB, type WB
[    2.445797] Setting variable MTRR 1, base: 2GB, range: 512MB, type WB
[    2.452154] Setting variable MTRR 2, base: 2560MB, range: 128MB, type WB
[    2.458769] Setting variable MTRR 3, base: 2688MB, range: 64MB, type WB
[    2.465298] Setting variable MTRR 4, base: 2752MB, range: 32MB, type WB
[    2.471828] rangeX: 0000000100000000 - 0000000450000000
[    2.476982] Setting variable MTRR 5, base: 4GB, range: 4GB, type WB
[    2.483168] Setting variable MTRR 6, base: 8GB, range: 8GB, type WB
[    2.489352] Setting variable MTRR 7, base: 16GB, range: 1GB, type WB
[    2.495623] Setting variable MTRR 8, base: 17GB, range: 256MB, type WB
[    2.502067] After WB checking
[    2.504987] MTRR MAP PFN: 0000000000000000 - 00000000000ae000
[    2.510656] MTRR MAP PFN: 0000000000100000 - 0000000000450000
[    2.516327] After UC checking
[    2.519247] MTRR MAP PFN: 0000000000000000 - 00000000000ae000
[    2.525022] MTRR MAP PFN: 0000000000100000 - 0000000000450000
[    2.530692] After sorting
[    2.533268] MTRR MAP PFN: 0000000000000000 - 00000000000ae000
[    2.538938] MTRR MAP PFN: 0000000000100000 - 0000000000450000
[    2.544607]  gran_size: 128K 	chunk_size: 1M 	num_reg: 9  	lose cover RAM: 0G

[    2.553112] rangeX: 0000000000000000 - 00000000ae000000
[    2.558265] Setting variable MTRR 0, base: 0GB, range: 2GB, type WB
[    2.564450] Setting variable MTRR 1, base: 2GB, range: 512MB, type WB
[    2.570808] Setting variable MTRR 2, base: 2560MB, range: 128MB, type WB
[    2.577424] Setting variable MTRR 3, base: 2688MB, range: 64MB, type WB
[    2.583952] Setting variable MTRR 4, base: 2752MB, range: 32MB, type WB
[    2.590482] rangeX: 0000000100000000 - 0000000450000000
[    2.595637] Setting variable MTRR 5, base: 4GB, range: 4GB, type WB
[    2.601824] Setting variable MTRR 6, base: 8GB, range: 8GB, type WB
[    2.608009] Setting variable MTRR 7, base: 16GB, range: 1GB, type WB
[    2.614281] Setting variable MTRR 8, base: 17GB, range: 256MB, type WB
[    2.620725] After WB checking
[    2.623646] MTRR MAP PFN: 0000000000000000 - 00000000000ae000
[    2.629318] MTRR MAP PFN: 0000000000100000 - 0000000000450000
[    2.634987] After UC checking
[    2.637909] MTRR MAP PFN: 0000000000000000 - 00000000000ae000
[    2.643578] MTRR MAP PFN: 0000000000100000 - 0000000000450000
[    2.649251] After sorting
[    2.651827] MTRR MAP PFN: 0000000000000000 - 00000000000ae000
[    2.657498] MTRR MAP PFN: 0000000000100000 - 0000000000450000
[    2.663168]  gran_size: 128K 	chunk_size: 2M 	num_reg: 9  	lose cover RAM: 0G

[    2.671674] rangeX: 0000000000000000 - 00000000ae000000
[    2.676828] Setting variable MTRR 0, base: 0GB, range: 2GB, type WB
[    2.683014] Setting variable MTRR 1, base: 2GB, range: 512MB, type WB
[    2.689374] Setting variable MTRR 2, base: 2560MB, range: 128MB, type WB
[    2.695990] Setting variable MTRR 3, base: 2688MB, range: 64MB, type WB
[    2.702520] Setting variable MTRR 4, base: 2752MB, range: 32MB, type WB
[    2.709050] rangeX: 0000000100000000 - 0000000450000000
[    2.714205] Setting variable MTRR 5, base: 4GB, range: 4GB, type WB
[    2.720391] Setting variable MTRR 6, base: 8GB, range: 8GB, type WB
[    2.726578] Setting variable MTRR 7, base: 16GB, range: 1GB, type WB
[    2.732851] Setting variable MTRR 8, base: 17GB, range: 256MB, type WB
[    2.739295] After WB checking
[    2.742217] MTRR MAP PFN: 0000000000000000 - 00000000000ae000
[    2.747888] MTRR MAP PFN: 0000000000100000 - 0000000000450000
[    2.753558] After UC checking
[    2.756481] MTRR MAP PFN: 0000000000000000 - 00000000000ae000
[    2.762152] MTRR MAP PFN: 0000000000100000 - 0000000000450000
[    2.767823] After sorting
[    2.770401] MTRR MAP PFN: 0000000000000000 - 00000000000ae000
[    2.776071] MTRR MAP PFN: 0000000000100000 - 0000000000450000
[    2.781742]  gran_size: 128K 	chunk_size: 4M 	num_reg: 9  	lose cover RAM: 0G

[    2.790250] rangeX: 0000000000000000 - 00000000ae000000
[    2.795404] Setting variable MTRR 0, base: 0GB, range: 2GB, type WB
[    2.801592] Setting variable MTRR 1, base: 2GB, range: 512MB, type WB
[    2.807950] Setting variable MTRR 2, base: 2560MB, range: 128MB, type WB
[    2.814566] Setting variable MTRR 3, base: 2688MB, range: 64MB, type WB
[    2.821096] Setting variable MTRR 4, base: 2752MB, range: 32MB, type WB
[    2.827626] rangeX: 0000000100000000 - 0000000450000000
[    2.832781] Setting variable MTRR 5, base: 4GB, range: 4GB, type WB
[    2.838969] Setting variable MTRR 6, base: 8GB, range: 8GB, type WB
[    2.845154] Setting variable MTRR 7, base: 16GB, range: 1GB, type WB
[    2.851427] Setting variable MTRR 8, base: 17GB, range: 256MB, type WB
[    2.857871] After WB checking
[    2.860792] MTRR MAP PFN: 0000000000000000 - 00000000000ae000
[    2.866462] MTRR MAP PFN: 0000000000100000 - 0000000000450000
[    2.872133] After UC checking
[    2.875053] MTRR MAP PFN: 0000000000000000 - 00000000000ae000
[    2.880723] MTRR MAP PFN: 0000000000100000 - 0000000000450000
[    2.886394] After sorting
[    2.888971] MTRR MAP PFN: 0000000000000000 - 00000000000ae000
[    2.894642] MTRR MAP PFN: 0000000000100000 - 0000000000450000
[    2.900312]  gran_size: 128K 	chunk_size: 8M 	num_reg: 9  	lose cover RAM: 0G

[    2.908816] rangeX: 0000000000000000 - 00000000ae000000
[    2.913972] Setting variable MTRR 0, base: 0GB, range: 2GB, type WB
[    2.920157] Setting variable MTRR 1, base: 2GB, range: 512MB, type WB
[    2.926515] Setting variable MTRR 2, base: 2560MB, range: 128MB, type WB
[    2.933131] Setting variable MTRR 3, base: 2688MB, range: 64MB, type WB
[    2.939660] Setting variable MTRR 4, base: 2752MB, range: 32MB, type WB
[    2.946189] rangeX: 0000000100000000 - 0000000450000000
[    2.951344] Setting variable MTRR 5, base: 4GB, range: 4GB, type WB
[    2.957530] Setting variable MTRR 6, base: 8GB, range: 8GB, type WB
[    2.963717] Setting variable MTRR 7, base: 16GB, range: 1GB, type WB
[    2.969988] Setting variable MTRR 8, base: 17GB, range: 256MB, type WB
[    2.976433] After WB checking
[    2.979354] MTRR MAP PFN: 0000000000000000 - 00000000000ae000
[    2.985025] MTRR MAP PFN: 0000000000100000 - 0000000000450000
[    2.990695] After UC checking
[    2.993617] MTRR MAP PFN: 0000000000000000 - 00000000000ae000
[    2.999289] MTRR MAP PFN: 0000000000100000 - 0000000000450000
[    3.004960] After sorting
[    3.007536] MTRR MAP PFN: 0000000000000000 - 00000000000ae000
[    3.013206] MTRR MAP PFN: 0000000000100000 - 0000000000450000
[    3.018877]  gran_size: 128K 	chunk_size: 16M 	num_reg: 9  	lose cover RAM: 0G

[    3.027470] rangeX: 0000000000000000 - 00000000ae000000
[    3.032624] Setting variable MTRR 0, base: 0GB, range: 2GB, type WB
[    3.038811] Setting variable MTRR 1, base: 2GB, range: 512MB, type WB
[    3.045169] Setting variable MTRR 2, base: 2560MB, range: 128MB, type WB
[    3.051786] Setting variable MTRR 3, base: 2688MB, range: 64MB, type WB
[    3.058316] Setting variable MTRR 4, base: 2752MB, range: 32MB, type WB
[    3.064846] rangeX: 0000000100000000 - 0000000450000000
[    3.070001] Setting variable MTRR 5, base: 4GB, range: 4GB, type WB
[    3.076188] Setting variable MTRR 6, base: 8GB, range: 8GB, type WB
[    3.082375] Setting variable MTRR 7, base: 16GB, range: 1GB, type WB
[    3.088646] Setting variable MTRR 8, base: 17GB, range: 256MB, type WB
[    3.095090] After WB checking
[    3.098011] MTRR MAP PFN: 0000000000000000 - 00000000000ae000
[    3.103681] MTRR MAP PFN: 0000000000100000 - 0000000000450000
[    3.109352] After UC checking
[    3.112274] MTRR MAP PFN: 0000000000000000 - 00000000000ae000
[    3.117944] MTRR MAP PFN: 0000000000100000 - 0000000000450000
[    3.123615] After sorting
[    3.126193] MTRR MAP PFN: 0000000000000000 - 00000000000ae000
[    3.131864] MTRR MAP PFN: 0000000000100000 - 0000000000450000
[    3.137534]  gran_size: 128K 	chunk_size: 32M 	num_reg: 9  	lose cover RAM: 0G

[    3.146126] range0: 0000000000000000 - 00000000b0000000
[    3.151280] Setting variable MTRR 0, base: 0GB, range: 2GB, type WB
[    3.157467] Setting variable MTRR 1, base: 2GB, range: 512MB, type WB
[    3.163823] Setting variable MTRR 2, base: 2560MB, range: 256MB, type WB
[    3.170439] hole: 00000000ae000000 - 00000000b0000000
[    3.175422] Setting variable MTRR 3, base: 2784MB, range: 32MB, type UC
[    3.181950] rangeX: 0000000100000000 - 0000000450000000
[    3.187105] Setting variable MTRR 4, base: 4GB, range: 4GB, type WB
[    3.193291] Setting variable MTRR 5, base: 8GB, range: 8GB, type WB
[    3.199476] Setting variable MTRR 6, base: 16GB, range: 1GB, type WB
[    3.205748] Setting variable MTRR 7, base: 17GB, range: 256MB, type WB
[    3.212191] After WB checking
[    3.215112] MTRR MAP PFN: 0000000000000000 - 00000000000b0000
[    3.220782] MTRR MAP PFN: 0000000000100000 - 0000000000450000
[    3.226451] After UC checking
[    3.229372] MTRR MAP PFN: 0000000000000000 - 00000000000ae000
[    3.235042] MTRR MAP PFN: 0000000000100000 - 0000000000450000
[    3.240714] After sorting
[    3.243291] MTRR MAP PFN: 0000000000000000 - 00000000000ae000
[    3.248961] MTRR MAP PFN: 0000000000100000 - 0000000000450000
[    3.254633]  gran_size: 128K 	chunk_size: 64M 	num_reg: 8  	lose cover RAM: 0G

[    3.263224] range0: 0000000000000000 - 00000000b0000000
[    3.268379] Setting variable MTRR 0, base: 0GB, range: 2GB, type WB
[    3.274565] Setting variable MTRR 1, base: 2GB, range: 512MB, type WB
[    3.280925] Setting variable MTRR 2, base: 2560MB, range: 256MB, type WB
[    3.287541] hole: 00000000ae000000 - 00000000b0000000
[    3.292524] Setting variable MTRR 3, base: 2784MB, range: 32MB, type UC
[    3.299054] rangeX: 0000000100000000 - 0000000450000000
[    3.304209] Setting variable MTRR 4, base: 4GB, range: 4GB, type WB
[    3.310395] Setting variable MTRR 5, base: 8GB, range: 8GB, type WB
[    3.316581] Setting variable MTRR 6, base: 16GB, range: 1GB, type WB
[    3.322853] Setting variable MTRR 7, base: 17GB, range: 256MB, type WB
[    3.329298] After WB checking
[    3.332219] MTRR MAP PFN: 0000000000000000 - 00000000000b0000
[    3.337889] MTRR MAP PFN: 0000000000100000 - 0000000000450000
[    3.343561] After UC checking
[    3.346481] MTRR MAP PFN: 0000000000000000 - 00000000000ae000
[    3.352152] MTRR MAP PFN: 0000000000100000 - 0000000000450000
[    3.357824] After sorting
[    3.360401] MTRR MAP PFN: 0000000000000000 - 00000000000ae000
[    3.366071] MTRR MAP PFN: 0000000000100000 - 0000000000450000
[    3.371742]  gran_size: 128K 	chunk_size: 128M 	num_reg: 8  	lose cover RAM: 0G

[    3.380419] range0: 0000000000000000 - 00000000b0000000
[    3.385575] Setting variable MTRR 0, base: 0GB, range: 2GB, type WB
[    3.391762] Setting variable MTRR 1, base: 2GB, range: 512MB, type WB
[    3.398120] Setting variable MTRR 2, base: 2560MB, range: 256MB, type WB
[    3.404736] hole: 00000000ae000000 - 00000000b0000000
[    3.409719] Setting variable MTRR 3, base: 2784MB, range: 32MB, type UC
[    3.416250] rangeX: 0000000100000000 - 0000000450000000
[    3.421405] Setting variable MTRR 4, base: 4GB, range: 4GB, type WB
[    3.427591] Setting variable MTRR 5, base: 8GB, range: 8GB, type WB
[    3.433778] Setting variable MTRR 6, base: 16GB, range: 1GB, type WB
[    3.440050] Setting variable MTRR 7, base: 17GB, range: 256MB, type WB
[    3.446493] After WB checking
[    3.449414] MTRR MAP PFN: 0000000000000000 - 00000000000b0000
[    3.455084] MTRR MAP PFN: 0000000000100000 - 0000000000450000
[    3.460756] After UC checking
[    3.463676] MTRR MAP PFN: 0000000000000000 - 00000000000ae000
[    3.469348] MTRR MAP PFN: 0000000000100000 - 0000000000450000
[    3.475019] After sorting
[    3.477595] MTRR MAP PFN: 0000000000000000 - 00000000000ae000
[    3.483266] MTRR MAP PFN: 0000000000100000 - 0000000000450000
[    3.488937]  gran_size: 128K 	chunk_size: 256M 	num_reg: 8  	lose cover RAM: 0G

[    3.497614] range0: 0000000000000000 - 00000000c0000000
[    3.502768] Setting variable MTRR 0, base: 0GB, range: 2GB, type WB
[    3.508955] Setting variable MTRR 1, base: 2GB, range: 1GB, type WB
[    3.515139] hole: 00000000ae000000 - 00000000c0000000
[    3.520122] Setting variable MTRR 2, base: 2784MB, range: 32MB, type UC
[    3.526652] Setting variable MTRR 3, base: 2816MB, range: 256MB, type UC
[    3.533267] range0: 0000000100000000 - 0000000460000000
[    3.538422] Setting variable MTRR 4, base: 4GB, range: 4GB, type WB
[    3.544609] Setting variable MTRR 5, base: 8GB, range: 8GB, type WB
[    3.550875] Setting variable MTRR 6, base: 16GB, range: 1GB, type WB
[    3.557146] Setting variable MTRR 7, base: 17GB, range: 512MB, type WB
[    3.563588] hole: 0000000450000000 - 0000000460000000
[    3.568571] Setting variable MTRR 8, base: 17664MB, range: 256MB, type UC
[    3.575273] After WB checking
[    3.578193] MTRR MAP PFN: 0000000000000000 - 00000000000c0000
[    3.583864] MTRR MAP PFN: 0000000000100000 - 0000000000460000
[    3.589535] After UC checking
[    3.592455] MTRR MAP PFN: 0000000000000000 - 00000000000ae000
[    3.598126] MTRR MAP PFN: 0000000000100000 - 0000000000450000
[    3.603797] After sorting
[    3.606374] MTRR MAP PFN: 0000000000000000 - 00000000000ae000
[    3.612045] MTRR MAP PFN: 0000000000100000 - 0000000000450000
[    3.617716]  gran_size: 128K 	chunk_size: 512M 	num_reg: 9  	lose cover RAM: 0G

[    3.626392] range0: 0000000000000000 - 00000000c0000000
[    3.631546] Setting variable MTRR 0, base: 0GB, range: 2GB, type WB
[    3.637732] Setting variable MTRR 1, base: 2GB, range: 1GB, type WB
[    3.643917] hole: 00000000ae000000 - 00000000c0000000
[    3.648900] Setting variable MTRR 2, base: 2784MB, range: 32MB, type UC
[    3.655430] Setting variable MTRR 3, base: 2816MB, range: 256MB, type UC
[    3.662045] range0: 0000000100000000 - 0000000480000000
[    3.667201] Setting variable MTRR 4, base: 4GB, range: 4GB, type WB
[    3.673387] Setting variable MTRR 5, base: 8GB, range: 8GB, type WB
[    3.679573] Setting variable MTRR 6, base: 16GB, range: 2GB, type WB
[    3.685842] hole: 0000000450000000 - 0000000480000000
[    3.690826] Setting variable MTRR 7, base: 17664MB, range: 256MB, type UC
[    3.697527] Setting variable MTRR 8, base: 17920MB, range: 512MB, type UC
[    3.704228] After WB checking
[    3.707149] MTRR MAP PFN: 0000000000000000 - 00000000000c0000
[    3.712819] MTRR MAP PFN: 0000000000100000 - 0000000000480000
[    3.718490] After UC checking
[    3.721409] MTRR MAP PFN: 0000000000000000 - 00000000000ae000
[    3.727080] MTRR MAP PFN: 0000000000100000 - 0000000000450000
[    3.732750] After sorting
[    3.735327] MTRR MAP PFN: 0000000000000000 - 00000000000ae000
[    3.740997] MTRR MAP PFN: 0000000000100000 - 0000000000450000
[    3.746667]  gran_size: 128K 	chunk_size: 1G 	num_reg: 9  	lose cover RAM: 0G

[    3.755173] range0: 0000000000000000 - 0000000100000000
[    3.760328] Setting variable MTRR 0, base: 0GB, range: 4GB, type WB
[    3.766513] hole: 00000000ae000000 - 0000000100000000
[    3.771497] Setting variable MTRR 1, base: 2784MB, range: 32MB, type UC
[    3.778026] Setting variable MTRR 2, base: 2816MB, range: 256MB, type UC
[    3.784642] Setting variable MTRR 3, base: 3GB, range: 1GB, type UC
[    3.790827] range0: 0000000100000000 - 0000000480000000
[    3.795982] Setting variable MTRR 4, base: 4GB, range: 4GB, type WB
[    3.802168] Setting variable MTRR 5, base: 8GB, range: 8GB, type WB
[    3.808354] Setting variable MTRR 6, base: 16GB, range: 2GB, type WB
[    3.814625] hole: 0000000450000000 - 0000000480000000
[    3.819608] Setting variable MTRR 7, base: 17664MB, range: 256MB, type UC
[    3.826310] Setting variable MTRR 8, base: 17920MB, range: 512MB, type UC
[    3.833012] After WB checking
[    3.835933] MTRR MAP PFN: 0000000000000000 - 0000000000480000
[    3.841604] After UC checking
[    3.844525] MTRR MAP PFN: 0000000000000000 - 00000000000ae000
[    3.850195] MTRR MAP PFN: 0000000000100000 - 0000000000450000
[    3.855865] After sorting
[    3.858443] MTRR MAP PFN: 0000000000000000 - 00000000000ae000
[    3.864113] MTRR MAP PFN: 0000000000100000 - 0000000000450000
[    3.869784]  gran_size: 128K 	chunk_size: 2G 	num_reg: 9  	lose cover RAM: 0G

[    3.878289] rangeX: 0000000000000000 - 00000000ae000000
[    3.883444] Setting variable MTRR 0, base: 0GB, range: 2GB, type WB
[    3.889630] Setting variable MTRR 1, base: 2GB, range: 512MB, type WB
[    3.895988] Setting variable MTRR 2, base: 2560MB, range: 128MB, type WB
[    3.902603] Setting variable MTRR 3, base: 2688MB, range: 64MB, type WB
[    3.909131] Setting variable MTRR 4, base: 2752MB, range: 32MB, type WB
[    3.915660] rangeX: 0000000100000000 - 0000000450000000
[    3.920814] Setting variable MTRR 5, base: 4GB, range: 4GB, type WB
[    3.927000] Setting variable MTRR 6, base: 8GB, range: 8GB, type WB
[    3.933187] Setting variable MTRR 7, base: 16GB, range: 1GB, type WB
[    3.939457] Setting variable MTRR 8, base: 17GB, range: 256MB, type WB
[    3.945902] After WB checking
[    3.948823] MTRR MAP PFN: 0000000000000000 - 00000000000ae000
[    3.954492] MTRR MAP PFN: 0000000000100000 - 0000000000450000
[    3.960164] After UC checking
[    3.963085] MTRR MAP PFN: 0000000000000000 - 00000000000ae000
[    3.968754] MTRR MAP PFN: 0000000000100000 - 0000000000450000
[    3.974425] After sorting
[    3.977001] MTRR MAP PFN: 0000000000000000 - 00000000000ae000
[    3.982672] MTRR MAP PFN: 0000000000100000 - 0000000000450000
[    3.988341]  gran_size: 256K 	chunk_size: 256K 	num_reg: 9  	lose cover RAM: 0G

[    3.997018] rangeX: 0000000000000000 - 00000000ae000000
[    4.002173] Setting variable MTRR 0, base: 0GB, range: 2GB, type WB
[    4.008357] Setting variable MTRR 1, base: 2GB, range: 512MB, type WB
[    4.014715] Setting variable MTRR 2, base: 2560MB, range: 128MB, type WB
[    4.021329] Setting variable MTRR 3, base: 2688MB, range: 64MB, type WB
[    4.027860] Setting variable MTRR 4, base: 2752MB, range: 32MB, type WB
[    4.034388] rangeX: 0000000100000000 - 0000000450000000
[    4.039542] Setting variable MTRR 5, base: 4GB, range: 4GB, type WB
[    4.045728] Setting variable MTRR 6, base: 8GB, range: 8GB, type WB
[    4.051913] Setting variable MTRR 7, base: 16GB, range: 1GB, type WB
[    4.058184] Setting variable MTRR 8, base: 17GB, range: 256MB, type WB
[    4.064626] After WB checking
[    4.067547] MTRR MAP PFN: 0000000000000000 - 00000000000ae000
[    4.073217] MTRR MAP PFN: 0000000000100000 - 0000000000450000
[    4.078887] After UC checking
[    4.081808] MTRR MAP PFN: 0000000000000000 - 00000000000ae000
[    4.087477] MTRR MAP PFN: 0000000000100000 - 0000000000450000
[    4.093149] After sorting
[    4.095725] MTRR MAP PFN: 0000000000000000 - 00000000000ae000
[    4.101396] MTRR MAP PFN: 0000000000100000 - 0000000000450000
[    4.107066]  gran_size: 256K 	chunk_size: 512K 	num_reg: 9  	lose cover RAM: 0G

[    4.115742] rangeX: 0000000000000000 - 00000000ae000000
[    4.120898] Setting variable MTRR 0, base: 0GB, range: 2GB, type WB
[    4.127085] Setting variable MTRR 1, base: 2GB, range: 512MB, type WB
[    4.133443] Setting variable MTRR 2, base: 2560MB, range: 128MB, type WB
[    4.140059] Setting variable MTRR 3, base: 2688MB, range: 64MB, type WB
[    4.146589] Setting variable MTRR 4, base: 2752MB, range: 32MB, type WB
[    4.153119] rangeX: 0000000100000000 - 0000000450000000
[    4.158273] Setting variable MTRR 5, base: 4GB, range: 4GB, type WB
[    4.164460] Setting variable MTRR 6, base: 8GB, range: 8GB, type WB
[    4.170645] Setting variable MTRR 7, base: 16GB, range: 1GB, type WB
[    4.176916] Setting variable MTRR 8, base: 17GB, range: 256MB, type WB
[    4.183361] After WB checking
[    4.186281] MTRR MAP PFN: 0000000000000000 - 00000000000ae000
[    4.191951] MTRR MAP PFN: 0000000000100000 - 0000000000450000
[    4.197621] After UC checking
[    4.200543] MTRR MAP PFN: 0000000000000000 - 00000000000ae000
[    4.206212] MTRR MAP PFN: 0000000000100000 - 0000000000450000
[    4.211883] After sorting
[    4.214460] MTRR MAP PFN: 0000000000000000 - 00000000000ae000
[    4.220131] MTRR MAP PFN: 0000000000100000 - 0000000000450000
[    4.225802]  gran_size: 256K 	chunk_size: 1M 	num_reg: 9  	lose cover RAM: 0G

[    4.234307] rangeX: 0000000000000000 - 00000000ae000000
[    4.239462] Setting variable MTRR 0, base: 0GB, range: 2GB, type WB
[    4.245648] Setting variable MTRR 1, base: 2GB, range: 512MB, type WB
[    4.252004] Setting variable MTRR 2, base: 2560MB, range: 128MB, type WB
[    4.258620] Setting variable MTRR 3, base: 2688MB, range: 64MB, type WB
[    4.265149] Setting variable MTRR 4, base: 2752MB, range: 32MB, type WB
[    4.271679] rangeX: 0000000100000000 - 0000000450000000
[    4.276834] Setting variable MTRR 5, base: 4GB, range: 4GB, type WB
[    4.283020] Setting variable MTRR 6, base: 8GB, range: 8GB, type WB
[    4.289205] Setting variable MTRR 7, base: 16GB, range: 1GB, type WB
[    4.295477] Setting variable MTRR 8, base: 17GB, range: 256MB, type WB
[    4.301918] After WB checking
[    4.304839] MTRR MAP PFN: 0000000000000000 - 00000000000ae000
[    4.310509] MTRR MAP PFN: 0000000000100000 - 0000000000450000
[    4.316179] After UC checking
[    4.319100] MTRR MAP PFN: 0000000000000000 - 00000000000ae000
[    4.324771] MTRR MAP PFN: 0000000000100000 - 0000000000450000
[    4.330441] After sorting
[    4.333018] MTRR MAP PFN: 0000000000000000 - 00000000000ae000
[    4.338688] MTRR MAP PFN: 0000000000100000 - 0000000000450000
[    4.344361]  gran_size: 256K 	chunk_size: 2M 	num_reg: 9  	lose cover RAM: 0G

[    4.352866] rangeX: 0000000000000000 - 00000000ae000000
[    4.358021] Setting variable MTRR 0, base: 0GB, range: 2GB, type WB
[    4.364207] Setting variable MTRR 1, base: 2GB, range: 512MB, type WB
[    4.370566] Setting variable MTRR 2, base: 2560MB, range: 128MB, type WB
[    4.377180] Setting variable MTRR 3, base: 2688MB, range: 64MB, type WB
[    4.383712] Setting variable MTRR 4, base: 2752MB, range: 32MB, type WB
[    4.390242] rangeX: 0000000100000000 - 0000000450000000
[    4.395397] Setting variable MTRR 5, base: 4GB, range: 4GB, type WB
[    4.401584] Setting variable MTRR 6, base: 8GB, range: 8GB, type WB
[    4.407771] Setting variable MTRR 7, base: 16GB, range: 1GB, type WB
[    4.414043] Setting variable MTRR 8, base: 17GB, range: 256MB, type WB
[    4.420488] After WB checking
[    4.423408] MTRR MAP PFN: 0000000000000000 - 00000000000ae000
[    4.429079] MTRR MAP PFN: 0000000000100000 - 0000000000450000
[    4.434749] After UC checking
[    4.437670] MTRR MAP PFN: 0000000000000000 - 00000000000ae000
[    4.443342] MTRR MAP PFN: 0000000000100000 - 0000000000450000
[    4.449012] After sorting
[    4.451591] MTRR MAP PFN: 0000000000000000 - 00000000000ae000
[    4.457261] MTRR MAP PFN: 0000000000100000 - 0000000000450000
[    4.462932]  gran_size: 256K 	chunk_size: 4M 	num_reg: 9  	lose cover RAM: 0G

[    4.471436] rangeX: 0000000000000000 - 00000000ae000000
[    4.476591] Setting variable MTRR 0, base: 0GB, range: 2GB, type WB
[    4.482776] Setting variable MTRR 1, base: 2GB, range: 512MB, type WB
[    4.489133] Setting variable MTRR 2, base: 2560MB, range: 128MB, type WB
[    4.495749] Setting variable MTRR 3, base: 2688MB, range: 64MB, type WB
[    4.502278] Setting variable MTRR 4, base: 2752MB, range: 32MB, type WB
[    4.508807] rangeX: 0000000100000000 - 0000000450000000
[    4.513962] Setting variable MTRR 5, base: 4GB, range: 4GB, type WB
[    4.520148] Setting variable MTRR 6, base: 8GB, range: 8GB, type WB
[    4.526335] Setting variable MTRR 7, base: 16GB, range: 1GB, type WB
[    4.532606] Setting variable MTRR 8, base: 17GB, range: 256MB, type WB
[    4.539051] After WB checking
[    4.541973] MTRR MAP PFN: 0000000000000000 - 00000000000ae000
[    4.547644] MTRR MAP PFN: 0000000000100000 - 0000000000450000
[    4.553314] After UC checking
[    4.556235] MTRR MAP PFN: 0000000000000000 - 00000000000ae000
[    4.561905] MTRR MAP PFN: 0000000000100000 - 0000000000450000
[    4.567576] After sorting
[    4.570197] MTRR MAP PFN: 0000000000000000 - 00000000000ae000
[    4.575867] MTRR MAP PFN: 0000000000100000 - 0000000000450000
[    4.581538]  gran_size: 256K 	chunk_size: 8M 	num_reg: 9  	lose cover RAM: 0G

[    4.590043] rangeX: 0000000000000000 - 00000000ae000000
[    4.595197] Setting variable MTRR 0, base: 0GB, range: 2GB, type WB
[    4.601384] Setting variable MTRR 1, base: 2GB, range: 512MB, type WB
[    4.607741] Setting variable MTRR 2, base: 2560MB, range: 128MB, type WB
[    4.614358] Setting variable MTRR 3, base: 2688MB, range: 64MB, type WB
[    4.620887] Setting variable MTRR 4, base: 2752MB, range: 32MB, type WB
[    4.627418] rangeX: 0000000100000000 - 0000000450000000
[    4.632573] Setting variable MTRR 5, base: 4GB, range: 4GB, type WB
[    4.638759] Setting variable MTRR 6, base: 8GB, range: 8GB, type WB
[    4.644946] Setting variable MTRR 7, base: 16GB, range: 1GB, type WB
[    4.651219] Setting variable MTRR 8, base: 17GB, range: 256MB, type WB
[    4.657663] After WB checking
[    4.660583] MTRR MAP PFN: 0000000000000000 - 00000000000ae000
[    4.666254] MTRR MAP PFN: 0000000000100000 - 0000000000450000
[    4.671924] After UC checking
[    4.674846] MTRR MAP PFN: 0000000000000000 - 00000000000ae000
[    4.680518] MTRR MAP PFN: 0000000000100000 - 0000000000450000
[    4.686189] After sorting
[    4.688766] MTRR MAP PFN: 0000000000000000 - 00000000000ae000
[    4.694437] MTRR MAP PFN: 0000000000100000 - 0000000000450000
[    4.700109]  gran_size: 256K 	chunk_size: 16M 	num_reg: 9  	lose cover RAM: 0G

[    4.708701] rangeX: 0000000000000000 - 00000000ae000000
[    4.713857] Setting variable MTRR 0, base: 0GB, range: 2GB, type WB
[    4.720043] Setting variable MTRR 1, base: 2GB, range: 512MB, type WB
[    4.726400] Setting variable MTRR 2, base: 2560MB, range: 128MB, type WB
[    4.733016] Setting variable MTRR 3, base: 2688MB, range: 64MB, type WB
[    4.739546] Setting variable MTRR 4, base: 2752MB, range: 32MB, type WB
[    4.746076] rangeX: 0000000100000000 - 0000000450000000
[    4.751231] Setting variable MTRR 5, base: 4GB, range: 4GB, type WB
[    4.757417] Setting variable MTRR 6, base: 8GB, range: 8GB, type WB
[    4.763602] Setting variable MTRR 7, base: 16GB, range: 1GB, type WB
[    4.769872] Setting variable MTRR 8, base: 17GB, range: 256MB, type WB
[    4.776315] After WB checking
[    4.779236] MTRR MAP PFN: 0000000000000000 - 00000000000ae000
[    4.784906] MTRR MAP PFN: 0000000000100000 - 0000000000450000
[    4.790576] After UC checking
[    4.793497] MTRR MAP PFN: 0000000000000000 - 00000000000ae000
[    4.799169] MTRR MAP PFN: 0000000000100000 - 0000000000450000
[    4.804840] After sorting
[    4.807416] MTRR MAP PFN: 0000000000000000 - 00000000000ae000
[    4.813087] MTRR MAP PFN: 0000000000100000 - 0000000000450000
[    4.818758]  gran_size: 256K 	chunk_size: 32M 	num_reg: 9  	lose cover RAM: 0G

[    4.827348] range0: 0000000000000000 - 00000000b0000000
[    4.832502] Setting variable MTRR 0, base: 0GB, range: 2GB, type WB
[    4.838688] Setting variable MTRR 1, base: 2GB, range: 512MB, type WB
[    4.845045] Setting variable MTRR 2, base: 2560MB, range: 256MB, type WB
[    4.851659] hole: 00000000ae000000 - 00000000b0000000
[    4.856642] Setting variable MTRR 3, base: 2784MB, range: 32MB, type UC
[    4.863172] rangeX: 0000000100000000 - 0000000450000000
[    4.868327] Setting variable MTRR 4, base: 4GB, range: 4GB, type WB
[    4.874512] Setting variable MTRR 5, base: 8GB, range: 8GB, type WB
[    4.880698] Setting variable MTRR 6, base: 16GB, range: 1GB, type WB
[    4.886970] Setting variable MTRR 7, base: 17GB, range: 256MB, type WB
[    4.893414] After WB checking
[    4.896335] MTRR MAP PFN: 0000000000000000 - 00000000000b0000
[    4.902005] MTRR MAP PFN: 0000000000100000 - 0000000000450000
[    4.907675] After UC checking
[    4.910596] MTRR MAP PFN: 0000000000000000 - 00000000000ae000
[    4.916267] MTRR MAP PFN: 0000000000100000 - 0000000000450000
[    4.921936] After sorting
[    4.924514] MTRR MAP PFN: 0000000000000000 - 00000000000ae000
[    4.930185] MTRR MAP PFN: 0000000000100000 - 0000000000450000
[    4.935856]  gran_size: 256K 	chunk_size: 64M 	num_reg: 8  	lose cover RAM: 0G

[    4.944447] range0: 0000000000000000 - 00000000b0000000
[    4.949603] Setting variable MTRR 0, base: 0GB, range: 2GB, type WB
[    4.955789] Setting variable MTRR 1, base: 2GB, range: 512MB, type WB
[    4.962147] Setting variable MTRR 2, base: 2560MB, range: 256MB, type WB
[    4.968763] hole: 00000000ae000000 - 00000000b0000000
[    4.973746] Setting variable MTRR 3, base: 2784MB, range: 32MB, type UC
[    4.980276] rangeX: 0000000100000000 - 0000000450000000
[    4.985431] Setting variable MTRR 4, base: 4GB, range: 4GB, type WB
[    4.991617] Setting variable MTRR 5, base: 8GB, range: 8GB, type WB
[    4.997804] Setting variable MTRR 6, base: 16GB, range: 1GB, type WB
[    5.004074] Setting variable MTRR 7, base: 17GB, range: 256MB, type WB
[    5.010518] After WB checking
[    5.013439] MTRR MAP PFN: 0000000000000000 - 00000000000b0000
[    5.019110] MTRR MAP PFN: 0000000000100000 - 0000000000450000
[    5.024779] After UC checking
[    5.027700] MTRR MAP PFN: 0000000000000000 - 00000000000ae000
[    5.033370] MTRR MAP PFN: 0000000000100000 - 0000000000450000
[    5.039040] After sorting
[    5.041618] MTRR MAP PFN: 0000000000000000 - 00000000000ae000
[    5.047287] MTRR MAP PFN: 0000000000100000 - 0000000000450000
[    5.052958]  gran_size: 256K 	chunk_size: 128M 	num_reg: 8  	lose cover RAM: 0G

[    5.061635] range0: 0000000000000000 - 00000000b0000000
[    5.066790] Setting variable MTRR 0, base: 0GB, range: 2GB, type WB
[    5.072975] Setting variable MTRR 1, base: 2GB, range: 512MB, type WB
[    5.079333] Setting variable MTRR 2, base: 2560MB, range: 256MB, type WB
[    5.085950] hole: 00000000ae000000 - 00000000b0000000
[    5.090933] Setting variable MTRR 3, base: 2784MB, range: 32MB, type UC
[    5.097462] rangeX: 0000000100000000 - 0000000450000000
[    5.102616] Setting variable MTRR 4, base: 4GB, range: 4GB, type WB
[    5.108802] Setting variable MTRR 5, base: 8GB, range: 8GB, type WB
[    5.114988] Setting variable MTRR 6, base: 16GB, range: 1GB, type WB
[    5.121261] Setting variable MTRR 7, base: 17GB, range: 256MB, type WB
[    5.127705] After WB checking
[    5.130625] MTRR MAP PFN: 0000000000000000 - 00000000000b0000
[    5.136295] MTRR MAP PFN: 0000000000100000 - 0000000000450000
[    5.141967] After UC checking
[    5.144886] MTRR MAP PFN: 0000000000000000 - 00000000000ae000
[    5.150558] MTRR MAP PFN: 0000000000100000 - 0000000000450000
[    5.156227] After sorting
[    5.158806] MTRR MAP PFN: 0000000000000000 - 00000000000ae000
[    5.164475] MTRR MAP PFN: 0000000000100000 - 0000000000450000
[    5.170146]  gran_size: 256K 	chunk_size: 256M 	num_reg: 8  	lose cover RAM: 0G

[    5.178825] range0: 0000000000000000 - 00000000c0000000
[    5.183981] Setting variable MTRR 0, base: 0GB, range: 2GB, type WB
[    5.190167] Setting variable MTRR 1, base: 2GB, range: 1GB, type WB
[    5.196352] hole: 00000000ae000000 - 00000000c0000000
[    5.201336] Setting variable MTRR 2, base: 2784MB, range: 32MB, type UC
[    5.207865] Setting variable MTRR 3, base: 2816MB, range: 256MB, type UC
[    5.214479] range0: 0000000100000000 - 0000000460000000
[    5.219634] Setting variable MTRR 4, base: 4GB, range: 4GB, type WB
[    5.225819] Setting variable MTRR 5, base: 8GB, range: 8GB, type WB
[    5.232005] Setting variable MTRR 6, base: 16GB, range: 1GB, type WB
[    5.238277] Setting variable MTRR 7, base: 17GB, range: 512MB, type WB
[    5.244720] hole: 0000000450000000 - 0000000460000000
[    5.249703] Setting variable MTRR 8, base: 17664MB, range: 256MB, type UC
[    5.256405] After WB checking
[    5.259326] MTRR MAP PFN: 0000000000000000 - 00000000000c0000
[    5.264995] MTRR MAP PFN: 0000000000100000 - 0000000000460000
[    5.270667] After UC checking
[    5.273586] MTRR MAP PFN: 0000000000000000 - 00000000000ae000
[    5.279256] MTRR MAP PFN: 0000000000100000 - 0000000000450000
[    5.284926] After sorting
[    5.287505] MTRR MAP PFN: 0000000000000000 - 00000000000ae000
[    5.293175] MTRR MAP PFN: 0000000000100000 - 0000000000450000
[    5.298846]  gran_size: 256K 	chunk_size: 512M 	num_reg: 9  	lose cover RAM: 0G

[    5.307523] range0: 0000000000000000 - 00000000c0000000
[    5.312678] Setting variable MTRR 0, base: 0GB, range: 2GB, type WB
[    5.318864] Setting variable MTRR 1, base: 2GB, range: 1GB, type WB
[    5.325050] hole: 00000000ae000000 - 00000000c0000000
[    5.330033] Setting variable MTRR 2, base: 2784MB, range: 32MB, type UC
[    5.336564] Setting variable MTRR 3, base: 2816MB, range: 256MB, type UC
[    5.343179] range0: 0000000100000000 - 0000000480000000
[    5.348334] Setting variable MTRR 4, base: 4GB, range: 4GB, type WB
[    5.354520] Setting variable MTRR 5, base: 8GB, range: 8GB, type WB
[    5.360706] Setting variable MTRR 6, base: 16GB, range: 2GB, type WB
[    5.366978] hole: 0000000450000000 - 0000000480000000
[    5.371961] Setting variable MTRR 7, base: 17664MB, range: 256MB, type UC
[    5.378662] Setting variable MTRR 8, base: 17920MB, range: 512MB, type UC
[    5.385364] After WB checking
[    5.388284] MTRR MAP PFN: 0000000000000000 - 00000000000c0000
[    5.393955] MTRR MAP PFN: 0000000000100000 - 0000000000480000
[    5.399626] After UC checking
[    5.402545] MTRR MAP PFN: 0000000000000000 - 00000000000ae000
[    5.408216] MTRR MAP PFN: 0000000000100000 - 0000000000450000
[    5.413887] After sorting
[    5.416463] MTRR MAP PFN: 0000000000000000 - 00000000000ae000
[    5.422134] MTRR MAP PFN: 0000000000100000 - 0000000000450000
[    5.427805]  gran_size: 256K 	chunk_size: 1G 	num_reg: 9  	lose cover RAM: 0G

[    5.436311] range0: 0000000000000000 - 0000000100000000
[    5.441465] Setting variable MTRR 0, base: 0GB, range: 4GB, type WB
[    5.447651] hole: 00000000ae000000 - 0000000100000000
[    5.452634] Setting variable MTRR 1, base: 2784MB, range: 32MB, type UC
[    5.459164] Setting variable MTRR 2, base: 2816MB, range: 256MB, type UC
[    5.465782] Setting variable MTRR 3, base: 3GB, range: 1GB, type UC
[    5.471966] range0: 0000000100000000 - 0000000480000000
[    5.477122] Setting variable MTRR 4, base: 4GB, range: 4GB, type WB
[    5.483309] Setting variable MTRR 5, base: 8GB, range: 8GB, type WB
[    5.489495] Setting variable MTRR 6, base: 16GB, range: 2GB, type WB
[    5.495767] hole: 0000000450000000 - 0000000480000000
[    5.500750] Setting variable MTRR 7, base: 17664MB, range: 256MB, type UC
[    5.507454] Setting variable MTRR 8, base: 17920MB, range: 512MB, type UC
[    5.514156] After WB checking
[    5.517078] MTRR MAP PFN: 0000000000000000 - 0000000000480000
[    5.522749] After UC checking
[    5.525670] MTRR MAP PFN: 0000000000000000 - 00000000000ae000
[    5.531339] MTRR MAP PFN: 0000000000100000 - 0000000000450000
[    5.537011] After sorting
[    5.539589] MTRR MAP PFN: 0000000000000000 - 00000000000ae000
[    5.545259] MTRR MAP PFN: 0000000000100000 - 0000000000450000
[    5.550931]  gran_size: 256K 	chunk_size: 2G 	num_reg: 9  	lose cover RAM: 0G

[    5.559437] rangeX: 0000000000000000 - 00000000ae000000
[    5.564592] Setting variable MTRR 0, base: 0GB, range: 2GB, type WB
[    5.570778] Setting variable MTRR 1, base: 2GB, range: 512MB, type WB
[    5.577137] Setting variable MTRR 2, base: 2560MB, range: 128MB, type WB
[    5.583751] Setting variable MTRR 3, base: 2688MB, range: 64MB, type WB
[    5.590281] Setting variable MTRR 4, base: 2752MB, range: 32MB, type WB
[    5.596907] rangeX: 0000000100000000 - 0000000450000000
[    5.602063] Setting variable MTRR 5, base: 4GB, range: 4GB, type WB
[    5.608249] Setting variable MTRR 6, base: 8GB, range: 8GB, type WB
[    5.614435] Setting variable MTRR 7, base: 16GB, range: 1GB, type WB
[    5.620709] Setting variable MTRR 8, base: 17GB, range: 256MB, type WB
[    5.627152] After WB checking
[    5.630073] MTRR MAP PFN: 0000000000000000 - 00000000000ae000
[    5.635744] MTRR MAP PFN: 0000000000100000 - 0000000000450000
[    5.641414] After UC checking
[    5.644337] MTRR MAP PFN: 0000000000000000 - 00000000000ae000
[    5.650007] MTRR MAP PFN: 0000000000100000 - 0000000000450000
[    5.655678] After sorting
[    5.658255] MTRR MAP PFN: 0000000000000000 - 00000000000ae000
[    5.663925] MTRR MAP PFN: 0000000000100000 - 0000000000450000
[    5.669596]  gran_size: 512K 	chunk_size: 512K 	num_reg: 9  	lose cover RAM: 0G

[    5.678275] rangeX: 0000000000000000 - 00000000ae000000
[    5.683429] Setting variable MTRR 0, base: 0GB, range: 2GB, type WB
[    5.689615] Setting variable MTRR 1, base: 2GB, range: 512MB, type WB
[    5.695973] Setting variable MTRR 2, base: 2560MB, range: 128MB, type WB
[    5.702589] Setting variable MTRR 3, base: 2688MB, range: 64MB, type WB
[    5.709119] Setting variable MTRR 4, base: 2752MB, range: 32MB, type WB
[    5.715649] rangeX: 0000000100000000 - 0000000450000000
[    5.720806] Setting variable MTRR 5, base: 4GB, range: 4GB, type WB
[    5.726992] Setting variable MTRR 6, base: 8GB, range: 8GB, type WB
[    5.733178] Setting variable MTRR 7, base: 16GB, range: 1GB, type WB
[    5.739451] Setting variable MTRR 8, base: 17GB, range: 256MB, type WB
[    5.745895] After WB checking
[    5.748815] MTRR MAP PFN: 0000000000000000 - 00000000000ae000
[    5.754486] MTRR MAP PFN: 0000000000100000 - 0000000000450000
[    5.760157] After UC checking
[    5.763078] MTRR MAP PFN: 0000000000000000 - 00000000000ae000
[    5.768748] MTRR MAP PFN: 0000000000100000 - 0000000000450000
[    5.774420] After sorting
[    5.776997] MTRR MAP PFN: 0000000000000000 - 00000000000ae000
[    5.782668] MTRR MAP PFN: 0000000000100000 - 0000000000450000
[    5.788339]  gran_size: 512K 	chunk_size: 1M 	num_reg: 9  	lose cover RAM: 0G

[    5.796844] rangeX: 0000000000000000 - 00000000ae000000
[    5.801998] Setting variable MTRR 0, base: 0GB, range: 2GB, type WB
[    5.808185] Setting variable MTRR 1, base: 2GB, range: 512MB, type WB
[    5.814543] Setting variable MTRR 2, base: 2560MB, range: 128MB, type WB
[    5.821158] Setting variable MTRR 3, base: 2688MB, range: 64MB, type WB
[    5.827689] Setting variable MTRR 4, base: 2752MB, range: 32MB, type WB
[    5.834218] rangeX: 0000000100000000 - 0000000450000000
[    5.839374] Setting variable MTRR 5, base: 4GB, range: 4GB, type WB
[    5.845560] Setting variable MTRR 6, base: 8GB, range: 8GB, type WB
[    5.851745] Setting variable MTRR 7, base: 16GB, range: 1GB, type WB
[    5.858017] Setting variable MTRR 8, base: 17GB, range: 256MB, type WB
[    5.864460] After WB checking
[    5.867381] MTRR MAP PFN: 0000000000000000 - 00000000000ae000
[    5.873052] MTRR MAP PFN: 0000000000100000 - 0000000000450000
[    5.878723] After UC checking
[    5.881644] MTRR MAP PFN: 0000000000000000 - 00000000000ae000
[    5.887314] MTRR MAP PFN: 0000000000100000 - 0000000000450000
[    5.892986] After sorting
[    5.895563] MTRR MAP PFN: 0000000000000000 - 00000000000ae000
[    5.901233] MTRR MAP PFN: 0000000000100000 - 0000000000450000
[    5.906906]  gran_size: 512K 	chunk_size: 2M 	num_reg: 9  	lose cover RAM: 0G

[    5.915411] rangeX: 0000000000000000 - 00000000ae000000
[    5.920565] Setting variable MTRR 0, base: 0GB, range: 2GB, type WB
[    5.926751] Setting variable MTRR 1, base: 2GB, range: 512MB, type WB
[    5.933110] Setting variable MTRR 2, base: 2560MB, range: 128MB, type WB
[    5.939725] Setting variable MTRR 3, base: 2688MB, range: 64MB, type WB
[    5.946255] Setting variable MTRR 4, base: 2752MB, range: 32MB, type WB
[    5.952785] rangeX: 0000000100000000 - 0000000450000000
[    5.957940] Setting variable MTRR 5, base: 4GB, range: 4GB, type WB
[    5.964126] Setting variable MTRR 6, base: 8GB, range: 8GB, type WB
[    5.970311] Setting variable MTRR 7, base: 16GB, range: 1GB, type WB
[    5.976583] Setting variable MTRR 8, base: 17GB, range: 256MB, type WB
[    5.983028] After WB checking
[    5.985949] MTRR MAP PFN: 0000000000000000 - 00000000000ae000
[    5.991620] MTRR MAP PFN: 0000000000100000 - 0000000000450000
[    5.997292] After UC checking
[    6.000213] MTRR MAP PFN: 0000000000000000 - 00000000000ae000
[    6.005883] MTRR MAP PFN: 0000000000100000 - 0000000000450000
[    6.011556] After sorting
[    6.014132] MTRR MAP PFN: 0000000000000000 - 00000000000ae000
[    6.019803] MTRR MAP PFN: 0000000000100000 - 0000000000450000
[    6.025473]  gran_size: 512K 	chunk_size: 4M 	num_reg: 9  	lose cover RAM: 0G

[    6.033980] rangeX: 0000000000000000 - 00000000ae000000
[    6.039134] Setting variable MTRR 0, base: 0GB, range: 2GB, type WB
[    6.045321] Setting variable MTRR 1, base: 2GB, range: 512MB, type WB
[    6.051679] Setting variable MTRR 2, base: 2560MB, range: 128MB, type WB
[    6.058295] Setting variable MTRR 3, base: 2688MB, range: 64MB, type WB
[    6.064825] Setting variable MTRR 4, base: 2752MB, range: 32MB, type WB
[    6.071353] rangeX: 0000000100000000 - 0000000450000000
[    6.076508] Setting variable MTRR 5, base: 4GB, range: 4GB, type WB
[    6.082693] Setting variable MTRR 6, base: 8GB, range: 8GB, type WB
[    6.088879] Setting variable MTRR 7, base: 16GB, range: 1GB, type WB
[    6.095152] Setting variable MTRR 8, base: 17GB, range: 256MB, type WB
[    6.101594] After WB checking
[    6.104516] MTRR MAP PFN: 0000000000000000 - 00000000000ae000
[    6.110187] MTRR MAP PFN: 0000000000100000 - 0000000000450000
[    6.115856] After UC checking
[    6.118778] MTRR MAP PFN: 0000000000000000 - 00000000000ae000
[    6.124446] MTRR MAP PFN: 0000000000100000 - 0000000000450000
[    6.130116] After sorting
[    6.132693] MTRR MAP PFN: 0000000000000000 - 00000000000ae000
[    6.138363] MTRR MAP PFN: 0000000000100000 - 0000000000450000
[    6.144033]  gran_size: 512K 	chunk_size: 8M 	num_reg: 9  	lose cover RAM: 0G

[    6.152537] rangeX: 0000000000000000 - 00000000ae000000
[    6.157692] Setting variable MTRR 0, base: 0GB, range: 2GB, type WB
[    6.163877] Setting variable MTRR 1, base: 2GB, range: 512MB, type WB
[    6.170234] Setting variable MTRR 2, base: 2560MB, range: 128MB, type WB
[    6.176848] Setting variable MTRR 3, base: 2688MB, range: 64MB, type WB
[    6.183376] Setting variable MTRR 4, base: 2752MB, range: 32MB, type WB
[    6.189904] rangeX: 0000000100000000 - 0000000450000000
[    6.195059] Setting variable MTRR 5, base: 4GB, range: 4GB, type WB
[    6.201244] Setting variable MTRR 6, base: 8GB, range: 8GB, type WB
[    6.207429] Setting variable MTRR 7, base: 16GB, range: 1GB, type WB
[    6.213699] Setting variable MTRR 8, base: 17GB, range: 256MB, type WB
[    6.220142] After WB checking
[    6.223062] MTRR MAP PFN: 0000000000000000 - 00000000000ae000
[    6.228732] MTRR MAP PFN: 0000000000100000 - 0000000000450000
[    6.234402] After UC checking
[    6.237322] MTRR MAP PFN: 0000000000000000 - 00000000000ae000
[    6.242993] MTRR MAP PFN: 0000000000100000 - 0000000000450000
[    6.248662] After sorting
[    6.251240] MTRR MAP PFN: 0000000000000000 - 00000000000ae000
[    6.256909] MTRR MAP PFN: 0000000000100000 - 0000000000450000
[    6.262580]  gran_size: 512K 	chunk_size: 16M 	num_reg: 9  	lose cover RAM: 0G

[    6.271173] rangeX: 0000000000000000 - 00000000ae000000
[    6.276327] Setting variable MTRR 0, base: 0GB, range: 2GB, type WB
[    6.282515] Setting variable MTRR 1, base: 2GB, range: 512MB, type WB
[    6.288873] Setting variable MTRR 2, base: 2560MB, range: 128MB, type WB
[    6.295489] Setting variable MTRR 3, base: 2688MB, range: 64MB, type WB
[    6.302018] Setting variable MTRR 4, base: 2752MB, range: 32MB, type WB
[    6.308549] rangeX: 0000000100000000 - 0000000450000000
[    6.313704] Setting variable MTRR 5, base: 4GB, range: 4GB, type WB
[    6.319890] Setting variable MTRR 6, base: 8GB, range: 8GB, type WB
[    6.326076] Setting variable MTRR 7, base: 16GB, range: 1GB, type WB
[    6.332348] Setting variable MTRR 8, base: 17GB, range: 256MB, type WB
[    6.338793] After WB checking
[    6.341712] MTRR MAP PFN: 0000000000000000 - 00000000000ae000
[    6.347382] MTRR MAP PFN: 0000000000100000 - 0000000000450000
[    6.353054] After UC checking
[    6.355975] MTRR MAP PFN: 0000000000000000 - 00000000000ae000
[    6.361645] MTRR MAP PFN: 0000000000100000 - 0000000000450000
[    6.367315] After sorting
[    6.369892] MTRR MAP PFN: 0000000000000000 - 00000000000ae000
[    6.375563] MTRR MAP PFN: 0000000000100000 - 0000000000450000
[    6.381233]  gran_size: 512K 	chunk_size: 32M 	num_reg: 9  	lose cover RAM: 0G

[    6.389825] range0: 0000000000000000 - 00000000b0000000
[    6.394980] Setting variable MTRR 0, base: 0GB, range: 2GB, type WB
[    6.401166] Setting variable MTRR 1, base: 2GB, range: 512MB, type WB
[    6.407524] Setting variable MTRR 2, base: 2560MB, range: 256MB, type WB
[    6.414140] hole: 00000000ae000000 - 00000000b0000000
[    6.419123] Setting variable MTRR 3, base: 2784MB, range: 32MB, type UC
[    6.425653] rangeX: 0000000100000000 - 0000000450000000
[    6.430809] Setting variable MTRR 4, base: 4GB, range: 4GB, type WB
[    6.436996] Setting variable MTRR 5, base: 8GB, range: 8GB, type WB
[    6.443182] Setting variable MTRR 6, base: 16GB, range: 1GB, type WB
[    6.449453] Setting variable MTRR 7, base: 17GB, range: 256MB, type WB
[    6.455898] After WB checking
[    6.458818] MTRR MAP PFN: 0000000000000000 - 00000000000b0000
[    6.464489] MTRR MAP PFN: 0000000000100000 - 0000000000450000
[    6.470160] After UC checking
[    6.473081] MTRR MAP PFN: 0000000000000000 - 00000000000ae000
[    6.478751] MTRR MAP PFN: 0000000000100000 - 0000000000450000
[    6.484421] After sorting
[    6.486999] MTRR MAP PFN: 0000000000000000 - 00000000000ae000
[    6.492670] MTRR MAP PFN: 0000000000100000 - 0000000000450000
[    6.498342]  gran_size: 512K 	chunk_size: 64M 	num_reg: 8  	lose cover RAM: 0G

[    6.506933] range0: 0000000000000000 - 00000000b0000000
[    6.512088] Setting variable MTRR 0, base: 0GB, range: 2GB, type WB
[    6.518276] Setting variable MTRR 1, base: 2GB, range: 512MB, type WB
[    6.524634] Setting variable MTRR 2, base: 2560MB, range: 256MB, type WB
[    6.531249] hole: 00000000ae000000 - 00000000b0000000
[    6.536231] Setting variable MTRR 3, base: 2784MB, range: 32MB, type UC
[    6.542761] rangeX: 0000000100000000 - 0000000450000000
[    6.547916] Setting variable MTRR 4, base: 4GB, range: 4GB, type WB
[    6.554103] Setting variable MTRR 5, base: 8GB, range: 8GB, type WB
[    6.560290] Setting variable MTRR 6, base: 16GB, range: 1GB, type WB
[    6.566562] Setting variable MTRR 7, base: 17GB, range: 256MB, type WB
[    6.573005] After WB checking
[    6.575927] MTRR MAP PFN: 0000000000000000 - 00000000000b0000
[    6.581598] MTRR MAP PFN: 0000000000100000 - 0000000000450000
[    6.587268] After UC checking
[    6.590188] MTRR MAP PFN: 0000000000000000 - 00000000000ae000
[    6.595859] MTRR MAP PFN: 0000000000100000 - 0000000000450000
[    6.601530] After sorting
[    6.604108] MTRR MAP PFN: 0000000000000000 - 00000000000ae000
[    6.609779] MTRR MAP PFN: 0000000000100000 - 0000000000450000
[    6.615449]  gran_size: 512K 	chunk_size: 128M 	num_reg: 8  	lose cover RAM: 0G

[    6.624220] range0: 0000000000000000 - 00000000b0000000
[    6.629376] Setting variable MTRR 0, base: 0GB, range: 2GB, type WB
[    6.635561] Setting variable MTRR 1, base: 2GB, range: 512MB, type WB
[    6.641919] Setting variable MTRR 2, base: 2560MB, range: 256MB, type WB
[    6.648535] hole: 00000000ae000000 - 00000000b0000000
[    6.653518] Setting variable MTRR 3, base: 2784MB, range: 32MB, type UC
[    6.660048] rangeX: 0000000100000000 - 0000000450000000
[    6.665202] Setting variable MTRR 4, base: 4GB, range: 4GB, type WB
[    6.671388] Setting variable MTRR 5, base: 8GB, range: 8GB, type WB
[    6.677574] Setting variable MTRR 6, base: 16GB, range: 1GB, type WB
[    6.683844] Setting variable MTRR 7, base: 17GB, range: 256MB, type WB
[    6.690290] After WB checking
[    6.693211] MTRR MAP PFN: 0000000000000000 - 00000000000b0000
[    6.698880] MTRR MAP PFN: 0000000000100000 - 0000000000450000
[    6.704552] After UC checking
[    6.707473] MTRR MAP PFN: 0000000000000000 - 00000000000ae000
[    6.713143] MTRR MAP PFN: 0000000000100000 - 0000000000450000
[    6.718814] After sorting
[    6.721391] MTRR MAP PFN: 0000000000000000 - 00000000000ae000
[    6.727062] MTRR MAP PFN: 0000000000100000 - 0000000000450000
[    6.732733]  gran_size: 512K 	chunk_size: 256M 	num_reg: 8  	lose cover RAM: 0G

[    6.741410] range0: 0000000000000000 - 00000000c0000000
[    6.746566] Setting variable MTRR 0, base: 0GB, range: 2GB, type WB
[    6.752751] Setting variable MTRR 1, base: 2GB, range: 1GB, type WB
[    6.758937] hole: 00000000ae000000 - 00000000c0000000
[    6.763920] Setting variable MTRR 2, base: 2784MB, range: 32MB, type UC
[    6.770449] Setting variable MTRR 3, base: 2816MB, range: 256MB, type UC
[    6.777064] range0: 0000000100000000 - 0000000460000000
[    6.782219] Setting variable MTRR 4, base: 4GB, range: 4GB, type WB
[    6.788405] Setting variable MTRR 5, base: 8GB, range: 8GB, type WB
[    6.794593] Setting variable MTRR 6, base: 16GB, range: 1GB, type WB
[    6.800866] Setting variable MTRR 7, base: 17GB, range: 512MB, type WB
[    6.807310] hole: 0000000450000000 - 0000000460000000
[    6.812294] Setting variable MTRR 8, base: 17664MB, range: 256MB, type UC
[    6.818997] After WB checking
[    6.821918] MTRR MAP PFN: 0000000000000000 - 00000000000c0000
[    6.827589] MTRR MAP PFN: 0000000000100000 - 0000000000460000
[    6.833261] After UC checking
[    6.836181] MTRR MAP PFN: 0000000000000000 - 00000000000ae000
[    6.841853] MTRR MAP PFN: 0000000000100000 - 0000000000450000
[    6.847523] After sorting
[    6.850100] MTRR MAP PFN: 0000000000000000 - 00000000000ae000
[    6.855771] MTRR MAP PFN: 0000000000100000 - 0000000000450000
[    6.861444]  gran_size: 512K 	chunk_size: 512M 	num_reg: 9  	lose cover RAM: 0G

[    6.870120] range0: 0000000000000000 - 00000000c0000000
[    6.875277] Setting variable MTRR 0, base: 0GB, range: 2GB, type WB
[    6.881463] Setting variable MTRR 1, base: 2GB, range: 1GB, type WB
[    6.887651] hole: 00000000ae000000 - 00000000c0000000
[    6.892634] Setting variable MTRR 2, base: 2784MB, range: 32MB, type UC
[    6.899165] Setting variable MTRR 3, base: 2816MB, range: 256MB, type UC
[    6.905783] range0: 0000000100000000 - 0000000480000000
[    6.910938] Setting variable MTRR 4, base: 4GB, range: 4GB, type WB
[    6.917125] Setting variable MTRR 5, base: 8GB, range: 8GB, type WB
[    6.923312] Setting variable MTRR 6, base: 16GB, range: 2GB, type WB
[    6.929584] hole: 0000000450000000 - 0000000480000000
[    6.934568] Setting variable MTRR 7, base: 17664MB, range: 256MB, type UC
[    6.941270] Setting variable MTRR 8, base: 17920MB, range: 512MB, type UC
[    6.947974] After WB checking
[    6.950894] MTRR MAP PFN: 0000000000000000 - 00000000000c0000
[    6.956565] MTRR MAP PFN: 0000000000100000 - 0000000000480000
[    6.962236] After UC checking
[    6.965157] MTRR MAP PFN: 0000000000000000 - 00000000000ae000
[    6.970827] MTRR MAP PFN: 0000000000100000 - 0000000000450000
[    6.976499] After sorting
[    6.979076] MTRR MAP PFN: 0000000000000000 - 00000000000ae000
[    6.984747] MTRR MAP PFN: 0000000000100000 - 0000000000450000
[    6.990418]  gran_size: 512K 	chunk_size: 1G 	num_reg: 9  	lose cover RAM: 0G

[    6.998925] range0: 0000000000000000 - 0000000100000000
[    7.004080] Setting variable MTRR 0, base: 0GB, range: 4GB, type WB
[    7.010267] hole: 00000000ae000000 - 0000000100000000
[    7.015251] Setting variable MTRR 1, base: 2784MB, range: 32MB, type UC
[    7.021781] Setting variable MTRR 2, base: 2816MB, range: 256MB, type UC
[    7.028398] Setting variable MTRR 3, base: 3GB, range: 1GB, type UC
[    7.034583] range0: 0000000100000000 - 0000000480000000
[    7.039739] Setting variable MTRR 4, base: 4GB, range: 4GB, type WB
[    7.045923] Setting variable MTRR 5, base: 8GB, range: 8GB, type WB
[    7.052110] Setting variable MTRR 6, base: 16GB, range: 2GB, type WB
[    7.058382] hole: 0000000450000000 - 0000000480000000
[    7.063365] Setting variable MTRR 7, base: 17664MB, range: 256MB, type UC
[    7.070067] Setting variable MTRR 8, base: 17920MB, range: 512MB, type UC
[    7.076768] After WB checking
[    7.079690] MTRR MAP PFN: 0000000000000000 - 0000000000480000
[    7.085361] After UC checking
[    7.088280] MTRR MAP PFN: 0000000000000000 - 00000000000ae000
[    7.093952] MTRR MAP PFN: 0000000000100000 - 0000000000450000
[    7.099623] After sorting
[    7.102200] MTRR MAP PFN: 0000000000000000 - 00000000000ae000
[    7.107871] MTRR MAP PFN: 0000000000100000 - 0000000000450000
[    7.113541]  gran_size: 512K 	chunk_size: 2G 	num_reg: 9  	lose cover RAM: 0G

[    7.122048] rangeX: 0000000000000000 - 00000000ae000000
[    7.127203] Setting variable MTRR 0, base: 0GB, range: 2GB, type WB
[    7.133388] Setting variable MTRR 1, base: 2GB, range: 512MB, type WB
[    7.139747] Setting variable MTRR 2, base: 2560MB, range: 128MB, type WB
[    7.146364] Setting variable MTRR 3, base: 2688MB, range: 64MB, type WB
[    7.152895] Setting variable MTRR 4, base: 2752MB, range: 32MB, type WB
[    7.159426] rangeX: 0000000100000000 - 0000000450000000
[    7.164580] Setting variable MTRR 5, base: 4GB, range: 4GB, type WB
[    7.170767] Setting variable MTRR 6, base: 8GB, range: 8GB, type WB
[    7.176955] Setting variable MTRR 7, base: 16GB, range: 1GB, type WB
[    7.183225] Setting variable MTRR 8, base: 17GB, range: 256MB, type WB
[    7.189670] After WB checking
[    7.192590] MTRR MAP PFN: 0000000000000000 - 00000000000ae000
[    7.198261] MTRR MAP PFN: 0000000000100000 - 0000000000450000
[    7.203933] After UC checking
[    7.206853] MTRR MAP PFN: 0000000000000000 - 00000000000ae000
[    7.212524] MTRR MAP PFN: 0000000000100000 - 0000000000450000
[    7.218195] After sorting
[    7.220772] MTRR MAP PFN: 0000000000000000 - 00000000000ae000
[    7.226443] MTRR MAP PFN: 0000000000100000 - 0000000000450000
[    7.232114]  gran_size: 1M 	chunk_size: 1M 	num_reg: 9  	lose cover RAM: 0G

[    7.240447] rangeX: 0000000000000000 - 00000000ae000000
[    7.245602] Setting variable MTRR 0, base: 0GB, range: 2GB, type WB
[    7.251788] Setting variable MTRR 1, base: 2GB, range: 512MB, type WB
[    7.258146] Setting variable MTRR 2, base: 2560MB, range: 128MB, type WB
[    7.264762] Setting variable MTRR 3, base: 2688MB, range: 64MB, type WB
[    7.271292] Setting variable MTRR 4, base: 2752MB, range: 32MB, type WB
[    7.277822] rangeX: 0000000100000000 - 0000000450000000
[    7.282978] Setting variable MTRR 5, base: 4GB, range: 4GB, type WB
[    7.289165] Setting variable MTRR 6, base: 8GB, range: 8GB, type WB
[    7.295352] Setting variable MTRR 7, base: 16GB, range: 1GB, type WB
[    7.301625] Setting variable MTRR 8, base: 17GB, range: 256MB, type WB
[    7.308069] After WB checking
[    7.310990] MTRR MAP PFN: 0000000000000000 - 00000000000ae000
[    7.316663] MTRR MAP PFN: 0000000000100000 - 0000000000450000
[    7.322335] After UC checking
[    7.325257] MTRR MAP PFN: 0000000000000000 - 00000000000ae000
[    7.330929] MTRR MAP PFN: 0000000000100000 - 0000000000450000
[    7.336602] After sorting
[    7.339179] MTRR MAP PFN: 0000000000000000 - 00000000000ae000
[    7.344850] MTRR MAP PFN: 0000000000100000 - 0000000000450000
[    7.350522]  gran_size: 1M 	chunk_size: 2M 	num_reg: 9  	lose cover RAM: 0G

[    7.358859] rangeX: 0000000000000000 - 00000000ae000000
[    7.364014] Setting variable MTRR 0, base: 0GB, range: 2GB, type WB
[    7.370201] Setting variable MTRR 1, base: 2GB, range: 512MB, type WB
[    7.376561] Setting variable MTRR 2, base: 2560MB, range: 128MB, type WB
[    7.383178] Setting variable MTRR 3, base: 2688MB, range: 64MB, type WB
[    7.389708] Setting variable MTRR 4, base: 2752MB, range: 32MB, type WB
[    7.396239] rangeX: 0000000100000000 - 0000000450000000
[    7.401393] Setting variable MTRR 5, base: 4GB, range: 4GB, type WB
[    7.407581] Setting variable MTRR 6, base: 8GB, range: 8GB, type WB
[    7.413769] Setting variable MTRR 7, base: 16GB, range: 1GB, type WB
[    7.420042] Setting variable MTRR 8, base: 17GB, range: 256MB, type WB
[    7.426487] After WB checking
[    7.429409] MTRR MAP PFN: 0000000000000000 - 00000000000ae000
