Return-Path: <linux-kernel-owner@vger.kernel.org>
X-Original-To: lists+linux-kernel@lfdr.de
Delivered-To: lists+linux-kernel@lfdr.de
Received: from out1.vger.email (out1.vger.email [IPv6:2620:137:e000::1:20])
	by mail.lfdr.de (Postfix) with ESMTP id 8E3C06EFF11
	for <lists+linux-kernel@lfdr.de>; Thu, 27 Apr 2023 03:57:23 +0200 (CEST)
Received: (majordomo@vger.kernel.org) by vger.kernel.org via listexpand
        id S232094AbjD0B5P (ORCPT <rfc822;lists+linux-kernel@lfdr.de>);
        Wed, 26 Apr 2023 21:57:15 -0400
Received: from lindbergh.monkeyblade.net ([23.128.96.19]:52728 "EHLO
        lindbergh.monkeyblade.net" rhost-flags-OK-OK-OK-OK) by vger.kernel.org
        with ESMTP id S232050AbjD0B5K (ORCPT
        <rfc822;linux-kernel@vger.kernel.org>);
        Wed, 26 Apr 2023 21:57:10 -0400
Received: from mga14.intel.com (mga14.intel.com [192.55.52.115])
        by lindbergh.monkeyblade.net (Postfix) with ESMTPS id 6BC243AA3;
        Wed, 26 Apr 2023 18:57:09 -0700 (PDT)
DKIM-Signature: v=1; a=rsa-sha256; c=relaxed/simple;
  d=intel.com; i=@intel.com; q=dns/txt; s=Intel;
  t=1682560629; x=1714096629;
  h=date:from:to:cc:subject:message-id:references:
   content-transfer-encoding:in-reply-to:mime-version;
  bh=v2UE2Lc+6X8ddo6e3c+bYjcfQvenOSciqH2w2s3Ru+c=;
  b=JXV2Ci0R8JMknArqwiWVhnMsly++S0I4GdcEUeaLbNBRHQhbpGTFOhS6
   fNsCNEgG/ySDMYcaDQMr5udXtxNLgXD0acOkuSRai3n9H5f93dM4rFCXI
   c7BFkl3tU0U35j+8eXN165nvKGdAsLlhH5Wo0BlNExNBmLQgrZq1Zu7vQ
   8Zp93bGRkUMSrNu+oSf/ygFSjNQ7ZW9nLotux5lp9ySzzzJH8YrAKh8yE
   NQTVqNnL0fs/goOQOvlsaby1syrafaMoJHxma5JgnDMQosLcjWA/ZLiaR
   3A49AJZp11isSbcI34vc7PMv0YubkhHHbH1tCnIJgIBmIIlhMR28ZXv5U
   w==;
X-IronPort-AV: E=McAfee;i="6600,9927,10692"; a="347309679"
X-IronPort-AV: E=Sophos;i="5.99,229,1677571200"; 
   d="log'?scan'208";a="347309679"
Received: from fmsmga004.fm.intel.com ([10.253.24.48])
  by fmsmga103.fm.intel.com with ESMTP/TLS/ECDHE-RSA-AES256-GCM-SHA384; 26 Apr 2023 18:57:01 -0700
X-ExtLoop1: 1
X-IronPort-AV: E=McAfee;i="6600,9927,10692"; a="763583315"
X-IronPort-AV: E=Sophos;i="5.99,229,1677571200"; 
   d="log'?scan'208";a="763583315"
Received: from fmsmsx601.amr.corp.intel.com ([10.18.126.81])
  by fmsmga004.fm.intel.com with ESMTP; 26 Apr 2023 18:57:01 -0700
Received: from fmsmsx602.amr.corp.intel.com (10.18.126.82) by
 fmsmsx601.amr.corp.intel.com (10.18.126.81) with Microsoft SMTP Server
 (version=TLS1_2, cipher=TLS_ECDHE_RSA_WITH_AES_128_GCM_SHA256) id
 15.1.2507.23; Wed, 26 Apr 2023 18:57:00 -0700
Received: from FMSEDG603.ED.cps.intel.com (10.1.192.133) by
 fmsmsx602.amr.corp.intel.com (10.18.126.82) with Microsoft SMTP Server
 (version=TLS1_2, cipher=TLS_ECDHE_RSA_WITH_AES_128_GCM_SHA256) id
 15.1.2507.23 via Frontend Transport; Wed, 26 Apr 2023 18:57:00 -0700
Received: from NAM11-BN8-obe.outbound.protection.outlook.com (104.47.58.169)
 by edgegateway.intel.com (192.55.55.68) with Microsoft SMTP Server
 (version=TLS1_2, cipher=TLS_ECDHE_RSA_WITH_AES_256_GCM_SHA384) id
 15.1.2507.23; Wed, 26 Apr 2023 18:56:59 -0700
ARC-Seal: i=1; a=rsa-sha256; s=arcselector9901; d=microsoft.com; cv=none;
 b=bHTU9GJZiOsI28CQ7sLLxjId47A6xR1K+/vqeJV/PwAoXb9eBTmoDIiJZ7n/tKxFMLgGYGTAKswfVLi2cVxW9Cq0KPMqHKvGB+AxZtrPAle2PHPP2hvJJutLo4SZmVVcvDQx+Oa9Y6sjWB0JAIs42JoijDCsqHfDyAcktWi4IpavhWkMJRbTLdsXvHNSjvP9Nj4FjMpyyPbydqmEEE5iiTAY7xt7U4mg1zpHKDcasPk/HXEYyJ0rUMl2a4IamEX3sXMk9y/QpcL6PIEeQWCEyhZ+7fu0TT5DmvKTapRzGewmm8AIyhmgYUae9q9UtwqoNJzeEoenAO63r/cMl0o1hA==
ARC-Message-Signature: i=1; a=rsa-sha256; c=relaxed/relaxed; d=microsoft.com;
 s=arcselector9901;
 h=From:Date:Subject:Message-ID:Content-Type:MIME-Version:X-MS-Exchange-AntiSpam-MessageData-ChunkCount:X-MS-Exchange-AntiSpam-MessageData-0:X-MS-Exchange-AntiSpam-MessageData-1;
 bh=SLBsXg2zEHRbp4IDSybLcxgsOBVOWQmPUV3NBi1Bens=;
 b=cGUUAXvhHkmo0Phwzbo6mnRaUr7MtZZAs6md0KMizqvW6PbxwMfZYX9tZNLnEr+UnYyBMbhFP8+YSyebiYdsRNawqfLpY9EhM/3zx2UL/XR1Ow25HkXneXmWt4aWaiYQ40mq9+KroNWMdWyQg6YI/sL4rgIWsJRGhpkmJne6p6VJeT9WpgseAg5GiOnwTF+JnssILbdrTbOWNh/5blZk50yNrJh6UGocbl2NZE4Zjz+VnOYbVqi4c0sM0qGk0pu0msxe+JK9VNTqZYFx8jRC5SzzSVBJ26PceV7Pad04adyNDBzZPUM+hGJDeNUiLoOT6ck66THpMmevpAQtVpz5OA==
ARC-Authentication-Results: i=1; mx.microsoft.com 1; spf=pass
 smtp.mailfrom=intel.com; dmarc=pass action=none header.from=intel.com;
 dkim=pass header.d=intel.com; arc=none
Authentication-Results: dkim=none (message not signed)
 header.d=none;dmarc=none action=none header.from=intel.com;
Received: from SA2PR11MB4844.namprd11.prod.outlook.com (2603:10b6:806:f9::6)
 by DS0PR11MB8050.namprd11.prod.outlook.com (2603:10b6:8:117::5) with
 Microsoft SMTP Server (version=TLS1_2,
 cipher=TLS_ECDHE_RSA_WITH_AES_256_GCM_SHA384) id 15.20.6319.33; Thu, 27 Apr
 2023 01:56:55 +0000
Received: from SA2PR11MB4844.namprd11.prod.outlook.com
 ([fe80::f210:9459:2a5f:564f]) by SA2PR11MB4844.namprd11.prod.outlook.com
 ([fe80::f210:9459:2a5f:564f%3]) with mapi id 15.20.6319.033; Thu, 27 Apr 2023
 01:56:55 +0000
Date:   Thu, 27 Apr 2023 09:58:34 +0800
From:   Pengfei Xu <pengfei.xu@intel.com>
To:     Jarkko Sakkinen <jarkko@kernel.org>
CC:     <linux-integrity@vger.kernel.org>, Peter Huewe <peterhuewe@gmx.de>,
        "Jason Gunthorpe" <jgg@ziepe.ca>,
        Lino Sanfilippo <l.sanfilippo@kunbus.com>,
        <linux-kernel@vger.kernel.org>, <heng.su@intel.com>
Subject: Re: [PATCH] tpm: Re-enable TPM chip boostrapping non-tpm_tis TPM
 drivers
Message-ID: <ZEnWykDF6kbZ8nVi@xpf.sh.intel.com>
References: <20230426185833.289868-1-jarkko@kernel.org>
Content-Type: multipart/mixed; boundary="jQNHUk22RtRU18/C"
Content-Disposition: inline
Content-Transfer-Encoding: 8bit
In-Reply-To: <20230426185833.289868-1-jarkko@kernel.org>
X-ClientProxiedBy: SG2P153CA0006.APCP153.PROD.OUTLOOK.COM (2603:1096::16) To
 SA2PR11MB4844.namprd11.prod.outlook.com (2603:10b6:806:f9::6)
MIME-Version: 1.0
X-MS-PublicTrafficType: Email
X-MS-TrafficTypeDiagnostic: SA2PR11MB4844:EE_|DS0PR11MB8050:EE_
X-MS-Office365-Filtering-Correlation-Id: 6ff94444-24b1-42f9-b16e-08db46c2abe1
X-MS-Exchange-SenderADCheck: 1
X-MS-Exchange-AntiSpam-Relay: 0
X-Microsoft-Antispam: BCL:0;
X-Microsoft-Antispam-Message-Info: +36wt9/qseEVuR1t+3OzfevQtzMAoLOLZjJWYQyrwSle7OYaFnaBGQQvKqZfbBAZIo49eTa/Oh552vvzJGGkxILTGI/+lkWetxhIiG3LN+etST3rBnd37vvdCcu89Ax5t/m2cfvri8Mw6IuPRp2IPIXrLDcAhFY9Kbmkbm6CSshat/vQNb5cxwk+N6wfi3vdteXei0fZyJKwnPLEUm9l9vVDdFpfX+Mt69iAK9GKGy/y04noAp61O0FuoCZCkxTohDeaDeV1PY1jw6JYr4B3i+Ufv6c7+UnlOsD0EKvo2dccWfUbfm7KIPHs57JZAp3AN3Do2coQBUhNgYft1hwroZ5SaJhld9aM9f3+VFl79HJtXFXN1OpEger2y6GoqYkUZYv1gJWlL2H8+ordYmRVbzAcaKHLg8b6Csk4ZwmUCg+FGliLiaqjRhdFpv8Tfla5jkONObHlkHVqJwYGX5iv/uv1BnGPISJQSGapD9CKvMUa+oHFQxdsMSO7SxaghWqqwis60Q73MBVkP7q0rqlrNHDBFi3fVU9yWcJM/ZrqLbSu+9ooQ9RcW78pgV+GAG+0gN8tU6rLzvZAjuIuiu5GMDiSm6n5URKKj3QJYC6vyRI=
X-Forefront-Antispam-Report: CIP:255.255.255.255;CTRY:;LANG:en;SCL:1;SRV:;IPV:NLI;SFV:NSPM;H:SA2PR11MB4844.namprd11.prod.outlook.com;PTR:;CAT:NONE;SFS:(13230028)(136003)(376002)(366004)(346002)(39860400002)(396003)(451199021)(316002)(38100700002)(186003)(8676002)(6486002)(2906002)(6506007)(82960400001)(21480400003)(33964004)(107886003)(44144004)(966005)(6512007)(26005)(53546011)(83380400001)(44832011)(235185007)(5660300002)(6666004)(86362001)(54906003)(478600001)(41300700001)(66946007)(66556008)(8936002)(6916009)(4326008)(66476007)(2700100001);DIR:OUT;SFP:1102;
X-MS-Exchange-AntiSpam-MessageData-ChunkCount: 1
X-MS-Exchange-AntiSpam-MessageData-0: =?us-ascii?Q?OOW/WBfYt0YJ3gm7DpRwNjZ3zLMT1H8Yj+RB97Fov2MKQ6GMIBFFUBos4NUG?=
 =?us-ascii?Q?Sn03LEQcaP2uXn1epYPLfmmCPhD9QdT5kjpiq+2FzpTt5dJbvE8nF59WtC+Q?=
 =?us-ascii?Q?6UsTrexvhWFxYHj91jpB1D223Pe4n6sbttfsmp1aqwLo3UvW6qTHfOkT3u0c?=
 =?us-ascii?Q?erEcWEWek7XKdBjereA2ljmbF2+4GC5bKs8aFXMlejz5PBx95NNy6SGcfJIr?=
 =?us-ascii?Q?LFeRyq43QqgfvXRBfxgzobNzDwuVe9v2jsUN9jSXdd7PZ9AhX3yM4hENYS97?=
 =?us-ascii?Q?HSixXeMoN1faz7dUGiSBo/Q45iUX7Luc0z0pM71O1W+cQW7+Reu6B/2DpmZR?=
 =?us-ascii?Q?dtEMN0YXT8Fbpen8qrIbhXbVW7kZSD6vsH9bPuBwHiLSW48VbXc3+FtY5Wjm?=
 =?us-ascii?Q?s9aLGBAhTBdgBpC1dO5nLv1NZgr9P8rUWaDIWsKeJWGI0VOZ3VO9MKtd3XV8?=
 =?us-ascii?Q?vjDhTx4yQ8nQOjUIlxQ5YyBlpxGQjUYUe2UuQcy5oqx401HHJyRAM8k/rl3K?=
 =?us-ascii?Q?OVs7Hmgtm5blbKd6lt2dFifN+/G2SO6JikxoY4IoWJZlA0+nrHkO1l2e2BGW?=
 =?us-ascii?Q?fNX7CBNPahuW1NumBJGvQJ+wRH33VFtS4m4kcbFmmPW1Y4Es1nUnvKHrLaKC?=
 =?us-ascii?Q?wUunzppdV5FYA3lv4Fg1wrNdzXZE8dihj9jc9nkDrFY6f6V8NrjPWKZdqDLL?=
 =?us-ascii?Q?fcWezv1lbIakvV6OIyMuSo3S9NHCyVgYnRnsT1IMLTXrR7fZvL/Bz0kflvHQ?=
 =?us-ascii?Q?J0jiWK5L68patJj7cczyH8sg3xPJl2zWPNJxnoslEkZV1bQmaOG/zAxYS6oC?=
 =?us-ascii?Q?44ZMDNEsT7WXfdHRYfQxXdyKVvSthnHYRyTnmU0lg3TiyUA80zHfUR0ofyou?=
 =?us-ascii?Q?KE0ZetHJNiY3DZ15QqNRPlN1AWVAAr4XF8Sg4GWYH+OX3+BeGpr29q+E2hjX?=
 =?us-ascii?Q?F1A6cglsT7qGFNmJ/sCUAUvuzyg5J9tt95xdvPz9II/mTI7Jz+9FQaQ7AJlL?=
 =?us-ascii?Q?zbtcZ0qF1lM0dVuGV6TLts52Zdosm0ZsAlsjLSx3nh+5Fis+Yes4Rcv2sbI2?=
 =?us-ascii?Q?1FqozaU6GBCsux0XUko6UKi2FHm3p1k+mC2fFike3p3dTIO6bumh5wULag4G?=
 =?us-ascii?Q?Be0+AOL2N9i51A+tPvOiB4qswVMdgg2nCYpCjVfl+ZEOlLI9UHjtxFIbzf7B?=
 =?us-ascii?Q?JmRTa7cMLAjlCfpkbeGSfwxhP7PFkRw4Nh/k1WH+BA2G0dnefjDjrYRJdB2J?=
 =?us-ascii?Q?XnKC+PN8COvgH/FiUEsF2suFg1Cja3pdKHbUyL8kOAa6nFmAjNEzpALHEYuV?=
 =?us-ascii?Q?LUcBOYME0tspd+wuamAGmKTexwzHII7Iv5/8O8vPcf65RmKbrS41b4Uh2GkT?=
 =?us-ascii?Q?2MBEIBDiNd/ghb6laioJj25sLepljKbSA5g1R12jhAlD8zvGzdUD+TkcPCfn?=
 =?us-ascii?Q?wqbbBAyUu1VdiYQI8QSEzIk0SPoGh7gk/7XoElR2ORklGqhEfplEMRtGP2JF?=
 =?us-ascii?Q?rAI9uDitzLaYFr3qTECRxcX1eSF58G0AwIodmLpNErxgBEeGfpEuz71b1tOk?=
 =?us-ascii?Q?0XYbHCsqabPe0j6FtUbil0vvYN8INukB/6NMUiJv?=
X-MS-Exchange-CrossTenant-Network-Message-Id: 6ff94444-24b1-42f9-b16e-08db46c2abe1
X-MS-Exchange-CrossTenant-AuthSource: SA2PR11MB4844.namprd11.prod.outlook.com
X-MS-Exchange-CrossTenant-AuthAs: Internal
X-MS-Exchange-CrossTenant-OriginalArrivalTime: 27 Apr 2023 01:56:54.1240
 (UTC)
X-MS-Exchange-CrossTenant-FromEntityHeader: Hosted
X-MS-Exchange-CrossTenant-Id: 46c98d88-e344-4ed4-8496-4ed7712e255d
X-MS-Exchange-CrossTenant-MailboxType: HOSTED
X-MS-Exchange-CrossTenant-UserPrincipalName: eH0ize7EvktOkSVvKpewZZQSotlcLi9jH5v75xh1JJqxZUF7V9MdagoCkAlSDsfBcSLcwUz8GKkheZtEpqAeCw==
X-MS-Exchange-Transport-CrossTenantHeadersStamped: DS0PR11MB8050
X-OriginatorOrg: intel.com
Precedence: bulk
List-ID: <linux-kernel.vger.kernel.org>
X-Mailing-List: linux-kernel@vger.kernel.org

--jQNHUk22RtRU18/C
Content-Type: text/plain; charset="us-ascii"
Content-Disposition: inline

On 2023-04-26 at 21:58:33 +0300, Jarkko Sakkinen wrote:
> TPM chip bootstrapping was removed from tpm_chip_register(), and it
> was relocated to tpm_tis_core. This breaks all drivers which are not
> based on tpm_tis because the chip will not get properly initialized.
> 
> Take the corrective steps:
> 1. Rename tpm_chip_startup() as tpm_chip_bootstrap() and make it one-shot.
> 2. Call tpm_chip_bootstrap() in tpm_chip_register(), which reverts the
>    things  as tehy used to be.
           ^ two space and one typo "they"
	   Thanks for your fixed patch in short time!

  And I tested this patch, it could not be reproduced in 155s, and the patch
  fixed this issue.
  Fixed dmesg is in attached.

Tested-by: Pengfei Xu <pengfei.xu@intel.com>

 Thanks!
 BR.

> 
> Cc: Lino Sanfilippo <l.sanfilippo@kunbus.com>
> Reported-by: Pengfei Xu <pengfei.xu@intel.com>
> Link: https://lore.kernel.org/all/ZEjqhwHWBnxcaRV5@xpf.sh.intel.com/
> Fixes: 548eb516ec0f ("tpm, tpm_tis: startup chip before testing for interrupts")
> Signed-off-by: Jarkko Sakkinen <jarkko@kernel.org>
> ---
>  drivers/char/tpm/tpm-chip.c     | 22 +++++++++++++++++++---
>  drivers/char/tpm/tpm.h          |  2 +-
>  drivers/char/tpm/tpm_tis_core.c |  2 +-
>  include/linux/tpm.h             | 13 +++++++------
>  4 files changed, 28 insertions(+), 11 deletions(-)
> 
> diff --git a/drivers/char/tpm/tpm-chip.c b/drivers/char/tpm/tpm-chip.c
> index 6fdfa65a00c3..b8a484b4ff7a 100644
> --- a/drivers/char/tpm/tpm-chip.c
> +++ b/drivers/char/tpm/tpm-chip.c
> @@ -606,13 +606,19 @@ static int tpm_get_pcr_allocation(struct tpm_chip *chip)
>  }
>  
>  /*
> - * tpm_chip_startup() - performs auto startup and allocates the PCRs
> + * tpm_chip_bootstrap() - Boostrap TPM chip after power on
>   * @chip: TPM chip to use.
> + *
> + * Initialize TPM chip after power on. This a one-shot function: subsequent
> + * calls will have no effect.
>   */
> -int tpm_chip_startup(struct tpm_chip *chip)
> +int tpm_chip_bootstrap(struct tpm_chip *chip)
>  {
>  	int rc;
>  
> +	if (chip->flags & TPM_CHIP_FLAG_BOOTSTRAP)
> +		return 0;
> +
>  	rc = tpm_chip_start(chip);
>  	if (rc)
>  		return rc;
> @@ -625,9 +631,15 @@ int tpm_chip_startup(struct tpm_chip *chip)
>  stop:
>  	tpm_chip_stop(chip);
>  
> +	/*
> +	 * Unconditionally set, as driver initialization should cease, when the
> +	 * boostrapping process fails.
> +	 */
> +	chip->flags |= TPM_CHIP_FLAG_BOOTSTRAP;
> +
>  	return rc;
>  }
> -EXPORT_SYMBOL_GPL(tpm_chip_startup);
> +EXPORT_SYMBOL_GPL(tpm_chip_bootstrap);
>  
>  /*
>   * tpm_chip_register() - create a character device for the TPM chip
> @@ -644,6 +656,10 @@ int tpm_chip_register(struct tpm_chip *chip)
>  {
>  	int rc;
>  
> +	rc = tpm_chip_bootstrap(chip);
> +	if (rc)
> +		return rc;
> +
>  	tpm_sysfs_add_device(chip);
>  
>  	tpm_bios_log_setup(chip);
> diff --git a/drivers/char/tpm/tpm.h b/drivers/char/tpm/tpm.h
> index 88d3bd76e076..f6c99b3f0045 100644
> --- a/drivers/char/tpm/tpm.h
> +++ b/drivers/char/tpm/tpm.h
> @@ -263,7 +263,7 @@ static inline void tpm_msleep(unsigned int delay_msec)
>  		     delay_msec * 1000);
>  };
>  
> -int tpm_chip_startup(struct tpm_chip *chip);
> +int tpm_chip_bootstrap(struct tpm_chip *chip);
>  int tpm_chip_start(struct tpm_chip *chip);
>  void tpm_chip_stop(struct tpm_chip *chip);
>  struct tpm_chip *tpm_find_get_ops(struct tpm_chip *chip);
> diff --git a/drivers/char/tpm/tpm_tis_core.c b/drivers/char/tpm/tpm_tis_core.c
> index c2421162cf34..02945d53fcef 100644
> --- a/drivers/char/tpm/tpm_tis_core.c
> +++ b/drivers/char/tpm/tpm_tis_core.c
> @@ -1139,7 +1139,7 @@ int tpm_tis_core_init(struct device *dev, struct tpm_tis_data *priv, int irq,
>  	init_waitqueue_head(&priv->read_queue);
>  	init_waitqueue_head(&priv->int_queue);
>  
> -	rc = tpm_chip_startup(chip);
> +	rc = tpm_chip_bootstrap(chip);
>  	if (rc)
>  		goto out_err;
>  
> diff --git a/include/linux/tpm.h b/include/linux/tpm.h
> index 4dc97b9f65fb..50bcdee19b12 100644
> --- a/include/linux/tpm.h
> +++ b/include/linux/tpm.h
> @@ -274,13 +274,14 @@ enum tpm2_cc_attrs {
>  #define TPM_VID_ATML     0x1114
>  
>  enum tpm_chip_flags {
> -	TPM_CHIP_FLAG_TPM2		= BIT(1),
> -	TPM_CHIP_FLAG_IRQ		= BIT(2),
> -	TPM_CHIP_FLAG_VIRTUAL		= BIT(3),
> -	TPM_CHIP_FLAG_HAVE_TIMEOUTS	= BIT(4),
> -	TPM_CHIP_FLAG_ALWAYS_POWERED	= BIT(5),
> +	TPM_CHIP_FLAG_TPM2			= BIT(1),
> +	TPM_CHIP_FLAG_IRQ			= BIT(2),
> +	TPM_CHIP_FLAG_VIRTUAL			= BIT(3),
> +	TPM_CHIP_FLAG_HAVE_TIMEOUTS		= BIT(4),
> +	TPM_CHIP_FLAG_ALWAYS_POWERED		= BIT(5),
>  	TPM_CHIP_FLAG_FIRMWARE_POWER_MANAGED	= BIT(6),
> -	TPM_CHIP_FLAG_FIRMWARE_UPGRADE	= BIT(7),
> +	TPM_CHIP_FLAG_FIRMWARE_UPGRADE		= BIT(7),
> +	TPM_CHIP_FLAG_BOOTSTRAP			= BIT(8),
>  };
>  
>  #define to_tpm_chip(d) container_of(d, struct tpm_chip, dev)
> -- 
> 2.39.2
> 

--jQNHUk22RtRU18/C
Content-Type: text/plain; charset="utf-8"
Content-Disposition: attachment; filename="v6.3_tpm_patch_fixed.log"
Content-Transfer-Encoding: 8bit

[    0.000000] Linux version 6.3.0-2023-04-24-intel-next-591f7c2026cb+ (root@p-rplp01) (gcc (GCC) 8.5.0 20210514 (Red Hat 8.5.0-18), GNU ld version 2.36.1-2.el8) #1 SMP PREEMPT_DYNAMIC Tue Apr 25 05:59:55 CST 2023
[    0.000000] ********************************************************************************************
[    0.000000] * WARNING: Project Intel Next sources and binaries include Intel Confidential information. *
[    0.000000] *          For use by Intel Employees only; do not distribute externally.                  *
[    0.000000] ********************************************************************************************
[    0.000000] Command line: console=ttyS0 root=/dev/sda earlyprintk=serial net.ifnames=0 thunderbolt.dyndbg
[    0.000000] KERNEL supported cpus:
[    0.000000]   Intel GenuineIntel
[    0.000000]   AMD AuthenticAMD
[    0.000000]   Hygon HygonGenuine
[    0.000000]   Centaur CentaurHauls
[    0.000000]   zhaoxin   Shanghai  
[    0.000000] x86/fpu: Supporting XSAVE feature 0x001: 'x87 floating point registers'
[    0.000000] x86/fpu: Supporting XSAVE feature 0x002: 'SSE registers'
[    0.000000] x86/fpu: Supporting XSAVE feature 0x004: 'AVX registers'
[    0.000000] x86/fpu: Supporting XSAVE feature 0x200: 'Protection Keys User registers'
[    0.000000] x86/fpu: xstate_offset[2]:  576, xstate_sizes[2]:  256
[    0.000000] x86/fpu: xstate_offset[9]:  832, xstate_sizes[9]:    8
[    0.000000] x86/fpu: Enabled xstate features 0x207, context size is 840 bytes, using 'compacted' format.
[    0.000000] signal: max sigframe size: 3632
[    0.000000] BIOS-provided physical RAM map:
[    0.000000] BIOS-e820: [mem 0x0000000000000000-0x000000000009ffff] usable
[    0.000000] BIOS-e820: [mem 0x0000000000100000-0x00000000007fffff] usable
[    0.000000] BIOS-e820: [mem 0x0000000000800000-0x0000000000807fff] ACPI NVS
[    0.000000] BIOS-e820: [mem 0x0000000000808000-0x000000000080ffff] usable
[    0.000000] BIOS-e820: [mem 0x0000000000810000-0x00000000008fffff] ACPI NVS
[    0.000000] BIOS-e820: [mem 0x0000000000900000-0x000000007e80bfff] usable
[    0.000000] BIOS-e820: [mem 0x000000007e80c000-0x000000007e80dfff] ACPI data
[    0.000000] BIOS-e820: [mem 0x000000007e80e000-0x000000007e8b5fff] usable
[    0.000000] BIOS-e820: [mem 0x000000007e8b6000-0x000000007e8c3fff] ACPI NVS
[    0.000000] BIOS-e820: [mem 0x000000007e8c4000-0x000000007e8ddfff] reserved
[    0.000000] BIOS-e820: [mem 0x000000007e8de000-0x000000007e9edfff] usable
[    0.000000] BIOS-e820: [mem 0x000000007e9ee000-0x000000007eb1afff] reserved
[    0.000000] BIOS-e820: [mem 0x000000007eb1b000-0x000000007fb9afff] usable
[    0.000000] BIOS-e820: [mem 0x000000007fb9b000-0x000000007fbf2fff] reserved
[    0.000000] BIOS-e820: [mem 0x000000007fbf3000-0x000000007fbfafff] ACPI data
[    0.000000] BIOS-e820: [mem 0x000000007fbfb000-0x000000007fbfefff] ACPI NVS
[    0.000000] BIOS-e820: [mem 0x000000007fbff000-0x000000007ff4ffff] usable
[    0.000000] BIOS-e820: [mem 0x000000007ff50000-0x000000007ff6ffff] reserved
[    0.000000] BIOS-e820: [mem 0x000000007ff70000-0x000000007fffffff] ACPI NVS
[    0.000000] printk: bootconsole [earlyser0] enabled
[    0.000000] NX (Execute Disable) protection: active
[    0.000000] extended physical RAM map:
[    0.000000] reserve setup_data: [mem 0x0000000000000000-0x000000000009ffff] usable
[    0.000000] reserve setup_data: [mem 0x0000000000100000-0x00000000007fffff] usable
[    0.000000] reserve setup_data: [mem 0x0000000000800000-0x0000000000807fff] ACPI NVS
[    0.000000] reserve setup_data: [mem 0x0000000000808000-0x000000000080ffff] usable
[    0.000000] reserve setup_data: [mem 0x0000000000810000-0x00000000008fffff] ACPI NVS
[    0.000000] reserve setup_data: [mem 0x0000000000900000-0x000000007e7db017] usable
[    0.000000] reserve setup_data: [mem 0x000000007e7db018-0x000000007e801e57] usable
[    0.000000] reserve setup_data: [mem 0x000000007e801e58-0x000000007e802017] usable
[    0.000000] reserve setup_data: [mem 0x000000007e802018-0x000000007e80ba57] usable
[    0.000000] reserve setup_data: [mem 0x000000007e80ba58-0x000000007e80bfff] usable
[    0.000000] reserve setup_data: [mem 0x000000007e80c000-0x000000007e80dfff] ACPI data
[    0.000000] reserve setup_data: [mem 0x000000007e80e000-0x000000007e8b5fff] usable
[    0.000000] reserve setup_data: [mem 0x000000007e8b6000-0x000000007e8c3fff] ACPI NVS
[    0.000000] reserve setup_data: [mem 0x000000007e8c4000-0x000000007e8ddfff] reserved
[    0.000000] reserve setup_data: [mem 0x000000007e8de000-0x000000007e9edfff] usable
[    0.000000] reserve setup_data: [mem 0x000000007e9ee000-0x000000007eb1afff] reserved
[    0.000000] reserve setup_data: [mem 0x000000007eb1b000-0x000000007fb9afff] usable
[    0.000000] reserve setup_data: [mem 0x000000007fb9b000-0x000000007fbf2fff] reserved
[    0.000000] reserve setup_data: [mem 0x000000007fbf3000-0x000000007fbfafff] ACPI data
[    0.000000] reserve setup_data: [mem 0x000000007fbfb000-0x000000007fbfefff] ACPI NVS
[    0.000000] reserve setup_data: [mem 0x000000007fbff000-0x000000007ff4ffff] usable
[    0.000000] reserve setup_data: [mem 0x000000007ff50000-0x000000007ff6ffff] reserved
[    0.000000] reserve setup_data: [mem 0x000000007ff70000-0x000000007fffffff] ACPI NVS
[    0.000000] efi: EFI v2.7 by EDK II
[    0.000000] efi: SMBIOS=0x7fbcc000 ACPI=0x7fbfa000 ACPI 2.0=0x7fbfa014 MEMATTR=0x7efb2018 
[    0.000000] SMBIOS 2.8 present.
[    0.000000] DMI: QEMU Standard PC (i440FX + PIIX, 1996), BIOS 0.0.0 02/06/2015
[    0.000000] Hypervisor detected: KVM
[    0.000000] kvm-clock: Using msrs 4b564d01 and 4b564d00
[    0.000005] kvm-clock: using sched offset of 2786126521 cycles
[    0.000405] clocksource: kvm-clock: mask: 0xffffffffffffffff max_cycles: 0x1cd42e4dffb, max_idle_ns: 881590591483 ns
[    0.001650] tsc: Detected 2918.400 MHz processor
[    0.002170] last_pfn = 0x7ff50 max_arch_pfn = 0x400000000
[    0.002621] x86/PAT: Configuration [0-7]: WB  WC  UC- UC  WB  WP  UC- WT  
[    0.004000] Using GB pages for direct mapping
[    0.004000] Secure boot disabled
[    0.004000] ACPI: Early table checksum verification disabled
[    0.004000] ACPI: RSDP 0x000000007FBFA014 000024 (v02 BOCHS )
[    0.004000] ACPI: XSDT 0x000000007FBF90E8 00004C (v01 BOCHS  BXPC     00000001      01000013)
[    0.004000] ACPI: FACP 0x000000007FBF6000 000074 (v01 BOCHS  BXPC     00000001 BXPC 00000001)
[    0.004000] ACPI: DSDT 0x000000007FBF7000 0017BD (v01 BOCHS  BXPC     00000001 BXPC 00000001)
[    0.004000] ACPI: FACS 0x000000007FBFD000 000040
[    0.004000] ACPI: APIC 0x000000007FBF5000 000080 (v01 BOCHS  BXPC     00000001 BXPC 00000001)
[    0.004000] ACPI: HPET 0x000000007FBF4000 000038 (v01 BOCHS  BXPC     00000001 BXPC 00000001)
[    0.004000] ACPI: WAET 0x000000007FBF3000 000028 (v01 BOCHS  BXPC     00000001 BXPC 00000001)
[    0.004000] ACPI: BGRT 0x000000007E80D000 000038 (v01 INTEL  EDK2     00000002      01000013)
[    0.004000] ACPI: Reserving FACP table memory at [mem 0x7fbf6000-0x7fbf6073]
[    0.004000] ACPI: Reserving DSDT table memory at [mem 0x7fbf7000-0x7fbf87bc]
[    0.004000] ACPI: Reserving FACS table memory at [mem 0x7fbfd000-0x7fbfd03f]
[    0.004000] ACPI: Reserving APIC table memory at [mem 0x7fbf5000-0x7fbf507f]
[    0.004000] ACPI: Reserving HPET table memory at [mem 0x7fbf4000-0x7fbf4037]
[    0.004000] ACPI: Reserving WAET table memory at [mem 0x7fbf3000-0x7fbf3027]
[    0.004000] ACPI: Reserving BGRT table memory at [mem 0x7e80d000-0x7e80d037]
[    0.004000] No NUMA configuration found
[    0.004000] Faking a node at [mem 0x0000000000000000-0x000000007ff4ffff]
[    0.004000] NODE_DATA(0) allocated [mem 0x7febf000-0x7fee9fff]
[    0.004000] Zone ranges:
[    0.004000]   DMA      [mem 0x0000000000001000-0x0000000000ffffff]
[    0.004000]   DMA32    [mem 0x0000000001000000-0x000000007ff4ffff]
[    0.004000]   Normal   empty
[    0.004000]   Device   empty
[    0.004000] Movable zone start for each node
[    0.004000] Early memory node ranges
[    0.004000]   node   0: [mem 0x0000000000001000-0x000000000009ffff]
[    0.004000]   node   0: [mem 0x0000000000100000-0x00000000007fffff]
[    0.004000]   node   0: [mem 0x0000000000808000-0x000000000080ffff]
[    0.004000]   node   0: [mem 0x0000000000900000-0x000000007e80bfff]
[    0.004000]   node   0: [mem 0x000000007e80e000-0x000000007e8b5fff]
[    0.004000]   node   0: [mem 0x000000007e8de000-0x000000007e9edfff]
[    0.004000]   node   0: [mem 0x000000007eb1b000-0x000000007fb9afff]
[    0.004000]   node   0: [mem 0x000000007fbff000-0x000000007ff4ffff]
[    0.004000] Initmem setup node 0 [mem 0x0000000000001000-0x000000007ff4ffff]
[    0.004000] On node 0, zone DMA: 1 pages in unavailable ranges
[    0.004000] On node 0, zone DMA: 96 pages in unavailable ranges
[    0.004000] On node 0, zone DMA: 8 pages in unavailable ranges
[    0.004000] On node 0, zone DMA: 240 pages in unavailable ranges
[    0.004000] On node 0, zone DMA32: 2 pages in unavailable ranges
[    0.004000] On node 0, zone DMA32: 40 pages in unavailable ranges
[    0.004000] On node 0, zone DMA32: 301 pages in unavailable ranges
[    0.004000] On node 0, zone DMA32: 100 pages in unavailable ranges
[    0.004000] On node 0, zone DMA32: 176 pages in unavailable ranges
[    0.004000] ACPI: PM-Timer IO Port: 0xb008
[    0.004000] ACPI: LAPIC_NMI (acpi_id[0xff] dfl dfl lint[0x1])
[    0.004000] IOAPIC[0]: apic_id 0, version 17, address 0xfec00000, GSI 0-23
[    0.004000] ACPI: INT_SRC_OVR (bus 0 bus_irq 0 global_irq 2 dfl dfl)
[    0.004000] ACPI: INT_SRC_OVR (bus 0 bus_irq 5 global_irq 5 high level)
[    0.004000] ACPI: INT_SRC_OVR (bus 0 bus_irq 9 global_irq 9 high level)
[    0.004000] ACPI: INT_SRC_OVR (bus 0 bus_irq 10 global_irq 10 high level)
[    0.004000] ACPI: INT_SRC_OVR (bus 0 bus_irq 11 global_irq 11 high level)
[    0.004000] ACPI: Using ACPI (MADT) for SMP configuration information
[    0.004000] ACPI: HPET id: 0x8086a201 base: 0xfed00000
[    0.004000] TSC deadline timer available
[    0.004000] smpboot: Allowing 2 CPUs, 0 hotplug CPUs
[    0.004000] kvm-guest: KVM setup pv remote TLB flush
[    0.004000] kvm-guest: setup PV sched yield
[    0.004000] PM: hibernation: Registered nosave memory: [mem 0x00000000-0x00000fff]
[    0.004000] PM: hibernation: Registered nosave memory: [mem 0x000a0000-0x000fffff]
[    0.004000] PM: hibernation: Registered nosave memory: [mem 0x00800000-0x00807fff]
[    0.004000] PM: hibernation: Registered nosave memory: [mem 0x00810000-0x008fffff]
[    0.004000] PM: hibernation: Registered nosave memory: [mem 0x7e7db000-0x7e7dbfff]
[    0.004000] PM: hibernation: Registered nosave memory: [mem 0x7e801000-0x7e801fff]
[    0.004000] PM: hibernation: Registered nosave memory: [mem 0x7e802000-0x7e802fff]
[    0.004000] PM: hibernation: Registered nosave memory: [mem 0x7e80b000-0x7e80bfff]
[    0.004000] PM: hibernation: Registered nosave memory: [mem 0x7e80c000-0x7e80dfff]
[    0.004000] PM: hibernation: Registered nosave memory: [mem 0x7e8b6000-0x7e8c3fff]
[    0.004000] PM: hibernation: Registered nosave memory: [mem 0x7e8c4000-0x7e8ddfff]
[    0.004000] PM: hibernation: Registered nosave memory: [mem 0x7e9ee000-0x7eb1afff]
[    0.004000] PM: hibernation: Registered nosave memory: [mem 0x7ee5e000-0x7ee66fff]
[    0.004000] PM: hibernation: Registered nosave memory: [mem 0x7fb9b000-0x7fbf2fff]
[    0.004000] PM: hibernation: Registered nosave memory: [mem 0x7fbf3000-0x7fbfafff]
[    0.004000] PM: hibernation: Registered nosave memory: [mem 0x7fbfb000-0x7fbfefff]
[    0.004000] [mem 0x80000000-0xffffffff] available for PCI devices
[    0.004000] Booting paravirtualized kernel on KVM
[    0.004000] clocksource: refined-jiffies: mask: 0xffffffff max_cycles: 0xffffffff, max_idle_ns: 7645519600211568 ns
[    0.004000] setup_percpu: NR_CPUS:8192 nr_cpumask_bits:2 nr_cpu_ids:2 nr_node_ids:1
[    0.004000] percpu: Embedded 66 pages/cpu s233472 r8192 d28672 u1048576
[    0.004000] kvm-guest: PV spinlocks enabled
[    0.004000] PV qspinlock hash table entries: 256 (order: 0, 4096 bytes, linear)
[    0.004000] Fallback order for Node 0: 0 
[    0.004000] Built 1 zonelists, mobility grouping on.  Total pages: 513188
[    0.004000] Policy zone: DMA32
[    0.004000] Kernel command line: net.ifnames=0 console=ttyS0 root=/dev/sda earlyprintk=serial net.ifnames=0 thunderbolt.dyndbg
[    0.004000] random: crng init done
[    0.004000] Dentry cache hash table entries: 262144 (order: 9, 2097152 bytes, linear)
[    0.004000] Inode-cache hash table entries: 131072 (order: 8, 1048576 bytes, linear)
[    0.004000] mem auto-init: stack:off, heap alloc:off, heap free:off
[    0.004000] Memory: 1935292K/2093296K available (34816K kernel code, 4571K rwdata, 9844K rodata, 10464K init, 31796K bss, 157748K reserved, 0K cma-reserved)
[    0.004000] SLUB: HWalign=64, Order=0-3, MinObjects=0, CPUs=2, Nodes=1
[    0.004000] kmemleak: Kernel memory leak detector disabled
[    0.004000] ftrace: allocating 69253 entries in 271 pages
[    0.004000] ftrace: allocated 271 pages with 5 groups
[    0.004000] Dynamic Preempt: voluntary
[    0.004000] Running RCU self tests
[    0.004000] Running RCU synchronous self tests
[    0.004000] rcu: Preemptible hierarchical RCU implementation.
[    0.004000] rcu:     RCU lockdep checking is enabled.
[    0.004000] rcu:     RCU restricting CPUs from NR_CPUS=8192 to nr_cpu_ids=2.
[    0.004000]  Trampoline variant of Tasks RCU enabled.
[    0.004000]  Rude variant of Tasks RCU enabled.
[    0.004000]  Tracing variant of Tasks RCU enabled.
[    0.004000] rcu: RCU calculated value of scheduler-enlistment delay is 25 jiffies.
[    0.004000] rcu: Adjusting geometry for rcu_fanout_leaf=16, nr_cpu_ids=2
[    0.004000] Running RCU synchronous self tests
[    0.004000] NR_IRQS: 524544, nr_irqs: 440, preallocated irqs: 16
[    0.004000] rcu: srcu_init: Setting srcu_struct sizes based on contention.
[    0.004000] Console: colour dummy device 80x25
[    0.004000] printk: console [ttyS0] enabled
[    0.004000] printk: console [ttyS0] enabled
[    0.004000] printk: bootconsole [earlyser0] disabled
[    0.004000] printk: bootconsole [earlyser0] disabled
[    0.004000] Lock dependency validator: Copyright (c) 2006 Red Hat, Inc., Ingo Molnar
[    0.004000] ... MAX_LOCKDEP_SUBCLASSES:  8
[    0.004000] ... MAX_LOCK_DEPTH:          48
[    0.004000] ... MAX_LOCKDEP_KEYS:        8192
[    0.004000] ... CLASSHASH_SIZE:          4096
[    0.004000] ... MAX_LOCKDEP_ENTRIES:     32768
[    0.004000] ... MAX_LOCKDEP_CHAINS:      65536
[    0.004000] ... CHAINHASH_SIZE:          32768
[    0.004000]  memory used by lock dependency info: 6365 kB
[    0.004000]  memory used for stack traces: 4224 kB
[    0.004000]  per task-struct memory footprint: 1920 bytes
[    0.004000] ACPI: Core revision 20230331
[    0.004000] clocksource: hpet: mask: 0xffffffff max_cycles: 0xffffffff, max_idle_ns: 19112604467 ns
[    0.004000] APIC: Switch to symmetric I/O mode setup
[    0.004000] x2apic enabled
[    0.004000] Switched APIC routing to physical x2apic.
[    0.004000] kvm-guest: setup PV IPIs
[    0.004000] ..TIMER: vector=0x30 apic1=0 pin1=2 apic2=-1 pin2=-1
[    0.004000] clocksource: tsc-early: mask: 0xffffffffffffffff max_cycles: 0x2a11290c0c8, max_idle_ns: 440795344938 ns
[    0.179283] Calibrating delay loop (skipped) preset value.. 5836.80 BogoMIPS (lpj=11673600)
[    0.183287] pid_max: default: 32768 minimum: 301
[    0.188579] LSM: initializing lsm=capability,yama,integrity
[    0.189047] Yama: becoming mindful.
[    0.189465] Mount-cache hash table entries: 4096 (order: 3, 32768 bytes, linear)
[    0.190059] Mountpoint-cache hash table entries: 4096 (order: 3, 32768 bytes, linear)
[    0.191630] x86/cpu: User Mode Instruction Prevention (UMIP) activated
[    0.192245] Last level iTLB entries: 4KB 0, 2MB 0, 4MB 0
[    0.192670] Last level dTLB entries: 4KB 0, 2MB 0, 4MB 0, 1GB 0
[    0.193150] Spectre V1 : Mitigation: usercopy/swapgs barriers and __user pointer sanitization
[    0.193816] Spectre V2 : WARNING: Unprivileged eBPF is enabled with eIBRS on, data leaks possible via Spectre v2 BHB attacks!
[    0.194692] Spectre V2 : Mitigation: Enhanced / Automatic IBRS
[    0.195127] Spectre V2 : Spectre v2 / SpectreRSB mitigation: Filling RSB on context switch
[    0.195275] Spectre V2 : Spectre v2 / PBRSB-eIBRS: Retire a single CALL on VMEXIT
[    0.195835] Spectre V2 : mitigation: Enabling conditional Indirect Branch Prediction Barrier
[    0.196461] Speculative Store Bypass: Mitigation: Speculative Store Bypass disabled via prctl
[    0.197091] MMIO Stale Data: Unknown: No mitigations
[    0.311887] Freeing SMP alternatives memory: 56K
[    0.312283] Running RCU synchronous self tests
[    0.312621] Running RCU synchronous self tests
[    0.313194] smpboot: CPU0: 13th Gen Intel(R) CoreT i7-13800H (family: 0x6, model: 0xba, stepping: 0x2)
[    0.314380] Running RCU-tasks wait API self tests
[    0.415498] Performance Events: unsupported p6 CPU model 186 no PMU driver, software events only.
[    0.416948] rcu: Hierarchical SRCU implementation.
[    0.417594] rcu:     Max phase no-delay instances is 1000.
[    0.421806] NMI watchdog: Perf NMI watchdog permanently disabled
[    0.422377] smp: Bringing up secondary CPUs ...
[    0.423044] x86: Booting SMP configuration:
[    0.423281] .... node  #0, CPUs:      #1
[    0.424063] smp: Brought up 1 node, 2 CPUs
[    0.424063] smpboot: Max logical packages: 1
[    0.424063] smpboot: Total of 2 processors activated (11673.60 BogoMIPS)
[    0.425073] devtmpfs: initialized
[    0.425073] x86/mm: Memory block size: 128MB
[    0.428763] ACPI: PM: Registering ACPI NVS region [mem 0x00800000-0x00807fff] (32768 bytes)
[    0.428763] ACPI: PM: Registering ACPI NVS region [mem 0x00810000-0x008fffff] (983040 bytes)
[    0.428763] ACPI: PM: Registering ACPI NVS region [mem 0x7e8b6000-0x7e8c3fff] (57344 bytes)
[    0.429264] ACPI: PM: Registering ACPI NVS region [mem 0x7fbfb000-0x7fbfefff] (16384 bytes)
[    0.431292] Callback from call_rcu_tasks_trace() invoked.
[    0.431680] ACPI: PM: Registering ACPI NVS region [mem 0x7ff70000-0x7fffffff] (589824 bytes)
[    0.432478] Running RCU synchronous self tests
[    0.432793] Running RCU synchronous self tests
[    0.433141] clocksource: jiffies: mask: 0xffffffff max_cycles: 0xffffffff, max_idle_ns: 7645041785100000 ns
[    0.433815] futex hash table entries: 512 (order: 4, 65536 bytes, linear)
[    0.434467] pinctrl core: initialized pinctrl subsystem
[    0.435301] 
[    0.435418] *************************************************************
[    0.435884] **     NOTICE NOTICE NOTICE NOTICE NOTICE NOTICE NOTICE    **
[    0.436351] **                                                         **
[    0.436818] **  IOMMU DebugFS SUPPORT HAS BEEN ENABLED IN THIS KERNEL  **
[    0.437289] **                                                         **
[    0.437754] ** This means that this kernel is built to expose internal **
[    0.438221] ** IOMMU data structures, which may compromise security on **
[    0.438689] ** your system.                                            **
[    0.439156] **                                                         **
[    0.439281] ** If you see this message and you are not debugging the   **
[    0.439748] ** kernel, report this immediately to your vendor!         **
[    0.440214] **                                                         **
[    0.440681] **     NOTICE NOTICE NOTICE NOTICE NOTICE NOTICE NOTICE    **
[    0.441145] *************************************************************
[    0.441654] PM: RTC time: 01:42:21, date: 2023-04-27
[    0.443867] NET: Registered PF_NETLINK/PF_ROUTE protocol family
[    0.444881] DMA: preallocated 256 KiB GFP_KERNEL pool for atomic allocations
[    0.445378] DMA: preallocated 256 KiB GFP_KERNEL|GFP_DMA pool for atomic allocations
[    0.445917] DMA: preallocated 256 KiB GFP_KERNEL|GFP_DMA32 pool for atomic allocations
[    0.446498] audit: initializing netlink subsys (disabled)
[    0.446948] audit: type=2000 audit(1682559741.958:1): state=initialized audit_enabled=0 res=1
[    0.447519] thermal_sys: Registered thermal governor 'fair_share'
[    0.448140] thermal_sys: Registered thermal governor 'bang_bang'
[    0.448566] thermal_sys: Registered thermal governor 'step_wise'
[    0.448982] thermal_sys: Registered thermal governor 'user_space'
[    0.449436] cpuidle: using governor ladder
[    0.450149] cpuidle: using governor menu
[    0.450736] acpiphp: ACPI Hot Plug PCI Controller Driver version: 0.5
[    0.451421] PCI: Using configuration type 1 for base access
[    0.452727] kprobes: kprobe jump-optimization is enabled. All kprobes are optimized if possible.
[    0.695780] HugeTLB: registered 1.00 GiB page size, pre-allocated 0 pages
[    0.696424] HugeTLB: 16380 KiB vmemmap can be freed for a 1.00 GiB page
[    0.696926] HugeTLB: registered 2.00 MiB page size, pre-allocated 0 pages
[    0.697437] HugeTLB: 28 KiB vmemmap can be freed for a 2.00 MiB page
[    0.699687] ACPI: Added _OSI(Module Device)
[    0.700028] ACPI: Added _OSI(Processor Device)
[    0.700377] ACPI: Added _OSI(3.0 _SCP Extensions)
[    0.700734] ACPI: Added _OSI(Processor Aggregator Device)
[    0.706363] ACPI: 1 ACPI AML tables successfully acquired and loaded
[    3.295289] Callback from call_rcu_tasks_rude() invoked.
[    3.353119] ACPI: Interpreter enabled
[    3.353811] ACPI: PM: (supports S0 S3 S4 S5)
[    3.353811] ACPI: Using IOAPIC for interrupt routing
[    3.355339] Callback from call_rcu_tasks() invoked.
[    3.355339] PCI: Using host bridge windows from ACPI; if necessary, use "pci=nocrs" and report a bug
[    3.355339] PCI: Using E820 reservations for host bridge windows
[    3.355819] ACPI: Enabled 2 GPEs in block 00 to 0F
[    3.379009] ACPI: PCI Root Bridge [PCI0] (domain 0000 [bus 00-ff])
[    3.383296] acpi PNP0A03:00: _OSC: OS supports [ASPM ClockPM Segments MSI EDR HPX-Type3]
[    3.384405] acpi PNP0A03:00: _OSC: not requesting OS control; OS requires [ExtendedConfig ASPM ClockPM MSI]
[    3.385793] acpi PNP0A03:00: fail to add MMCONFIG information, can't access extended configuration space under this bridge
[    3.390423] acpiphp: Slot [3] registered
[    3.391069] acpiphp: Slot [4] registered
[    3.391366] acpiphp: Slot [5] registered
[    3.392001] acpiphp: Slot [6] registered
[    3.392631] acpiphp: Slot [7] registered
[    3.393264] acpiphp: Slot [8] registered
[    3.393899] acpiphp: Slot [9] registered
[    3.394532] acpiphp: Slot [10] registered
[    3.395172] acpiphp: Slot [11] registered
[    3.395365] acpiphp: Slot [12] registered
[    3.396004] acpiphp: Slot [13] registered
[    3.396645] acpiphp: Slot [14] registered
[    3.397346] acpiphp: Slot [15] registered
[    3.397758] acpiphp: Slot [16] registered
[    3.398126] acpiphp: Slot [17] registered
[    3.398496] acpiphp: Slot [18] registered
[    3.398860] acpiphp: Slot [19] registered
[    3.399224] acpiphp: Slot [20] registered
[    3.399359] acpiphp: Slot [21] registered
[    3.399727] acpiphp: Slot [22] registered
[    3.400092] acpiphp: Slot [23] registered
[    3.400457] acpiphp: Slot [24] registered
[    3.400822] acpiphp: Slot [25] registered
[    3.401196] acpiphp: Slot [26] registered
[    3.401575] acpiphp: Slot [27] registered
[    3.401946] acpiphp: Slot [28] registered
[    3.402312] acpiphp: Slot [29] registered
[    3.402700] acpiphp: Slot [30] registered
[    3.403086] acpiphp: Slot [31] registered
[    3.403296] PCI host bridge to bus 0000:00
[    3.403615] pci_bus 0000:00: root bus resource [io  0x0000-0x0cf7 window]
[    3.404134] pci_bus 0000:00: root bus resource [io  0x0d00-0xffff window]
[    3.404649] pci_bus 0000:00: root bus resource [mem 0x000a0000-0x000bffff window]
[    3.405228] pci_bus 0000:00: root bus resource [mem 0x80000000-0xfebfffff window]
[    3.405800] pci_bus 0000:00: root bus resource [mem 0x100000000-0x17fffffff window]
[    3.406380] pci_bus 0000:00: root bus resource [bus 00-ff]
[    3.406923] pci 0000:00:00.0: [8086:1237] type 00 class 0x060000
[    3.410208] pci 0000:00:01.0: [8086:7000] type 00 class 0x060100
[    3.411336] pci 0000:00:01.1: [8086:7010] type 00 class 0x010180
[    3.413043] pci 0000:00:01.1: reg 0x20: [io  0xc040-0xc04f]
[    3.413959] pci 0000:00:01.1: legacy IDE quirk: reg 0x10: [io  0x01f0-0x01f7]
[    3.414521] pci 0000:00:01.1: legacy IDE quirk: reg 0x14: [io  0x03f6]
[    3.415025] pci 0000:00:01.1: legacy IDE quirk: reg 0x18: [io  0x0170-0x0177]
[    3.415276] pci 0000:00:01.1: legacy IDE quirk: reg 0x1c: [io  0x0376]
[    3.416051] pci 0000:00:01.3: [8086:7113] type 00 class 0x068000
[    3.416810] pci 0000:00:01.3: quirk: [io  0xb000-0xb03f] claimed by PIIX4 ACPI
[    3.417361] pci 0000:00:01.3: quirk: [io  0xb100-0xb10f] claimed by PIIX4 SMB
[    3.418163] pci 0000:00:02.0: [1234:1111] type 00 class 0x030000
[    3.423817] pci 0000:00:02.0: reg 0x10: [mem 0x80000000-0x80ffffff pref]
[    3.427343] pci 0000:00:02.0: reg 0x18: [mem 0x81020000-0x81020fff]
[    3.432293] pci 0000:00:02.0: reg 0x30: [mem 0xffff0000-0xffffffff pref]
[    3.433670] pci 0000:00:02.0: BAR 0: assigned to efifb
[    3.434450] pci 0000:00:02.0: Video device with shadowed ROM at [mem 0x000c0000-0x000dffff]
[    3.440121] pci 0000:00:03.0: [8086:100e] type 00 class 0x020000
[    3.441698] pci 0000:00:03.0: reg 0x10: [mem 0x81000000-0x8101ffff]
[    3.443137] pci 0000:00:03.0: reg 0x14: [io  0xc000-0xc03f]
[    3.446570] pci 0000:00:03.0: reg 0x30: [mem 0xfffc0000-0xffffffff pref]
[    3.464532] ACPI: PCI: Interrupt link LNKA configured for IRQ 11
[    3.465407] ACPI: PCI: Interrupt link LNKB configured for IRQ 11
[    3.466230] ACPI: PCI: Interrupt link LNKC configured for IRQ 10
[    3.467053] ACPI: PCI: Interrupt link LNKD configured for IRQ 10
[    3.467445] ACPI: PCI: Interrupt link LNKS configured for IRQ 9
[    3.469144] iommu: Default domain type: Translated 
[    3.471279] iommu: DMA domain TLB invalidation policy: lazy mode 
[    3.474025] SCSI subsystem initialized
[    3.474613] ACPI: bus type USB registered
[    3.474613] usbcore: registered new interface driver usbfs
[    3.474613] usbcore: registered new interface driver hub
[    3.475306] usbcore: registered new device driver usb
[    3.475811] pps_core: LinuxPPS API ver. 1 registered
[    3.476199] pps_core: Software ver. 5.3.6 - Copyright 2005-2007 Rodolfo Giometti <giometti@linux.it>
[    3.476918] PTP clock support registered
[    3.477299] EDAC MC: Ver: 3.0.0
[    3.479521] efivars: Registered efivars operations
[    3.480851] NetLabel: Initializing
[    3.481137] NetLabel:  domain hash size = 128
[    3.481484] NetLabel:  protocols = UNLABELED CIPSOv4 CALIPSO
[    3.481995] NetLabel:  unlabeled traffic allowed by default
[    3.483537] PCI: Using ACPI for IRQ routing
[    3.483694] pci 0000:00:02.0: vgaarb: setting as boot VGA device
[    3.483793] pci 0000:00:02.0: vgaarb: bridge control possible
[    3.484251] pci 0000:00:02.0: vgaarb: VGA device added: decodes=io+mem,owns=io+mem,locks=none
[    3.484918] vgaarb: loaded
[    3.485200] hpet0: at MMIO 0xfed00000, IRQs 2, 8, 0
[    3.485200] hpet0: 3 comparators, 64-bit 100.000000 MHz counter
[    3.491475] clocksource: Switched to clocksource kvm-clock
[    3.492986] VFS: Disk quotas dquot_6.6.0
[    3.493345] VFS: Dquot-cache hash table entries: 512 (order 0, 4096 bytes)
[    3.494192] pnp: PnP ACPI init
[    3.496142] pnp: PnP ACPI: found 6 devices
[    3.506837] clocksource: acpi_pm: mask: 0xffffff max_cycles: 0xffffff, max_idle_ns: 2085701024 ns
[    3.507945] NET: Registered PF_INET protocol family
[    3.508564] IP idents hash table entries: 32768 (order: 6, 262144 bytes, linear)
[    3.510234] tcp_listen_portaddr_hash hash table entries: 1024 (order: 4, 73728 bytes, linear)
[    3.510946] Table-perturb hash table entries: 65536 (order: 6, 262144 bytes, linear)
[    3.511591] TCP established hash table entries: 16384 (order: 5, 131072 bytes, linear)
[    3.512434] TCP bind hash table entries: 16384 (order: 9, 2359296 bytes, linear)
[    3.515643] TCP: Hash tables configured (established 16384 bind 16384)
[    3.516400] UDP hash table entries: 1024 (order: 5, 163840 bytes, linear)
[    3.517058] UDP-Lite hash table entries: 1024 (order: 5, 163840 bytes, linear)
[    3.517848] NET: Registered PF_UNIX/PF_LOCAL protocol family
[    3.518699] RPC: Registered named UNIX socket transport module.
[    3.519186] RPC: Registered udp transport module.
[    3.519580] RPC: Registered tcp transport module.
[    3.519952] RPC: Registered tcp NFSv4.1 backchannel transport module.
[    3.520464] pci 0000:00:03.0: can't claim BAR 6 [mem 0xfffc0000-0xffffffff pref]: no compatible bridge window
[    3.521261] pci 0000:00:03.0: BAR 6: assigned [mem 0x81040000-0x8107ffff pref]
[    3.521834] pci_bus 0000:00: resource 4 [io  0x0000-0x0cf7 window]
[    3.522324] pci_bus 0000:00: resource 5 [io  0x0d00-0xffff window]
[    3.522813] pci_bus 0000:00: resource 6 [mem 0x000a0000-0x000bffff window]
[    3.523362] pci_bus 0000:00: resource 7 [mem 0x80000000-0xfebfffff window]
[    3.523908] pci_bus 0000:00: resource 8 [mem 0x100000000-0x17fffffff window]
[    3.524726] pci 0000:00:01.0: PIIX3: Enabling Passive Release
[    3.525190] pci 0000:00:00.0: Limiting direct PCI/PCI transfers
[    3.525779] PCI: CLS 0 bytes, default 64
[    3.526493] ACPI: bus type thunderbolt registered
[    3.527237] clocksource: tsc: mask: 0xffffffffffffffff max_cycles: 0x2a11290c0c8, max_idle_ns: 440795344938 ns
[    3.615409] Initialise system trusted keyrings
[    3.616200] Key type blacklist registered
[    3.617057] workingset: timestamp_bits=36 max_order=19 bucket_order=0
[    3.618087] zbud: loaded
[    3.619627] squashfs: version 4.0 (2009/01/31) Phillip Lougher
[    3.621514] NFS: Registering the id_resolver key type
[    3.622254] Key type id_resolver registered
[    3.622851] Key type id_legacy registered
[    3.623496] nfs4filelayout_init: NFSv4 File Layout Driver Registering...
[    3.624211] nfs4flexfilelayout_init: NFSv4 Flexfile Layout Driver Registering...
[    3.624957] fuse: init (API version 7.38)
[    3.625460] SGI XFS with ACLs, security attributes, realtime, quota, no debug enabled
[    3.627023] 9p: Installing v9fs 9p2000 file system support
[    3.634812] Key type asymmetric registered
[    3.635156] Asymmetric key parser 'x509' registered
[    3.635615] Block layer SCSI generic (bsg) driver version 0.4 loaded (major 243)
[    3.636358] io scheduler mq-deadline registered
[    3.636764] io scheduler bfq registered
[    3.637498] shpchp: Standard Hot Plug PCI Controller Driver version: 0.4
[    3.638438] IPMI message handler: version 39.2
[    3.638840] ipmi device interface
[    3.640780] input: Power Button as /devices/LNXSYSTM:00/LNXPWRBN:00/input/input0
[    3.641616] ACPI: button: Power Button [PWRF]
[    3.643030] ERST DBG: ERST support is disabled.
[    3.644009] Serial: 8250/16550 driver, 32 ports, IRQ sharing enabled
[    3.645145] 00:04: ttyS0 at I/O 0x3f8 (irq = 4, base_baud = 115200) is a 16550A
[    3.653923] Linux agpgart interface v0.103
[    3.654993] ACPI: bus type drm_connector registered
[    3.667339] brd: module loaded
[    3.675060] loop: module loaded
[    3.679248] scsi host0: ata_piix
[    3.680038] scsi host1: ata_piix
[    3.680463] ata1: PATA max MWDMA2 cmd 0x1f0 ctl 0x3f6 bmdma 0xc040 irq 14
[    3.680994] ata2: PATA max MWDMA2 cmd 0x170 ctl 0x376 bmdma 0xc048 irq 15
[    3.683515] tun: Universal TUN/TAP device driver, 1.6
[    3.684541] e100: Intel(R) PRO/100 Network Driver
[    3.685216] e100: Copyright(c) 1999-2006 Intel Corporation
[    3.686039] e1000: Intel(R) PRO/1000 Network Driver
[    3.686731] e1000: Copyright (c) 1999-2006 Intel Corporation.
[    3.839533] ata1: found unknown device (class 0)
[    3.840987] ata1.00: ATA-7: QEMU HARDDISK, 2.5+, max UDMA/100
[    3.841807] ata1.00: 16777216 sectors, multi 16: LBA48 
[    3.842937] ata2: found unknown device (class 0)
[    3.844539] ata2.00: ATAPI: QEMU DVD-ROM, 2.5+, max UDMA/100
[    3.844687] scsi 0:0:0:0: Direct-Access     ATA      QEMU HARDDISK    2.5+ PQ: 0 ANSI: 5
[    3.847551] sd 0:0:0:0: Attached scsi generic sg0 type 0
[    3.848153] sd 0:0:0:0: [sda] 16777216 512-byte logical blocks: (8.59 GB/8.00 GiB)
[    3.848814] sd 0:0:0:0: [sda] Write Protect is off
[    3.849312] sd 0:0:0:0: [sda] Write cache: enabled, read cache: enabled, doesn't support DPO or FUA
[    3.849341] scsi 1:0:0:0: CD-ROM            QEMU     QEMU DVD-ROM     2.5+ PQ: 0 ANSI: 5
[    3.850030] sd 0:0:0:0: [sda] Preferred minimum I/O size 512 bytes
[    3.868471] scsi 1:0:0:0: Attached scsi generic sg1 type 5
[    3.871243] sd 0:0:0:0: [sda] Attached SCSI disk
[    3.891083] ACPI: \_SB_.LNKC: Enabled at IRQ 10
[    4.230257] e1000 0000:00:03.0 eth0: (PCI:33MHz:32-bit) 52:54:00:12:34:56
[    4.230821] e1000 0000:00:03.0 eth0: Intel(R) PRO/1000 Network Connection
[    4.231418] e1000e: Intel(R) PRO/1000 Network Driver
[    4.231780] e1000e: Copyright(c) 1999 - 2015 Intel Corporation.
[    4.232256] igb: Intel(R) Gigabit Ethernet Network Driver
[    4.232641] igb: Copyright (c) 2007-2014 Intel Corporation.
[    4.233131] PPP generic driver version 2.4.2
[    4.234065] VFIO - User Level meta-driver version: 0.3
[    4.239097] usbcore: registered new interface driver uas
[    4.239850] usbcore: registered new interface driver usb-storage
[    4.240477] i8042: PNP: PS/2 Controller [PNP0303:KBD,PNP0f13:MOU] at 0x60,0x64 irq 1,12
[    4.241776] serio: i8042 KBD port at 0x60,0x64 irq 1
[    4.242221] serio: i8042 AUX port at 0x60,0x64 irq 12
[    4.243366] mousedev: PS/2 mouse device common for all mice
[    4.244702] input: AT Translated Set 2 keyboard as /devices/platform/i8042/serio0/input/input1
[    4.245737] rtc_cmos 00:05: RTC can wake from S4
[    4.246600] input: VirtualPS/2 VMware VMMouse as /devices/platform/i8042/serio1/input/input4
[    4.247624] rtc_cmos 00:05: registered as rtc0
[    4.247788] input: VirtualPS/2 VMware VMMouse as /devices/platform/i8042/serio1/input/input3
[    4.248338] rtc_cmos 00:05: setting system clock to 2023-04-27T01:42:25 UTC (1682559745)
[    4.250129] rtc_cmos 00:05: alarms up to one day, y3k, 242 bytes nvram
[    4.251021] i2c_dev: i2c /dev entries driver
[    4.251775] device-mapper: core: CONFIG_IMA_DISABLE_HTABLE is disabled. Duplicate IMA measurements will not be recorded in the IMA log.
[    4.252627] device-mapper: uevent: version 1.0.3
[    4.253264] device-mapper: ioctl: 4.47.0-ioctl (2022-07-28) initialised: dm-devel@redhat.com
[    4.253881] intel_pstate: CPU model not supported
[    4.254310] sdhci: Secure Digital Host Controller Interface driver
[    4.254738] sdhci: Copyright(c) Pierre Ossman
[    4.255108] sdhci-pltfm: SDHCI platform and OF driver helper
[    4.255677] ledtrig-cpu: registered to indicate activity on CPUs
[    4.256346] efifb: probing for efifb
[    4.256685] efifb: framebuffer at 0x80000000, using 1876k, total 1875k
[    4.257136] efifb: mode is 800x600x32, linelength=3200, pages=1
[    4.257548] efifb: scrolling: redraw
[    4.257797] efifb: Truecolor: size=8:8:8:8, shift=24:16:8:0
[    4.264446] Console: switching to colour frame buffer device 100x37
[    4.266321] fb0: EFI VGA frame buffer device
[    4.266718] pstore: Registered efi_pstore as persistent store backend
[    4.267474] drop_monitor: Initializing network drop monitor service
[    4.268116] NET: Registered PF_INET6 protocol family
[    4.271742] Segment Routing with IPv6
[    4.272045] In-situ OAM (IOAM) with IPv6
[    4.272382] NET: Registered PF_PACKET protocol family
[    4.272871] 9pnet: Installing 9P2000 support
[    4.273223] Key type dns_resolver registered
[    4.274382] Loops per spinunit = 0x291
[    4.274670] IPI shorthand broadcast: enabled
[    4.287996] sched_clock: Marking stable (4116002752, 171267584)->(4331670008, -44399672)
[    4.289210] registered taskstats version 1
[    4.289738] Loading compiled-in X.509 certificates
[    4.290238] zswap: loaded using pool lzo/zbud
[    4.304708] Key type .fscrypt registered
[    4.304993] Key type fscrypt-provisioning registered
[    4.305538] pstore: Using crash dump compression: deflate
[    4.306963] Key type encrypted registered
[    4.307309] ima: No TPM chip found, activating TPM-bypass!
[    4.307705] ima: Allocated hash algorithm: sha1
[    4.308061] ima: No architecture policies found
[    4.308428] evm: Initialising EVM extended attributes:
[    4.308787] evm: security.selinux
[    4.309023] evm: security.SMACK64
[    4.309260] evm: security.SMACK64EXEC
[    4.309521] evm: security.SMACK64TRANSMUTE
[    4.309809] evm: security.SMACK64MMAP
[    4.310069] evm: security.apparmor
[    4.310311] evm: security.ima
[    4.310525] evm: security.capability
[    4.310779] evm: HMAC attrs: 0x1
[    4.312180] PM:   Magic number: 3:803:711
[    4.313069] RAS: Correctable Errors collector initialized.
[    4.314122] md: Waiting for all devices to be available before autodetect
[    4.314450] md: If you don't use raid, use raid=noautodetect
[    4.314725] md: Autodetecting RAID arrays.
[    4.314935] md: autorun ...
[    4.315076] md: ... autorun DONE.
[    4.332729] EXT4-fs (sda): mounted filesystem 23a53bb9-f815-47a5-b74c-5e08f7731193 with ordered data mode. Quota mode: none.
[    4.333845] VFS: Mounted root (ext4 filesystem) readonly on device 8:0.
[    4.338098] devtmpfs: mounted
[    4.344357] Freeing unused decrypted memory: 2036K
[    4.353140] Freeing unused kernel image (initmem) memory: 10464K
[    4.353786] Write protecting the kernel read-only data: 45056k
[    4.356132] Freeing unused kernel image (rodata/data gap) memory: 396K
[    4.454617] x86/mm: Checked W+X mappings: passed, no W+X pages found.
[    4.455056] ********************************************************************************************
[    4.455056] * WARNING: Project Intel Next sources and binaries include Intel Confidential information. *
[    4.455056] *          For use by Intel Employees only; do not distribute externally.                  *
[    4.455056] ********************************************************************************************
[    4.458320] Run /sbin/init as init process
[    4.625401] systemd[1]: RTC configured in localtime, applying delta of 0 minutes to system time.
[    4.679396] systemd[1]: systemd 239 (239-49.el8) running in system mode. (+PAM +AUDIT +SELINUX +IMA -APPARMOR +SMACK +SYSVINIT +UTMP +LIBCRYPTSETUP +GCRYPT +GNUTLS +ACL +XZ +LZ4 +SECCOMP +BLKID +ELFUTILS +KMOD +IDN2 -IDN +PCRE2 default-hierarchy=legacy)
[    4.681660] systemd[1]: Detected virtualization kvm.
[    4.682143] systemd[1]: Detected architecture x86-64.

Welcome to CentOS Stream 8!

[    4.744457] systemd[1]: Set hostname to <test>.
[    5.059657] systemd[1]: Reached target Swap.
[  OK  ] Reached target Swap.
[    5.060751] systemd[1]: Listening on udev Control Socket.
[  OK  ] Listening on udev Control Socket.
[    5.061522] systemd[1]: Listening on udev Kernel Socket.
[  OK  ] Listening on udev Kernel Socket.
[    5.062294] systemd[1]: Listening on multipathd control socket.
[  OK  ] Listening on multipathd control socket.
[    5.063168] systemd[1]: Listening on Journal Socket (/dev/log).
[  OK  ] Listening on Journal Socket (/dev/log).
[    5.063980] systemd[1]: Listening on initctl Compatibility Named Pipe.
[  OK  ] Listening on initctl Compatibility Named Pipe.
[  OK  ] Listening on LVM2 poll daemon socket.
[  OK  ] Set up automount Arbitrary Executabrmats File System Automount Point.
[  OK  ] Listening on Process Core Dump Socket.
[  OK  ] Created slice system-getty.slice.
[  OK  ] Created slice User and Session Slice.
[  OK  ] Reached target Slices.
[  OK  ] Listening on Journal Socket.
         Mounting Kernel Debug File System...
         Mounting POSIX Message Queue File System...
         Starting Load Kernel Modules...
         Starting Remount Root and Kernel File Systems...
         Starting udev Coldplug all Devices...
         Starting Setup Virtual Console...
         Starting Journal Service...
[  OK  ] Created slice system-sshd\x2dkeygen.slice.
[  OK  ] Created slice system-serial\x2dgetty.slice.
         Mounting Huge Pages File System...
[  OK  ] Started Forward Password Requests to Wall Directory Watch.
[  OK  ] Listening on RPCbind Server Activation Socket.
[  OK  ] Reached target RPC Port Mapper.
[  OK  ] Listening on Device-mapper event daemon FIFOs.
         Starting Monitoring of LVM2 mirrorsng dmeventd or progress polling...
[  OK  ] Mounted Kernel Debug File System.
[  OK  ] Mounted POSIX Message Queue File System.
[FAILED] Failed to start Load Kernel Modules.
See 'systemctl status systemd-modules-load.service' for details.
[  OK  ] Started Setup Virtual Console.
[  OK  ] Mounted Huge Pages File System.
         Starting Apply Kernel Variables...
         Mounting Kernel Configuration File System...
         Mounting FUSE Control File System...
[    5.394896] EXT4-fs (sda): re-mounted 23a53bb9-f815-47a5-b74c-5e08f7731193. Quota mode: none.
[  OK  ] Started Journal Service.
[  OK  ] Started Remount Root and Kernel File Systems.
[  OK  ] Started Apply Kernel Variables.
[  OK  ] Mounted Kernel Configuration File System.
[  OK  ] Mounted FUSE Control File System.
         Starting Load/Save Random Seed...
         Starting Create Static Device Nodes in /dev...
         Starting Flush Journal to Persistent Storage...
[  OK  ] Started Load/Save Random Seed.
[  OK  ] Started Create Static Device Nodes in /dev.
         Starting udev Kernel Device Manager...
[  OK  ] Started Flush Journal to Persistent Storage.
[  OK  ] Started udev Coldplug all Devices.
         Starting udev Wait for Complete Device Initialization...
[  OK  ] Started udev Kernel Device Manager.
         Starting Show Plymouth Boot Screen...
[  OK  ] Started Show Plymouth Boot Screen.
[  OK  ] Reached target Local Encrypted Volumes.
[  OK  ] Reached target Paths.
[  OK  ] Started Forward Password Requests to Plymouth Directory Watch.
[  OK  ] Found device /dev/ttyS0.
[  OK  ] Started Monitoring of LVM2 mirrors,sing dmeventd or progress polling.
[  OK  ] Started udev Wait for Complete Device Initialization.
[  OK  ] Listening on Load/Save RF Kill Switch Status /dev/rfkill Watch.
[  OK  ] Reached target Local File Systems (Pre).
[  OK  ] Reached target Local File Systems.
         Starting Restore /run/initramfs on shutdown...
         Starting Tell Plymouth To Write Out Runtime Data...
         Starting Create Volatile Files and Directories...
[  OK  ] Started Restore /run/initramfs on shutdown.
[  OK  ] Started Tell Plymouth To Write Out Runtime Data.
[  OK  ] Started Create Volatile Files and Directories.
         Starting Security Auditing Service...
         Mounting RPC Pipe File System...
         Starting RPC Bind...
[  OK  ] Mounted RPC Pipe File System.
[  OK  ] Reached target rpc_pipefs.target.
[  OK  ] Started RPC Bind.
[  OK  ] Started Security Auditing Service.
         Starting Update UTMP about System Boot/Shutdown...
[  OK  ] Started Update UTMP about System Boot/Shutdown.
[  OK  ] Reached target System Initialization.
[  OK  ] Listening on D-Bus System Message Bus Socket.
[  OK  ] Started dnf makecache --timer.
[  OK  ] Started daily update of the root trust anchor for DNSSEC.
[  OK  ] Listening on SSSD Kerberos Cache Manager responder socket.
[  OK  ] Reached target Sockets.
[  OK  ] Reached target Basic System.
         Starting Login Service...
[  OK  ] Started D-Bus System Message Bus.
         Starting Network Manager...
         Starting Authorization Manager...
         Starting NTP client/server...
[  OK  ] Started Machine Check Exception Logging Daemon.
         Starting Auto-connect to subsystems-NVME devices found during boot...
         Starting Self Monitoring and Reporting Technology (SMART) Daemon...
[  OK  ] Started Daily Cleanup of Temporary Directories.
[  OK  ] Reached target Timers.
[  OK  ] Started irqbalance daemon.
[  OK  ] Reached target sshd-keygen.target.
[  OK  ] Started Auto-connect to subsystems FC-NVME devices found during boot.
[  OK  ] Started Self Monitoring and Reporting Technology (SMART) Daemon.
         Starting update of the root trust aor DNSSEC validation in unbound...
[  OK  ] Started Login Service.
[  OK  ] Started Network Manager.
[  OK  ] Reached target Network.
         Starting OpenSSH server daemon...
         Starting GSSAPI Proxy Daemon...
         Starting Dynamic System Tuning Daemon...
         Starting Network Manager Wait Online...
[  OK  ] Started NTP client/server.
         Starting Hostname Service...
[  OK  ] Started OpenSSH server daemon.
[  OK  ] Started GSSAPI Proxy Daemon.
[  OK  ] Reached target NFS client services.
[  OK  ] Reached target Remote File Systems (Pre).
[  OK  ] Reached target Remote File Systems.
         Starting Permit User Sessions...
[  OK  ] Started update of the root trust an for DNSSEC validation in unbound.
[  OK  ] Started Authorization Manager.
[  OK  ] Started Permit User Sessions.
         Starting Terminate Plymouth Boot Screen...
[  OK  ] Started Command Scheduler.
         Starting Hold until boot process finishes up...
[    7.511445] e1000: eth0 NIC Link is Up 1000 Mbps Full Duplex, Flow Control: RX
[    7.512339] IPv6: ADDRCONF(NETDEV_CHANGE): eth0: link becomes ready
[    7.770632] Spectre V2 : WARNING: Unprivileged eBPF is enabled with eIBRS on, data leaks possible via Spectre v2 BHB attacks!
[    7.771497] Spectre V2 : WARNING: Unprivileged eBPF is enabled with eIBRS on, data leaks possible via Spectre v2 BHB attacks!

CentOS Stream 8
Kernel 6.3.0-2023-04-24-intel-next-591f7c2026cb+ on an x86_64

test login: root
[   11.776793] memfd_create() without MFD_EXEC nor MFD_NOEXEC_SEAL, pid=329 'systemd'
Last login: Tue Feb 28 02:35:44 on ttyS0
*******************************************************
Welcome to the Embargoed Overlay on CentOS

This content is for INTEL INTERNAL USE ONLY.

For support issues, please submit a request:
https://jira.devtools.intel.com/browse/LNXO
*******************************************************
[root@test ~]# 
[root@test ~]# 
[root@test ~]# ./repro
[   28.202159] loop0: detected capacity change from 0 to 8192
[   28.216231]  loop0: p1 p2 p3 p4
[   28.216606] loop0: partition table partially beyond EOD, truncated
[   28.217699] loop0: p3 start 520097793 is beyond EOD, truncated
[   28.217989] loop0: p4 start 524032 is beyond EOD, truncated
[   28.219809] tpm tpm0: Operation Canceled
[   28.221150]  loop0: p1 p2 p3 p4
[   28.221343] loop0: partition table partially beyond EOD, truncated
[   28.222434] loop0: p3 start 520097793 is beyond EOD, truncated
[   28.222819] loop0: p4 start 524032 is beyond EOD, truncated
[   28.248202] I/O error, dev loop0, sector 8064 op 0x0:(READ) flags 0x80700 phys_seg 1 prio class 2
[   28.279472] loop0: detected capacity change from 0 to 8192
[   28.291866]  loop0: p1 p2 p3 p4
[   28.292055] loop0: partition table partially beyond EOD, truncated
[   28.292796] loop0: p3 start 520097793 is beyond EOD, truncated
[   28.293084] loop0: p4 start 524032 is beyond EOD, truncated
[   28.294487] tpm tpm0: Operation Canceled
[   28.295185]  loop0: p1 p2 p3 p4
[   28.295491] loop0: partition table partially beyond EOD, truncated
[   28.296630] loop0: p3 start 520097793 is beyond EOD, truncated
[   28.296933] loop0: p4 start 524032 is beyond EOD, truncated
[   28.337964] loop0: detected capacity change from 0 to 8192
[   28.363846]  loop0: p1 p2 p3 p4
[   28.364043] loop0: partition table partially beyond EOD, truncated
[   28.364821] loop0: p3 start 520097793 is beyond EOD, truncated
[   28.365165] loop0: p4 start 524032 is beyond EOD, truncated
[   28.366846] tpm tpm0: Operation Canceled
[   28.369095]  loop0: p1 p2 p3 p4
[   28.369280] loop0: partition table partially beyond EOD, truncated
[   28.369901] loop0: p3 start 520097793 is beyond EOD, truncated
[   28.370202] loop0: p4 start 524032 is beyond EOD, truncated
[   28.409331] loop0: detected capacity change from 0 to 8192
[   28.415670]  loop0: p1 p2 p3 p4
[   28.415858] loop0: partition table partially beyond EOD, truncated
[   28.418308] loop0: p3 start 520097793 is beyond EOD, truncated
[   28.418621] loop0: p4 start 524032 is beyond EOD, truncated
[   28.420396] tpm tpm0: Operation Canceled
[   28.421201]  loop0: p1 p2 p3 p4
[   28.421452] loop0: partition table partially beyond EOD, truncated
[   28.422339] loop0: p3 start 520097793 is beyond EOD, truncated
[   28.422698] loop0: p4 start 524032 is beyond EOD, truncated
[   28.431917] I/O error, dev loop0, sector 8064 op 0x0:(READ) flags 0x80700 phys_seg 1 prio class 2
[   28.482998] loop0: detected capacity change from 0 to 8192
[   28.492271]  loop0: p1 p2 p3 p4
[   28.492453] loop0: partition table partially beyond EOD, truncated
[   28.495144] loop0: p3 start 520097793 is beyond EOD, truncated
[   28.495480] loop0: p4 start 524032 is beyond EOD, truncated
[   28.497259]  loop0: p1 p2 p3 p4
[   28.497438] loop0: partition table partially beyond EOD, truncated
[   28.498014] loop0: p3 start 520097793 is beyond EOD, truncated
[   28.498312] loop0: p4 start 524032 is beyond EOD, truncated
[   28.503299] tpm tpm0: Operation Canceled
[   28.505036] ------------[ cut here ]------------
[   28.505279] WARNING: CPU: 0 PID: 406 at kernel/kthread.c:75 kthread_stop+0x353/0x360
[   28.505670] Modules linked in:
[   28.505830] CPU: 0 PID: 406 Comm: repro Not tainted 6.3.0-2023-04-24-intel-next-591f7c2026cb+ #1
[   28.506259] Hardware name: QEMU Standard PC (i440FX + PIIX, 1996), BIOS 0.0.0 02/06/2015
[   28.506645] RIP: 0010:kthread_stop+0x353/0x360
[   28.506875] Code: 00 4c 89 ef e8 de 52 c1 00 e9 1f fe ff ff e8 c4 03 17 00 be 02 00 00 00 4c 89 ef e8 c7 52 c1 00 e9 5c fd ff ff e8 ad 03 17 00 <0f> 0b e9 73 fd ff ff 66 0f 1f 44 00 00 90 90 90 90 90 90 90 90 90
[   28.507788] RSP: 0018:ffffc9000111bd18 EFLAGS: 00010246
[   28.508048] RAX: 0000000000000000 RBX: ffff888011740000 RCX: ffffffff81173814
[   28.508394] RDX: 0000000000000000 RSI: ffff888011740000 RDI: 0000000000000002
[   28.508738] RBP: ffffc9000111bd38 R08: 0000000000000001 R09: 0000000000000001
[   28.509083] R10: 0000000000000001 R11: 0000000000000000 R12: 0000000000000000
[   28.509426] R13: ffff888011740028 R14: ffff888013c3bae0 R15: ffff88800196f1d8
[   28.509771] FS:  0000000000000000(0000) GS:ffff88807ec00000(0000) knlGS:0000000000000000
[   28.510161] CS:  0010 DS: 0000 ES: 0000 CR0: 0000000080050033
[   28.510443] CR2: 0000564a8d79a1e8 CR3: 0000000012fa0005 CR4: 0000000000770ef0
[   28.510790] PKRU: 55555554
[   28.510929] Call Trace:
[   28.511054]  <TASK>
[   28.511169]  hwrng_unregister+0x182/0x210
[   28.511410]  tpm_chip_unregister+0x1cc/0x1f0
[   28.511635]  ? __pfx_vtpm_proxy_fops_release+0x10/0x10
[   28.511900]  vtpm_proxy_fops_release+0x8f/0xa0
[   28.512132]  __fput+0x11f/0x450
[   28.512312]  ____fput+0x1e/0x30
[   28.512484]  task_work_run+0xb6/0x120
[   28.512682]  do_exit+0x547/0x12b0
[   28.512859]  ? __this_cpu_preempt_check+0x20/0x30
[   28.513111]  ? lockdep_hardirqs_on+0x8a/0x110
[   28.513339]  do_group_exit+0x5e/0xf0
[   28.513527]  __x64_sys_exit_group+0x25/0x30
[   28.513743]  do_syscall_64+0x3b/0x90
[   28.513941]  entry_SYSCALL_64_after_hwframe+0x72/0xdc
[   28.514203] RIP: 0033:0x7f8e1699ecf6
[   28.514390] Code: Unable to access opcode bytes at 0x7f8e1699eccc.
[   28.514688] RSP: 002b:00007ffe8384c588 EFLAGS: 00000246 ORIG_RAX: 00000000000000e7
[   28.515061] RAX: ffffffffffffffda RBX: 00007f8e16aa9490 RCX: 00007f8e1699ecf6
[   28.515414] RDX: 0000000000000000 RSI: 000000000000003c RDI: 0000000000000000
[   28.515763] RBP: 0000000000000000 R08: 00000000000000e7 R09: ffffffffffffff80
[   28.516113] R10: 0000000000000004 R11: 0000000000000246 R12: 00007f8e16aa9490
[   28.516461] R13: 0000000000000001 R14: 00007f8e16aace88 R15: 0000000000000000
[   28.516815]  </TASK>
[   28.516933] irq event stamp: 19811
[   28.517104] hardirqs last  enabled at (19819): [<ffffffff811f0cb1>] __up_console_sem+0x91/0xb0
[   28.517531] hardirqs last disabled at (19826): [<ffffffff811f0c96>] __up_console_sem+0x76/0xb0
[   28.517955] softirqs last  enabled at (19624): [<ffffffff82fda6a9>] __do_softirq+0x2d9/0x3c3
[   28.518373] softirqs last disabled at (19565): [<ffffffff81132b14>] irq_exit_rcu+0xc4/0x100
[   28.518783] ---[ end trace 0000000000000000 ]---
[   28.519016] BUG: kernel NULL pointer dereference, address: 0000000000000000
[   28.519350] #PF: supervisor write access in kernel mode
[   28.519607] #PF: error_code(0x0002) - not-present page
[   28.519866] PGD 13c82067 P4D 13c82067 PUD 56bd067 PMD 0 
[   28.520142] Oops: 0002 [#1] PREEMPT SMP NOPTI
[   28.520368] CPU: 0 PID: 406 Comm: repro Tainted: G        W           6.3.0-2023-04-24-intel-next-591f7c2026cb+ #1
[   28.520876] Hardware name: QEMU Standard PC (i440FX + PIIX, 1996), BIOS 0.0.0 02/06/2015
[   28.521269] RIP: 0010:kthread_stop+0xd9/0x360
[   28.521499] Code: 44 8b 63 2c 31 ff 41 81 e4 00 00 20 00 44 89 e6 e8 1c 08 17 00 45 85 e4 0f 84 81 02 00 00 e8 2e 06 17 00 4c 8b a3 40 0a 00 00 <f0> 41 80 0c 24 02 48 89 df e8 f9 f1 ff ff f0 80 4b 02 02 48 89 df
[   28.522394] RSP: 0018:ffffc9000111bd18 EFLAGS: 00010246
[   28.522656] RAX: 0000000000000000 RBX: ffff888011740000 RCX: ffffffff81173814
[   28.523008] RDX: 0000000000000000 RSI: ffff888011740000 RDI: 0000000000000002
[   28.523358] RBP: ffffc9000111bd38 R08: 0000000000000001 R09: 0000000000000001
[   28.523713] R10: 0000000000000001 R11: 0000000000000000 R12: 0000000000000000
[   28.524064] R13: ffff888011740028 R14: ffff888013c3bae0 R15: ffff88800196f1d8
[   28.524415] FS:  0000000000000000(0000) GS:ffff88807ec00000(0000) knlGS:0000000000000000
[   28.524814] CS:  0010 DS: 0000 ES: 0000 CR0: 0000000080050033
[   28.525100] CR2: 0000000000000000 CR3: 0000000012fa0005 CR4: 0000000000770ef0
[   28.525452] PKRU: 55555554
[   28.525592] Call Trace:
[   28.525720]  <TASK>
[   28.525834]  hwrng_unregister+0x182/0x210
[   28.526052]  tpm_chip_unregister+0x1cc/0x1f0
[   28.526276]  ? __pfx_vtpm_proxy_fops_release+0x10/0x10
[   28.526542]  vtpm_proxy_fops_release+0x8f/0xa0
[   28.526777]  __fput+0x11f/0x450
[   28.526954]  ____fput+0x1e/0x30
[   28.527129]  task_work_run+0xb6/0x120
[   28.527327]  do_exit+0x547/0x12b0
[   28.527504]  ? __this_cpu_preempt_check+0x20/0x30
[   28.527756]  ? lockdep_hardirqs_on+0x8a/0x110
[   28.527986]  do_group_exit+0x5e/0xf0
[   28.528177]  __x64_sys_exit_group+0x25/0x30
[   28.528396]  do_syscall_64+0x3b/0x90
[   28.528594]  entry_SYSCALL_64_after_hwframe+0x72/0xdc
[   28.528858] RIP: 0033:0x7f8e1699ecf6
[   28.529045] Code: Unable to access opcode bytes at 0x7f8e1699eccc.
[   28.529350] RSP: 002b:00007ffe8384c588 EFLAGS: 00000246 ORIG_RAX: 00000000000000e7
[   28.529725] RAX: ffffffffffffffda RBX: 00007f8e16aa9490 RCX: 00007f8e1699ecf6
[   28.530077] RDX: 0000000000000000 RSI: 000000000000003c RDI: 0000000000000000
[   28.530430] RBP: 0000000000000000 R08: 00000000000000e7 R09: ffffffffffffff80
[   28.530782] R10: 0000000000000004 R11: 0000000000000246 R12: 00007f8e16aa9490
[   28.531133] R13: 0000000000000001 R14: 00007f8e16aace88 R15: 0000000000000000
[   28.531490]  </TASK>
[   28.531612] Modules linked in:
[   28.531774] CR2: 0000000000000000
[   28.531947] ---[ end trace 0000000000000000 ]---
[   28.580658] RIP: 0010:kthread_stop+0xd9/0x360
[   28.580910] Code: 44 8b 63 2c 31 ff 41 81 e4 00 00 20 00 44 89 e6 e8 1c 08 17 00 45 85 e4 0f 84 81 02 00 00 e8 2e 06 17 00 4c 8b a3 40 0a 00 00 <f0> 41 80 0c 24 02 48 89 df e8 f9 f1 ff ff f0 80 4b 02 02 48 89 df
[   28.581825] RSP: 0018:ffffc9000111bd18 EFLAGS: 00010246
[   28.582094] RAX: 0000000000000000 RBX: ffff888011740000 RCX: ffffffff81173814
[   28.582455] RDX: 0000000000000000 RSI: ffff888011740000 RDI: 0000000000000002
[   28.582814] RBP: ffffc9000111bd38 R08: 0000000000000001 R09: 0000000000000001
[   28.583172] R10: 0000000000000001 R11: 0000000000000000 R12: 0000000000000000
[   28.583522] R13: ffff888011740028 R14: ffff888013c3bae0 R15: ffff88800196f1d8
[   28.583867] FS:  0000000000000000(0000) GS:ffff88807ec00000(0000) knlGS:0000000000000000
[   28.584259] CS:  0010 DS: 0000 ES: 0000 CR0: 0000000080050033
[   28.584541] CR2: 0000000000000000 CR3: 0000000012fa0005 CR4: 0000000000770ef0
[   28.584887] PKRU: 55555554
[   28.585027] note: repro[406] exited with irqs disabled
[   28.585298] Fixing recursive fault but reboot is needed!
[   28.585560] BUG: using smp_processor_id() in preemptible [00000000] code: repro/406
[   28.585932] caller is debug_smp_processor_id+0x20/0x30
[   28.586195] CPU: 0 PID: 406 Comm: repro Tainted: G      D W           6.3.0-2023-04-24-intel-next-591f7c2026cb+ #1
[   28.586695] Hardware name: QEMU Standard PC (i440FX + PIIX, 1996), BIOS 0.0.0 02/06/2015
[   28.587084] Call Trace:
[   28.587212]  <TASK>
[   28.587326]  dump_stack_lvl+0xe0/0x110
[   28.587539]  dump_stack+0x19/0x20
[   28.587720]  check_preemption_disabled+0x16a/0x180
[   28.587970]  debug_smp_processor_id+0x20/0x30
[   28.588197]  __schedule+0x32/0xc30
[   28.588383]  ? debug_smp_processor_id+0x20/0x30
[   28.588621]  do_task_dead+0x57/0x60
[   28.588811]  make_task_dead+0x25b/0x290
[   28.589011]  rewind_stack_and_make_dead+0x17/0x20
[   28.589263] RIP: 0033:0x7f8e1699ecf6
[   28.589449] Code: Unable to access opcode bytes at 0x7f8e1699eccc.
[   28.589751] RSP: 002b:00007ffe8384c588 EFLAGS: 00000246 ORIG_RAX: 00000000000000e7
[   28.590122] RAX: ffffffffffffffda RBX: 00007f8e16aa9490 RCX: 00007f8e1699ecf6
[   28.590471] RDX: 0000000000000000 RSI: 000000000000003c RDI: 0000000000000000
[   28.590819] RBP: 0000000000000000 R08: 00000000000000e7 R09: ffffffffffffff80
[   28.591166] R10: 0000000000000004 R11: 0000000000000246 R12: 00007f8e16aa9490
[   28.591518] R13: 0000000000000001 R14: 00007f8e16aace88 R15: 0000000000000000
[   28.591870]  </TASK>
[   28.591996] BUG: scheduling while atomic: repro/406/0x00000000
[   28.592286] INFO: lockdep is turned off.
[   28.592483] Modules linked in:
[   28.592641] Preemption disabled at:
[   28.592644] [<ffffffff811978ec>] do_task_dead+0x2c/0x60
[   28.593087] CPU: 0 PID: 406 Comm: repro Tainted: G      D W           6.3.0-2023-04-24-intel-next-591f7c2026cb+ #1
[   28.593588] Hardware name: QEMU Standard PC (i440FX + PIIX, 1996), BIOS 0.0.0 02/06/2015
[   28.593978] Call Trace:
[   28.594106]  <TASK>
[   28.594218]  dump_stack_lvl+0xe0/0x110
[   28.594421]  ? do_task_dead+0x2c/0x60
[   28.594618]  dump_stack+0x19/0x20
[   28.594800]  __schedule_bug+0xb7/0xe0
[   28.594998]  __schedule+0xaa6/0xc30
[   28.595186]  ? debug_smp_processor_id+0x20/0x30
[   28.595427]  do_task_dead+0x57/0x60
[   28.595617]  make_task_dead+0x25b/0x290
[   28.595817]  rewind_stack_and_make_dead+0x17/0x20
[   28.596065] RIP: 0033:0x7f8e1699ecf6
[   28.596248] Code: Unable to access opcode bytes at 0x7f8e1699eccc.
[   28.596549] RSP: 002b:00007ffe8384c588 EFLAGS: 00000246 ORIG_RAX: 00000000000000e7
[   28.596919] RAX: ffffffffffffffda RBX: 00007f8e16aa9490 RCX: 00007f8e1699ecf6
[   28.597266] RDX: 0000000000000000 RSI: 000000000000003c RDI: 0000000000000000
[   28.597613] RBP: 0000000000000000 R08: 00000000000000e7 R09: ffffffffffffff80
[   28.597960] R10: 0000000000000004 R11: 0000000000000246 R12: 00007f8e16aa9490
[   28.598307] R13: 0000000000000001 R14: 00007f8e16aace88 R15: 0000000000000000
[   28.598657]  </TASK>


ot@test ~]# 
[root@test ~]# 
[root@test ~]# 
[root@test ~]# 
[root@test ~]# 
[root@test ~]# 
[root@test ~]# 
[root@test ~]# init 0
[  OK  ] Started Show Plymouth Power Off Screen.
[  OK  ] Stopped Dynamic System Tuning Daemon.
[  OK  ] Stopped System Logging Service.
[  OK  ] Stopped target Network is Online.
[  OK  ] Stopped Network Manager Wait Online.
[**    ] A stop job is running for Session 1 of user root (6s / 1min 30s)QEMU: Terminated
[root@p-rplp01 image]# 
[root@p-rplp01 image]# 
[root@p-rplp01 image]# 
[root@p-rplp01 image]# ls
bisect.csv                                                                          bzImage_6.1rc3                                    Dockerfile    repro_ext4
bisect.csv_bak                                                                      bzImage_61rc6i                                    id_rsa_cent   repro_pmu
bisect_root_os.linux.intelnext.kernel_ceaa837f96adb69c0df0397937cd74991d5d821a.csv  bzImage_61rc6i_shstk                              mount_0.gz    ssh.sh
bisect_root_os.linux.intelnext.kernel_intel-6.3-rc1-2023-03-07.csv                  bzImage_6.3i_0424                                 mount_12.gz   start1.sh
bisect_root_os.linux.intelnext.kernel_intel-6.3-rc2-2023-03-13.csv                  bzImage_6.3i_tpm                                  mount_2.gz    start2.sh
bisect_root_os.linux.intelnext.kernel_intel-6.3-rc3-2023-03-20.csv                  bzImage_73d909b0233ab9bc055411c9c9e9f4a192a07c87  mount_4.gz    start3.sh
bisect_root_os.linux.intelnext.kernel_intel-6.3-rc4-2023-03-27.csv                  bzImage_b7b275e60bcd5f89771e865a8239325f86d9927d  my.cfg        start_cent.sh
bisect_root_os.linux.intelnext.kernel_intel-6.3-rc5-2023-04-03.csv                  bzImage_c9c3395d5e3dcc6daee66c6908354d47bf98cb0c  OVMF_CODE.fd  startm.sh
bisect_root_os.linux.intelnext.kernel_intel-6.3-rc6-2023-04-10.csv                  bzImage_ext4                                      pub.sh        startt.sh
bisect_root_os.linux.intelnext.kernel_intel-6.3-rc7-2023-04-17.csv                  bzImage_shstk_v410                                rep           start_vm_qemu.sh
bzImage_5.13-rc5m                                                                   centos8_2.img                                     rep.c         vm3.log
bzImage_5.14-rc5cet                                                                 centos8_3.img                                     repro         vm.log
bzImage_514rc6i0819_93715b26deb1783677a6c6db9951930caebc698b                        centos8.img                                       repro.c
[root@p-rplp01 image]# vi start3.sh 
#!/bin/bash

bzimage=$1
KERNEL="/root/os.linux.intelnext.kernel/"
#KERNEL="/home/intel-next-kernel"
IMAGE="/root/image"

#[[ -z "$bzimage" ]] && bzimage="./bzImage_5.14-rc5cet"
#[[ -z "$bzimage" ]] && bzimage="./bzImage_6.3i_0424"
[[ -z "$bzimage" ]] && bzimage="./bzImage_6.3i_tpm"

qemu-system-x86_64 \
        -m 2G \
        -smp 2 \
        -kernel $bzimage \
        -append "console=ttyS0 root=/dev/sda earlyprintk=serial net.ifnames=0 thunderbolt.dyndbg" \
        -drive if=pflash,format=raw,readonly=on,file=./OVMF_CODE.fd \
        -drive file=./centos8_3.img,format=raw \
        -net user,host=10.0.2.10,hostfwd=tcp:127.0.0.1:10023-:22 \
        -cpu host \
        -net nic,model=e1000 \
        -enable-kvm \
        -nographic \
        2>&1 | tee vm3.log

#       -device vfio-pci,host=00:07.0,id=hostdev1,addr=0x4 \
#       -kernel $KERNEL/arch/x86/boot/bzImage \
#       -kernel /root/image/bzImage_513rc5_thomas_0622 \
~                                                                                                                                                                     
~                                                                                                                                                                     
~                                                                                                                                                                     
~                                                                                                                                                                     
~                                                                                                                                                                     
~                                                                                                                                                                     
~                                                                                                                                                                     
~                                                                                                                                                                     
~                                                                                                                                                                     
~                                                                                                                                                                     
~                                                                                                                                                                     
"start3.sh" 28L, 939C written
[root@p-rplp01 image]# ./start3.sh 
3h
3h
3h
3h
[    0.000000] Linux version 6.3.0-2023-04-24-intel-next-tpmfix+ (root@xpf.sh.intel.com) (gcc (GCC) 8.5.0 20210514 (Red Hat 8.5.0-18), GNU ld version 2.36.1-2.el8) #4 SMP PREEMPT_DYNAMIC Thu Apr 27 09:45:07 CST 2023
[    0.000000] ********************************************************************************************
[    0.000000] * WARNING: Project Intel Next sources and binaries include Intel Confidential information. *
[    0.000000] *          For use by Intel Employees only; do not distribute externally.                  *
[    0.000000] ********************************************************************************************
[    0.000000] Command line: console=ttyS0 root=/dev/sda earlyprintk=serial net.ifnames=0 thunderbolt.dyndbg
[    0.000000] KERNEL supported cpus:
[    0.000000]   Intel GenuineIntel
[    0.000000]   AMD AuthenticAMD
[    0.000000]   Hygon HygonGenuine
[    0.000000]   Centaur CentaurHauls
[    0.000000]   zhaoxin   Shanghai  
[    0.000000] x86/fpu: Supporting XSAVE feature 0x001: 'x87 floating point registers'
[    0.000000] x86/fpu: Supporting XSAVE feature 0x002: 'SSE registers'
[    0.000000] x86/fpu: Supporting XSAVE feature 0x004: 'AVX registers'
[    0.000000] x86/fpu: Supporting XSAVE feature 0x200: 'Protection Keys User registers'
[    0.000000] x86/fpu: xstate_offset[2]:  576, xstate_sizes[2]:  256
[    0.000000] x86/fpu: xstate_offset[9]:  832, xstate_sizes[9]:    8
[    0.000000] x86/fpu: Enabled xstate features 0x207, context size is 840 bytes, using 'compacted' format.
[    0.000000] signal: max sigframe size: 3632
[    0.000000] BIOS-provided physical RAM map:
[    0.000000] BIOS-e820: [mem 0x0000000000000000-0x000000000009ffff] usable
[    0.000000] BIOS-e820: [mem 0x0000000000100000-0x00000000007fffff] usable
[    0.000000] BIOS-e820: [mem 0x0000000000800000-0x0000000000807fff] ACPI NVS
[    0.000000] BIOS-e820: [mem 0x0000000000808000-0x000000000080ffff] usable
[    0.000000] BIOS-e820: [mem 0x0000000000810000-0x00000000008fffff] ACPI NVS
[    0.000000] BIOS-e820: [mem 0x0000000000900000-0x000000007e80bfff] usable
[    0.000000] BIOS-e820: [mem 0x000000007e80c000-0x000000007e80dfff] ACPI data
[    0.000000] BIOS-e820: [mem 0x000000007e80e000-0x000000007e8b5fff] usable
[    0.000000] BIOS-e820: [mem 0x000000007e8b6000-0x000000007e8c3fff] ACPI NVS
[    0.000000] BIOS-e820: [mem 0x000000007e8c4000-0x000000007e8ddfff] reserved
[    0.000000] BIOS-e820: [mem 0x000000007e8de000-0x000000007e9edfff] usable
[    0.000000] BIOS-e820: [mem 0x000000007e9ee000-0x000000007eb1afff] reserved
[    0.000000] BIOS-e820: [mem 0x000000007eb1b000-0x000000007fb9afff] usable
[    0.000000] BIOS-e820: [mem 0x000000007fb9b000-0x000000007fbf2fff] reserved
[    0.000000] BIOS-e820: [mem 0x000000007fbf3000-0x000000007fbfafff] ACPI data
[    0.000000] BIOS-e820: [mem 0x000000007fbfb000-0x000000007fbfefff] ACPI NVS
[    0.000000] BIOS-e820: [mem 0x000000007fbff000-0x000000007ff4ffff] usable
[    0.000000] BIOS-e820: [mem 0x000000007ff50000-0x000000007ff6ffff] reserved
[    0.000000] BIOS-e820: [mem 0x000000007ff70000-0x000000007fffffff] ACPI NVS
[    0.000000] printk: bootconsole [earlyser0] enabled
[    0.000000] NX (Execute Disable) protection: active
[    0.000000] extended physical RAM map:
[    0.000000] reserve setup_data: [mem 0x0000000000000000-0x000000000009ffff] usable
[    0.000000] reserve setup_data: [mem 0x0000000000100000-0x00000000007fffff] usable
[    0.000000] reserve setup_data: [mem 0x0000000000800000-0x0000000000807fff] ACPI NVS
[    0.000000] reserve setup_data: [mem 0x0000000000808000-0x000000000080ffff] usable
[    0.000000] reserve setup_data: [mem 0x0000000000810000-0x00000000008fffff] ACPI NVS
[    0.000000] reserve setup_data: [mem 0x0000000000900000-0x000000007e7db017] usable
[    0.000000] reserve setup_data: [mem 0x000000007e7db018-0x000000007e801e57] usable
[    0.000000] reserve setup_data: [mem 0x000000007e801e58-0x000000007e802017] usable
[    0.000000] reserve setup_data: [mem 0x000000007e802018-0x000000007e80ba57] usable
[    0.000000] reserve setup_data: [mem 0x000000007e80ba58-0x000000007e80bfff] usable
[    0.000000] reserve setup_data: [mem 0x000000007e80c000-0x000000007e80dfff] ACPI data
[    0.000000] reserve setup_data: [mem 0x000000007e80e000-0x000000007e8b5fff] usable
[    0.000000] reserve setup_data: [mem 0x000000007e8b6000-0x000000007e8c3fff] ACPI NVS
[    0.000000] reserve setup_data: [mem 0x000000007e8c4000-0x000000007e8ddfff] reserved
[    0.000000] reserve setup_data: [mem 0x000000007e8de000-0x000000007e9edfff] usable
[    0.000000] reserve setup_data: [mem 0x000000007e9ee000-0x000000007eb1afff] reserved
[    0.000000] reserve setup_data: [mem 0x000000007eb1b000-0x000000007fb9afff] usable
[    0.000000] reserve setup_data: [mem 0x000000007fb9b000-0x000000007fbf2fff] reserved
[    0.000000] reserve setup_data: [mem 0x000000007fbf3000-0x000000007fbfafff] ACPI data
[    0.000000] reserve setup_data: [mem 0x000000007fbfb000-0x000000007fbfefff] ACPI NVS
[    0.000000] reserve setup_data: [mem 0x000000007fbff000-0x000000007ff4ffff] usable
[    0.000000] reserve setup_data: [mem 0x000000007ff50000-0x000000007ff6ffff] reserved
[    0.000000] reserve setup_data: [mem 0x000000007ff70000-0x000000007fffffff] ACPI NVS
[    0.000000] efi: EFI v2.7 by EDK II
[    0.000000] efi: SMBIOS=0x7fbcc000 ACPI=0x7fbfa000 ACPI 2.0=0x7fbfa014 MEMATTR=0x7efb2018 
[    0.000000] SMBIOS 2.8 present.
[    0.000000] DMI: QEMU Standard PC (i440FX + PIIX, 1996), BIOS 0.0.0 02/06/2015
[    0.000000] Hypervisor detected: KVM
[    0.000000] kvm-clock: Using msrs 4b564d01 and 4b564d00
[    0.000005] kvm-clock: using sched offset of 2854784883 cycles
[    0.000410] clocksource: kvm-clock: mask: 0xffffffffffffffff max_cycles: 0x1cd42e4dffb, max_idle_ns: 881590591483 ns
[    0.001668] tsc: Detected 2918.400 MHz processor
[    0.002196] last_pfn = 0x7ff50 max_arch_pfn = 0x400000000
[    0.002657] x86/PAT: Configuration [0-7]: WB  WC  UC- UC  WB  WP  UC- WT  
[    0.004000] Using GB pages for direct mapping
[    0.004000] Secure boot disabled
[    0.004000] ACPI: Early table checksum verification disabled
[    0.004000] ACPI: RSDP 0x000000007FBFA014 000024 (v02 BOCHS )
[    0.004000] ACPI: XSDT 0x000000007FBF90E8 00004C (v01 BOCHS  BXPC     00000001      01000013)
[    0.004000] ACPI: FACP 0x000000007FBF6000 000074 (v01 BOCHS  BXPC     00000001 BXPC 00000001)
[    0.004000] ACPI: DSDT 0x000000007FBF7000 0017BD (v01 BOCHS  BXPC     00000001 BXPC 00000001)
[    0.004000] ACPI: FACS 0x000000007FBFD000 000040
[    0.004000] ACPI: APIC 0x000000007FBF5000 000080 (v01 BOCHS  BXPC     00000001 BXPC 00000001)
[    0.004000] ACPI: HPET 0x000000007FBF4000 000038 (v01 BOCHS  BXPC     00000001 BXPC 00000001)
[    0.004000] ACPI: WAET 0x000000007FBF3000 000028 (v01 BOCHS  BXPC     00000001 BXPC 00000001)
[    0.004000] ACPI: BGRT 0x000000007E80D000 000038 (v01 INTEL  EDK2     00000002      01000013)
[    0.004000] ACPI: Reserving FACP table memory at [mem 0x7fbf6000-0x7fbf6073]
[    0.004000] ACPI: Reserving DSDT table memory at [mem 0x7fbf7000-0x7fbf87bc]
[    0.004000] ACPI: Reserving FACS table memory at [mem 0x7fbfd000-0x7fbfd03f]
[    0.004000] ACPI: Reserving APIC table memory at [mem 0x7fbf5000-0x7fbf507f]
[    0.004000] ACPI: Reserving HPET table memory at [mem 0x7fbf4000-0x7fbf4037]
[    0.004000] ACPI: Reserving WAET table memory at [mem 0x7fbf3000-0x7fbf3027]
[    0.004000] ACPI: Reserving BGRT table memory at [mem 0x7e80d000-0x7e80d037]
[    0.004000] No NUMA configuration found
[    0.004000] Faking a node at [mem 0x0000000000000000-0x000000007ff4ffff]
[    0.004000] NODE_DATA(0) allocated [mem 0x7febf000-0x7fee9fff]
[    0.004000] Zone ranges:
[    0.004000]   DMA      [mem 0x0000000000001000-0x0000000000ffffff]
[    0.004000]   DMA32    [mem 0x0000000001000000-0x000000007ff4ffff]
[    0.004000]   Normal   empty
[    0.004000]   Device   empty
[    0.004000] Movable zone start for each node
[    0.004000] Early memory node ranges
[    0.004000]   node   0: [mem 0x0000000000001000-0x000000000009ffff]
[    0.004000]   node   0: [mem 0x0000000000100000-0x00000000007fffff]
[    0.004000]   node   0: [mem 0x0000000000808000-0x000000000080ffff]
[    0.004000]   node   0: [mem 0x0000000000900000-0x000000007e80bfff]
[    0.004000]   node   0: [mem 0x000000007e80e000-0x000000007e8b5fff]
[    0.004000]   node   0: [mem 0x000000007e8de000-0x000000007e9edfff]
[    0.004000]   node   0: [mem 0x000000007eb1b000-0x000000007fb9afff]
[    0.004000]   node   0: [mem 0x000000007fbff000-0x000000007ff4ffff]
[    0.004000] Initmem setup node 0 [mem 0x0000000000001000-0x000000007ff4ffff]
[    0.004000] On node 0, zone DMA: 1 pages in unavailable ranges
[    0.004000] On node 0, zone DMA: 96 pages in unavailable ranges
[    0.004000] On node 0, zone DMA: 8 pages in unavailable ranges
[    0.004000] On node 0, zone DMA: 240 pages in unavailable ranges
[    0.004000] On node 0, zone DMA32: 2 pages in unavailable ranges
[    0.004000] On node 0, zone DMA32: 40 pages in unavailable ranges
[    0.004000] On node 0, zone DMA32: 301 pages in unavailable ranges
[    0.004000] On node 0, zone DMA32: 100 pages in unavailable ranges
[    0.004000] On node 0, zone DMA32: 176 pages in unavailable ranges
[    0.004000] ACPI: PM-Timer IO Port: 0xb008
[    0.004000] ACPI: LAPIC_NMI (acpi_id[0xff] dfl dfl lint[0x1])
[    0.004000] IOAPIC[0]: apic_id 0, version 17, address 0xfec00000, GSI 0-23
[    0.004000] ACPI: INT_SRC_OVR (bus 0 bus_irq 0 global_irq 2 dfl dfl)
[    0.004000] ACPI: INT_SRC_OVR (bus 0 bus_irq 5 global_irq 5 high level)
[    0.004000] ACPI: INT_SRC_OVR (bus 0 bus_irq 9 global_irq 9 high level)
[    0.004000] ACPI: INT_SRC_OVR (bus 0 bus_irq 10 global_irq 10 high level)
[    0.004000] ACPI: INT_SRC_OVR (bus 0 bus_irq 11 global_irq 11 high level)
[    0.004000] ACPI: Using ACPI (MADT) for SMP configuration information
[    0.004000] ACPI: HPET id: 0x8086a201 base: 0xfed00000
[    0.004000] TSC deadline timer available
[    0.004000] smpboot: Allowing 2 CPUs, 0 hotplug CPUs
[    0.004000] kvm-guest: KVM setup pv remote TLB flush
[    0.004000] kvm-guest: setup PV sched yield
[    0.004000] PM: hibernation: Registered nosave memory: [mem 0x00000000-0x00000fff]
[    0.004000] PM: hibernation: Registered nosave memory: [mem 0x000a0000-0x000fffff]
[    0.004000] PM: hibernation: Registered nosave memory: [mem 0x00800000-0x00807fff]
[    0.004000] PM: hibernation: Registered nosave memory: [mem 0x00810000-0x008fffff]
[    0.004000] PM: hibernation: Registered nosave memory: [mem 0x7e7db000-0x7e7dbfff]
[    0.004000] PM: hibernation: Registered nosave memory: [mem 0x7e801000-0x7e801fff]
[    0.004000] PM: hibernation: Registered nosave memory: [mem 0x7e802000-0x7e802fff]
[    0.004000] PM: hibernation: Registered nosave memory: [mem 0x7e80b000-0x7e80bfff]
[    0.004000] PM: hibernation: Registered nosave memory: [mem 0x7e80c000-0x7e80dfff]
[    0.004000] PM: hibernation: Registered nosave memory: [mem 0x7e8b6000-0x7e8c3fff]
[    0.004000] PM: hibernation: Registered nosave memory: [mem 0x7e8c4000-0x7e8ddfff]
[    0.004000] PM: hibernation: Registered nosave memory: [mem 0x7e9ee000-0x7eb1afff]
[    0.004000] PM: hibernation: Registered nosave memory: [mem 0x7ee5e000-0x7ee66fff]
[    0.004000] PM: hibernation: Registered nosave memory: [mem 0x7fb9b000-0x7fbf2fff]
[    0.004000] PM: hibernation: Registered nosave memory: [mem 0x7fbf3000-0x7fbfafff]
[    0.004000] PM: hibernation: Registered nosave memory: [mem 0x7fbfb000-0x7fbfefff]
[    0.004000] [mem 0x80000000-0xffffffff] available for PCI devices
[    0.004000] Booting paravirtualized kernel on KVM
[    0.004000] clocksource: refined-jiffies: mask: 0xffffffff max_cycles: 0xffffffff, max_idle_ns: 7645519600211568 ns
[    0.004000] setup_percpu: NR_CPUS:8192 nr_cpumask_bits:2 nr_cpu_ids:2 nr_node_ids:1
[    0.004000] percpu: Embedded 66 pages/cpu s233472 r8192 d28672 u1048576
[    0.004000] kvm-guest: PV spinlocks enabled
[    0.004000] PV qspinlock hash table entries: 256 (order: 0, 4096 bytes, linear)
[    0.004000] Fallback order for Node 0: 0 
[    0.004000] Built 1 zonelists, mobility grouping on.  Total pages: 513188
[    0.004000] Policy zone: DMA32
[    0.004000] Kernel command line: net.ifnames=0 console=ttyS0 root=/dev/sda earlyprintk=serial net.ifnames=0 thunderbolt.dyndbg
[    0.004000] random: crng init done
[    0.004000] Dentry cache hash table entries: 262144 (order: 9, 2097152 bytes, linear)
[    0.004000] Inode-cache hash table entries: 131072 (order: 8, 1048576 bytes, linear)
[    0.004000] mem auto-init: stack:off, heap alloc:off, heap free:off
[    0.004000] Memory: 1935292K/2093296K available (34816K kernel code, 4571K rwdata, 9844K rodata, 10464K init, 31796K bss, 157748K reserved, 0K cma-reserved)
[    0.004000] SLUB: HWalign=64, Order=0-3, MinObjects=0, CPUs=2, Nodes=1
[    0.004000] kmemleak: Kernel memory leak detector disabled
[    0.004000] ftrace: allocating 69253 entries in 271 pages
[    0.004000] ftrace: allocated 271 pages with 5 groups
[    0.004000] Dynamic Preempt: voluntary
[    0.004000] Running RCU self tests
[    0.004000] Running RCU synchronous self tests
[    0.004000] rcu: Preemptible hierarchical RCU implementation.
[    0.004000] rcu:     RCU lockdep checking is enabled.
[    0.004000] rcu:     RCU restricting CPUs from NR_CPUS=8192 to nr_cpu_ids=2.
[    0.004000]  Trampoline variant of Tasks RCU enabled.
[    0.004000]  Rude variant of Tasks RCU enabled.
[    0.004000]  Tracing variant of Tasks RCU enabled.
[    0.004000] rcu: RCU calculated value of scheduler-enlistment delay is 25 jiffies.
[    0.004000] rcu: Adjusting geometry for rcu_fanout_leaf=16, nr_cpu_ids=2
[    0.004000] Running RCU synchronous self tests
[    0.004000] NR_IRQS: 524544, nr_irqs: 440, preallocated irqs: 16
[    0.004000] rcu: srcu_init: Setting srcu_struct sizes based on contention.
[    0.004000] Console: colour dummy device 80x25
[    0.004000] printk: console [ttyS0] enabled
[    0.004000] printk: console [ttyS0] enabled
[    0.004000] printk: bootconsole [earlyser0] disabled
[    0.004000] printk: bootconsole [earlyser0] disabled
[    0.004000] Lock dependency validator: Copyright (c) 2006 Red Hat, Inc., Ingo Molnar
[    0.004000] ... MAX_LOCKDEP_SUBCLASSES:  8
[    0.004000] ... MAX_LOCK_DEPTH:          48
[    0.004000] ... MAX_LOCKDEP_KEYS:        8192
[    0.004000] ... CLASSHASH_SIZE:          4096
[    0.004000] ... MAX_LOCKDEP_ENTRIES:     32768
[    0.004000] ... MAX_LOCKDEP_CHAINS:      65536
[    0.004000] ... CHAINHASH_SIZE:          32768
[    0.004000]  memory used by lock dependency info: 6365 kB
[    0.004000]  memory used for stack traces: 4224 kB
[    0.004000]  per task-struct memory footprint: 1920 bytes
[    0.004000] ACPI: Core revision 20230331
[    0.004000] clocksource: hpet: mask: 0xffffffff max_cycles: 0xffffffff, max_idle_ns: 19112604467 ns
[    0.004000] APIC: Switch to symmetric I/O mode setup
[    0.004000] x2apic enabled
[    0.004000] Switched APIC routing to physical x2apic.
[    0.004000] kvm-guest: setup PV IPIs
[    0.004000] ..TIMER: vector=0x30 apic1=0 pin1=2 apic2=-1 pin2=-1
[    0.004000] clocksource: tsc-early: mask: 0xffffffffffffffff max_cycles: 0x2a11290c0c8, max_idle_ns: 440795344938 ns
[    0.246145] Calibrating delay loop (skipped) preset value.. 5836.80 BogoMIPS (lpj=11673600)
[    0.247052] pid_max: default: 32768 minimum: 301
[    0.253241] LSM: initializing lsm=capability,yama,integrity
[    0.253903] Yama: becoming mindful.
[    0.254346] Mount-cache hash table entries: 4096 (order: 3, 32768 bytes, linear)
[    0.255096] Mountpoint-cache hash table entries: 4096 (order: 3, 32768 bytes, linear)
[    0.257114] x86/cpu: User Mode Instruction Prevention (UMIP) activated
[    0.257915] Last level iTLB entries: 4KB 0, 2MB 0, 4MB 0
[    0.258135] Last level dTLB entries: 4KB 0, 2MB 0, 4MB 0, 1GB 0
[    0.258755] Spectre V1 : Mitigation: usercopy/swapgs barriers and __user pointer sanitization
[    0.259684] Spectre V2 : WARNING: Unprivileged eBPF is enabled with eIBRS on, data leaks possible via Spectre v2 BHB attacks!
[    0.260874] Spectre V2 : Mitigation: Enhanced / Automatic IBRS
[    0.261506] Spectre V2 : Spectre v2 / SpectreRSB mitigation: Filling RSB on context switch
[    0.262130] Spectre V2 : Spectre v2 / PBRSB-eIBRS: Retire a single CALL on VMEXIT
[    0.262923] Spectre V2 : mitigation: Enabling conditional Indirect Branch Prediction Barrier
[    0.263749] Speculative Store Bypass: Mitigation: Speculative Store Bypass disabled via prctl
[    0.264579] MMIO Stale Data: Unknown: No mitigations
[    0.382445] Freeing SMP alternatives memory: 56K
[    0.382853] Running RCU synchronous self tests
[    0.383318] Running RCU synchronous self tests
[    0.383997] smpboot: CPU0: 13th Gen Intel(R) CoreT i7-13800H (family: 0x6, model: 0xba, stepping: 0x2)
[    0.385457] Running RCU-tasks wait API self tests
[    0.486389] Performance Events: unsupported p6 CPU model 186 no PMU driver, software events only.
[    0.487994] rcu: Hierarchical SRCU implementation.
[    0.488731] rcu:     Max phase no-delay instances is 1000.
[    0.493300] NMI watchdog: Perf NMI watchdog permanently disabled
[    0.493962] smp: Bringing up secondary CPUs ...
[    0.494151] Callback from call_rcu_tasks_trace() invoked.
[    0.495039] x86: Booting SMP configuration:
[    0.495366] .... node  #0, CPUs:      #1
[    0.496221] smp: Brought up 1 node, 2 CPUs
[    0.496221] smpboot: Max logical packages: 1
[    0.496221] smpboot: Total of 2 processors activated (11673.60 BogoMIPS)
[    0.498664] devtmpfs: initialized
[    0.498700] x86/mm: Memory block size: 128MB
[    0.500822] ACPI: PM: Registering ACPI NVS region [mem 0x00800000-0x00807fff] (32768 bytes)
[    0.502147] ACPI: PM: Registering ACPI NVS region [mem 0x00810000-0x008fffff] (983040 bytes)
[    0.502840] ACPI: PM: Registering ACPI NVS region [mem 0x7e8b6000-0x7e8c3fff] (57344 bytes)
[    0.503466] ACPI: PM: Registering ACPI NVS region [mem 0x7fbfb000-0x7fbfefff] (16384 bytes)
[    0.504091] ACPI: PM: Registering ACPI NVS region [mem 0x7ff70000-0x7fffffff] (589824 bytes)
[    0.504957] Running RCU synchronous self tests
[    0.505298] Running RCU synchronous self tests
[    0.505677] clocksource: jiffies: mask: 0xffffffff max_cycles: 0xffffffff, max_idle_ns: 7645041785100000 ns
[    0.506142] futex hash table entries: 512 (order: 4, 65536 bytes, linear)
[    0.506859] pinctrl core: initialized pinctrl subsystem
[    0.507758] 
[    0.507882] *************************************************************
[    0.508388] **     NOTICE NOTICE NOTICE NOTICE NOTICE NOTICE NOTICE    **
[    0.508892] **                                                         **
[    0.509394] **  IOMMU DebugFS SUPPORT HAS BEEN ENABLED IN THIS KERNEL  **
[    0.509899] **                                                         **
[    0.510130] ** This means that this kernel is built to expose internal **
[    0.510633] ** IOMMU data structures, which may compromise security on **
[    0.511138] ** your system.                                            **
[    0.511642] **                                                         **
[    0.512144] ** If you see this message and you are not debugging the   **
[    0.512648] ** kernel, report this immediately to your vendor!         **
[    0.513150] **                                                         **
[    0.513643] **     NOTICE NOTICE NOTICE NOTICE NOTICE NOTICE NOTICE    **
[    0.514129] *************************************************************
[    0.514666] PM: RTC time: 01:44:29, date: 2023-04-27
[    0.517565] NET: Registered PF_NETLINK/PF_ROUTE protocol family
[    0.518643] DMA: preallocated 256 KiB GFP_KERNEL pool for atomic allocations
