Return-Path: <linux-kernel-owner@vger.kernel.org>
X-Original-To: lists+linux-kernel@lfdr.de
Delivered-To: lists+linux-kernel@lfdr.de
Received: from out1.vger.email (out1.vger.email [IPv6:2620:137:e000::1:20])
	by mail.lfdr.de (Postfix) with ESMTP id 5B88B6A51A1
	for <lists+linux-kernel@lfdr.de>; Tue, 28 Feb 2023 04:10:05 +0100 (CET)
Received: (majordomo@vger.kernel.org) by vger.kernel.org via listexpand
        id S229958AbjB1DKD (ORCPT <rfc822;lists+linux-kernel@lfdr.de>);
        Mon, 27 Feb 2023 22:10:03 -0500
Received: from lindbergh.monkeyblade.net ([23.128.96.19]:50750 "EHLO
        lindbergh.monkeyblade.net" rhost-flags-OK-OK-OK-OK) by vger.kernel.org
        with ESMTP id S229720AbjB1DKB (ORCPT
        <rfc822;linux-kernel@vger.kernel.org>);
        Mon, 27 Feb 2023 22:10:01 -0500
Received: from mga18.intel.com (mga18.intel.com [134.134.136.126])
        by lindbergh.monkeyblade.net (Postfix) with ESMTPS id 156041C7E2
        for <linux-kernel@vger.kernel.org>; Mon, 27 Feb 2023 19:09:54 -0800 (PST)
DKIM-Signature: v=1; a=rsa-sha256; c=relaxed/simple;
  d=intel.com; i=@intel.com; q=dns/txt; s=Intel;
  t=1677553794; x=1709089794;
  h=date:from:to:cc:subject:message-id:references:
   in-reply-to:mime-version;
  bh=Ucb3SbbZDjULm6zU4kedppLEY6Rj4JinwAs2TGuuG4c=;
  b=Xu0mTjfsFMyZ9RXCDey687ms6M4UYtbCgSlXzpfkGeBl6lsBdatRbA3J
   a1bkWftWadM4JV6ulDTfpeK8dHl+8woIRqE1oVnCb0IgTFik4nAmRqLRB
   Sx3TvE0WuvCS1EkhixCC+OO9V4rmUcRZFQKwHCLE4+dWT5W9d0kOrRta3
   ZOO9E2AyI1jHyy7g4k8tMdkChYaJ1aUYoNVAQrSetMb1kDbwLrjMX2pJf
   xHnP4xuOliPPTlS9WaLe8ZHuP2omPpl/gc+WhvV9pbU1Ih0DfOVpZCo7o
   O91S58PYCDTRaKftBGGADkXBFIT1U/gjvkYz605z8niJdxaTJw0mmhtRA
   w==;
X-IronPort-AV: E=McAfee;i="6500,9779,10634"; a="317833535"
X-IronPort-AV: E=Sophos;i="5.98,220,1673942400"; 
   d="log'?scan'208";a="317833535"
Received: from fmsmga008.fm.intel.com ([10.253.24.58])
  by orsmga106.jf.intel.com with ESMTP/TLS/ECDHE-RSA-AES256-GCM-SHA384; 27 Feb 2023 19:09:52 -0800
X-ExtLoop1: 1
X-IronPort-AV: E=McAfee;i="6500,9779,10634"; a="737988371"
X-IronPort-AV: E=Sophos;i="5.98,220,1673942400"; 
   d="log'?scan'208";a="737988371"
Received: from fmsmsx601.amr.corp.intel.com ([10.18.126.81])
  by fmsmga008.fm.intel.com with ESMTP; 27 Feb 2023 19:09:52 -0800
Received: from fmsmsx611.amr.corp.intel.com (10.18.126.91) by
 fmsmsx601.amr.corp.intel.com (10.18.126.81) with Microsoft SMTP Server
 (version=TLS1_2, cipher=TLS_ECDHE_RSA_WITH_AES_128_GCM_SHA256) id
 15.1.2507.16; Mon, 27 Feb 2023 19:09:51 -0800
Received: from fmsmsx602.amr.corp.intel.com (10.18.126.82) by
 fmsmsx611.amr.corp.intel.com (10.18.126.91) with Microsoft SMTP Server
 (version=TLS1_2, cipher=TLS_ECDHE_RSA_WITH_AES_128_GCM_SHA256) id
 15.1.2507.16; Mon, 27 Feb 2023 19:09:51 -0800
Received: from FMSEDG603.ED.cps.intel.com (10.1.192.133) by
 fmsmsx602.amr.corp.intel.com (10.18.126.82) with Microsoft SMTP Server
 (version=TLS1_2, cipher=TLS_ECDHE_RSA_WITH_AES_128_GCM_SHA256) id
 15.1.2507.16 via Frontend Transport; Mon, 27 Feb 2023 19:09:51 -0800
Received: from NAM11-BN8-obe.outbound.protection.outlook.com (104.47.58.168)
 by edgegateway.intel.com (192.55.55.68) with Microsoft SMTP Server
 (version=TLS1_2, cipher=TLS_ECDHE_RSA_WITH_AES_256_GCM_SHA384) id
 15.1.2507.16; Mon, 27 Feb 2023 19:09:50 -0800
ARC-Seal: i=1; a=rsa-sha256; s=arcselector9901; d=microsoft.com; cv=none;
 b=SfBGA0sHR/aazxZX7VtsGiuoAGrteffN7dX/hqA8UizM2yHZGVscwSGEyQW2yMZZd+pfWWX3MuPM3wxwNiDw142GYNqK6OM+2HfKLIF5cagdlSCVdfLFoY4Oe8HuOq2k9gNrMW//snmD58L2847sOuKdGYpSg+S7DXYNPRIo2TVYxre1LQgwOZ4IvDXMerVKs7M1EU6yjqH8DtI0tBV5pKoVqurbQbClXwKY/TAsOyfVUXAEZ5AFlMxAZ8SjUpyCFX7yR5A9KuOdJJMbQuBK9WWk9CYj4vBQWv06xLs144oF/5Bvwa7K+8niiZwISzv78JK9YNYGLmGerpsEPn4Seg==
ARC-Message-Signature: i=1; a=rsa-sha256; c=relaxed/relaxed; d=microsoft.com;
 s=arcselector9901;
 h=From:Date:Subject:Message-ID:Content-Type:MIME-Version:X-MS-Exchange-AntiSpam-MessageData-ChunkCount:X-MS-Exchange-AntiSpam-MessageData-0:X-MS-Exchange-AntiSpam-MessageData-1;
 bh=79lHB57RzIj63wdnpS2LguBk4+SH5D2NKWLxOzblRMk=;
 b=ktfkTEZDwl4306vZcxoIkl+tw8VBzk6+nSTh9yFSnnyfXn6sHAnDhZnTYy8NKEB3aHzZFapWZ2WufoBy7an4c17CVrRfDncVnqdDQh8zdouo+Omazk9uylqsEbSyDqsHbqAWqrRtXvTJZ3j9xxXldA9F0OA73dUBdWc4CurKOdKiCRCJskjPSe08ik4ATIxuoVaFElbcYRbJwmp6mPxuePMqdt0vJdTg5OIK5vfhKu+Reh7gGywuIIsdo+1bmayV7OOi7QAkbeRnPHOyo5RsIQsk30kXhaiQ6PLm/a/C6xBjZpwAYmTdXS0W3de5U2R99rjZOMkTkr9RyU/1wx0KBA==
ARC-Authentication-Results: i=1; mx.microsoft.com 1; spf=pass
 smtp.mailfrom=intel.com; dmarc=pass action=none header.from=intel.com;
 dkim=pass header.d=intel.com; arc=none
Authentication-Results: dkim=none (message not signed)
 header.d=none;dmarc=none action=none header.from=intel.com;
Received: from PH0PR11MB4839.namprd11.prod.outlook.com (2603:10b6:510:42::18)
 by CH0PR11MB5441.namprd11.prod.outlook.com (2603:10b6:610:d0::16) with
 Microsoft SMTP Server (version=TLS1_2,
 cipher=TLS_ECDHE_RSA_WITH_AES_256_GCM_SHA384) id 15.20.6134.30; Tue, 28 Feb
 2023 03:09:48 +0000
Received: from PH0PR11MB4839.namprd11.prod.outlook.com
 ([fe80::e28f:b27b:4b9d:2154]) by PH0PR11MB4839.namprd11.prod.outlook.com
 ([fe80::e28f:b27b:4b9d:2154%8]) with mapi id 15.20.6134.030; Tue, 28 Feb 2023
 03:09:48 +0000
Date:   Tue, 28 Feb 2023 11:11:06 +0800
From:   Pengfei Xu <pengfei.xu@intel.com>
To:     Jason Gunthorpe <jgg@ziepe.ca>
CC:     <baolu.lu@intel.com>, <yi.l.liu@intel.com>, <kevin.tian@intel.com>,
        <heng.su@intel.com>, <linux-kernel@vger.kernel.org>
Subject: Re: [Syzkaller & bisect] There was "iommufd_test" WARNING in v6.2 in
 guest
Message-ID: <Y/1wyrjMOI/f5O/Q@xpf.sh.intel.com>
References: <Y/hOiilV1wJvu/Hv@xpf.sh.intel.com>
 <Y/jOTXCgySjAQnuX@ziepe.ca>
 <Y/xHzER5ZO482zEH@xpf.sh.intel.com>
Content-Type: multipart/mixed; boundary="i1OIEp6D4TgV7B0r"
Content-Disposition: inline
In-Reply-To: <Y/xHzER5ZO482zEH@xpf.sh.intel.com>
X-ClientProxiedBy: SG2P153CA0039.APCP153.PROD.OUTLOOK.COM (2603:1096:4:c6::8)
 To PH0PR11MB4839.namprd11.prod.outlook.com (2603:10b6:510:42::18)
MIME-Version: 1.0
X-MS-PublicTrafficType: Email
X-MS-TrafficTypeDiagnostic: PH0PR11MB4839:EE_|CH0PR11MB5441:EE_
X-MS-Office365-Filtering-Correlation-Id: 3f0f8c16-b4dc-4a72-0ebe-08db19393fb1
X-MS-Exchange-SenderADCheck: 1
X-MS-Exchange-AntiSpam-Relay: 0
X-Microsoft-Antispam: BCL:0;
X-Microsoft-Antispam-Message-Info: q3Le6+LBAKptkvDA0j58+MP0Al4+1oVRxK9Wy0wclh3viXG6r4qfkiSjTM/EtykhP2dvm3E+l9QyfcQafs2i2pi/hBmUZtHOB8EjxH95hxKH5LsTp5Oqay9YysdTDYqyUfIoZjF7Rkf684L6cC1Hd5pEuyugv1+AoPIrTGb4+7rgb67QU997hZdNGSi4nrkur/vw0mf807iLDkA8TszTJ5KWz1R4N49pxJXSL8lCf8E87OfKUa3liVHGZzH5KHYcpulLrU4Mi7F222iwTu4wx9Ue0rPyCO5UxzTSh6yIL2b1NoRH+MQ8COg82vnwAuHO48EO6RS9mhg0iNZrqC0xbnHBOgweRzIbMz3sdBEvXRhso8/QiYgoO7mGoWlv5HcwkQHiqTNgJhigrDk9lAVqaW8XM8EuOE+MvYg+wnAXbrbBk1d2/eCHPQZXbGRQoDTqcW6DeHQm8tnAipcp1qIg8Cwthy5fPrjSfrjsPFwIA2wT4UREH4rW87cOWF3cDxj1MdsIutv5WUquk1PBAdwrbMdyk9iPd0j3ekoiEfn10Ds25htBwO+5mqDUqmosKaXnbFJ2ttHALo9lTe7dP2ARi/8VDbKH4RMsvigsXmKLwkqH+SEH1oTEfnfqk1JOtmssyD3myDmkg8VyWtSLm9wto6cSuAuCUeobNUXiAcr1wVg4hu1B3iWWlJ04Nn3vhm3VRAX2FAHbkvBmpaBCwvlvBV8SUSYc9BFlobUrscGT4Lc=
X-Forefront-Antispam-Report: CIP:255.255.255.255;CTRY:;LANG:en;SCL:1;SRV:;IPV:NLI;SFV:NSPM;H:PH0PR11MB4839.namprd11.prod.outlook.com;PTR:;CAT:NONE;SFS:(13230025)(346002)(366004)(39860400002)(136003)(376002)(396003)(451199018)(6486002)(83380400001)(45080400002)(966005)(82960400001)(478600001)(316002)(26005)(41300700001)(21480400003)(186003)(6666004)(53546011)(44144004)(33964004)(6506007)(6512007)(235185007)(5660300002)(44832011)(38100700002)(66946007)(86362001)(2906002)(8936002)(66476007)(4326008)(6916009)(8676002)(66556008)(2700100001);DIR:OUT;SFP:1102;
X-MS-Exchange-AntiSpam-MessageData-ChunkCount: 1
X-MS-Exchange-AntiSpam-MessageData-0: =?us-ascii?Q?n0eBLwZrra3HzikIkIIHupc5oTA4TQBCcWqjRhXDLJLD8mXTpV3vE8MZ+cyi?=
 =?us-ascii?Q?lxKsyCd4xyuAgrxRR4xkcePYlwnSGlae3wlnX8Fi7rqfR9wzE4CPx9wEFEfC?=
 =?us-ascii?Q?F/msWnNvW8f8IrAMbHRkV4md5XzSfT8v2hvYnrtwE7a7zGj6j7v5JgrvylBJ?=
 =?us-ascii?Q?+8ceSydMAibp0gIEEBltpGYL8O8f5QURXHBA2K8n022OtoWfr6Hifks7FFkR?=
 =?us-ascii?Q?NOjZNR1M8IXP55lSkTuDG4jElbPb5p/VedUks7CbxgHqp5WrEG/vXsGmcOxT?=
 =?us-ascii?Q?2BAKGJ/bPGMcC4gpNDavpFZxBGp3W/L5AWyRF8HLh/fDoDyrP6t2bgPw0KaL?=
 =?us-ascii?Q?QdR6HXHlTV2uprp+t3NS9hQ4i3LhEqX0AY4UglWekM1GLrn8rZcPSysWGOfK?=
 =?us-ascii?Q?BTq1Jf0I5RFvKpJ1WTJMGLUFRFTGSHd2Y40yqDctu/AKVyam3mx8JTDSEXdH?=
 =?us-ascii?Q?czaYkhnZhOJci0NgvMvtPJF7ZnlBEphvYB/2Pr5hGb/FSJkuF/Hw1K/CpAtP?=
 =?us-ascii?Q?2SQbFVT9U3HZcxm5sl8vv4nMPszqiRzW+MtNvVVDVgoaG+6+vUvfAeFipiWV?=
 =?us-ascii?Q?fjJW+AK8yhBrrIWZmWqy85wt6GUba2JWeCnq3RKAgUMT31f7DDNsR2U8TDdU?=
 =?us-ascii?Q?gwfbBhE5KU77S43PgGmHODLz1ZJikPvvjDvXYoo3Rn9RPeAESYvRnbmOQ+lr?=
 =?us-ascii?Q?kl5XB23KrECIsTlmh6ksEJoG8zc3kcjlrwKZcWuh+4ZfoN487vRMWvQD8Vai?=
 =?us-ascii?Q?wM9g03PjdC5BmDGS1eRtDI1UQC8HbrnNnzgxU+9nXVHh81SeIIxTi0lC+H0v?=
 =?us-ascii?Q?vYlaxOTbM30wvPmMPAiDGrZnYzDf9VJilEqcjbD3/wj6OQEs/Ic6H8rO4ju1?=
 =?us-ascii?Q?nO63tu8/rb+trXt7nttzae5I4pjvaFMKvq/SI6zpI8LIokJtHcUgtfih6Zv8?=
 =?us-ascii?Q?GbMxxYM8wzjSmQWVNVZNy6TR3LxdmH9m7ngtD90Jlmf/RJXnRqOFwuGUHXLw?=
 =?us-ascii?Q?GKTbJ/cg7K29aRa29Yltg/xjOJAKBPYPrnJ570GPhTw0L+eyFDMP/nO1cGSd?=
 =?us-ascii?Q?3vy054t5mnj4ta7L+wbif3VY09+N1/asb/Ns/9gJJxEFoVfQUqsvxZxEW3KD?=
 =?us-ascii?Q?iL3C+Jezfs6AF7/MFiip1VVPjgVmcO/mjGQjBL7Bu68a9mUrUBwx2CgDAe7e?=
 =?us-ascii?Q?Y6OLOE3XiA1SVQziZaDqAoVhWsGXqqX0LMzOk4tKqm6/JO48Zxp45a1R+N/L?=
 =?us-ascii?Q?Q/HTS8GSmuFWbqSE8v4AMjUULrfE0aF9X7Jn0c/mfWh7HQ4GEUaYvQgCZNkc?=
 =?us-ascii?Q?tbHB193Snz+h1+xB1v5yWRcHRptQCJdS/aEv4k6087oNOH6naL7U9MkoOc4Q?=
 =?us-ascii?Q?P7eLth14jB5i9Q/Z6dFT61mMVVhFaese/ip6lehC+BmlT51sT4+FHFPss8YM?=
 =?us-ascii?Q?K0cWkeoW1Jqf/jfruiAdgU/8mbo3WMIuX+IonIAUUmXbS7WUgPSparVsH4KW?=
 =?us-ascii?Q?kWbQs9jc40wOX7oQXnZvH0+yqUYWj8P24H5vL68zFIlG4htHU4KeWN9l8ima?=
 =?us-ascii?Q?ads+niJ8fEqaepWaFoUQK+rSIgF1niRIqV9vdXid83ByHquxDc70oUCTm/+4?=
 =?us-ascii?Q?Gw=3D=3D?=
X-MS-Exchange-CrossTenant-Network-Message-Id: 3f0f8c16-b4dc-4a72-0ebe-08db19393fb1
X-MS-Exchange-CrossTenant-AuthSource: PH0PR11MB4839.namprd11.prod.outlook.com
X-MS-Exchange-CrossTenant-AuthAs: Internal
X-MS-Exchange-CrossTenant-OriginalArrivalTime: 28 Feb 2023 03:09:48.2954
 (UTC)
X-MS-Exchange-CrossTenant-FromEntityHeader: Hosted
X-MS-Exchange-CrossTenant-Id: 46c98d88-e344-4ed4-8496-4ed7712e255d
X-MS-Exchange-CrossTenant-MailboxType: HOSTED
X-MS-Exchange-CrossTenant-UserPrincipalName: F/OqaDm6LMimXSxk2JeU00OoR3KSJZJRmrkEDGJsnl+KL+f8/CR7R3lyTZl4zo5nwrBKyXeLKEL8d9SKPzFm4Q==
X-MS-Exchange-Transport-CrossTenantHeadersStamped: CH0PR11MB5441
X-OriginatorOrg: intel.com
X-Spam-Status: No, score=-2.1 required=5.0 tests=BAYES_00,DKIMWL_WL_HIGH,
        DKIM_SIGNED,DKIM_VALID,DKIM_VALID_AU,DKIM_VALID_EF,SPF_HELO_NONE,
        SPF_NONE autolearn=ham autolearn_force=no version=3.4.6
X-Spam-Checker-Version: SpamAssassin 3.4.6 (2021-04-09) on
        lindbergh.monkeyblade.net
Precedence: bulk
List-ID: <linux-kernel.vger.kernel.org>
X-Mailing-List: linux-kernel@vger.kernel.org

--i1OIEp6D4TgV7B0r
Content-Type: text/plain; charset="us-ascii"
Content-Disposition: inline

Hi Jason,

On 2023-02-27 at 14:03:56 +0800, Pengfei Xu wrote:
> Hi Jason,
> 
> On 2023-02-24 at 10:48:45 -0400, Jason Gunthorpe wrote:
> > On Fri, Feb 24, 2023 at 01:43:38PM +0800, Pengfei Xu wrote:
> > > Hi Jason,
> > > 
> > > Greeting!
> > > 
> > > Platform: ADL-S and x86 platforms
> > > Host kernel 6.2.0-rc7 which doesn't enable iommufd by host kconfig setting as
> > > below:
> > > "# CONFIG_IOMMUFD is not set"
> > > 
> > > Guest kconfig with iommufd enabled: https://github.com/xupengfe/syzkaller_logs/blob/main/230224_044002_iommufd_test/kconfig_origin
> > > Reproduced code: https://github.com/xupengfe/syzkaller_logs/blob/main/230224_044002_iommufd_test/repro.c
> > > v6.2 problem dmesg: https://github.com/xupengfe/syzkaller_logs/blob/main/230224_044002_iommufd_test/v6.2_c9c3395d5e3dcc6daee66c6908354d47bf98cb0c_dmesg.log
> > > Bisect info: https://github.com/xupengfe/syzkaller_logs/blob/main/230224_044002_iommufd_test/bisect_info.log
> > > 
> > > There was "iommufd_test" WARNING in v6.2 in guest:
> > > [   32.012827] ------------[ cut here ]------------
> > > [   32.013027] WARNING: CPU: 1 PID: 393 at drivers/iommu/iommufd/selftest.c:403 iommufd_test+0xb19/0x16f0
> > > [   32.013410] Modules linked in:
> > 
> > I didn't include the IOMMU_TEST_OP_MD_CHECK_REFS in the syzkaller
> > descriptions, how did you hit this?
> > 
> I am new to iommufd feature, and I'm not sure how syzkaller got to this
> unexpected test point.
> 
> Anyway, I provided syzkaller repo top commit id info on that ADL-S:
> commit bcdf85f8bd3fccff5bc9507a589c4847d9b35405 (HEAD -> master)
> Author: Dmitry Vyukov <dvyukov@google.com>
> Date:   Fri Feb 17 09:58:24 2023 +0100
>     dashboard/config/linux: enable DWARF4 for all
> 
> And I didn't change the file "syzkaller/sys/linux/dev_iommu.txt.const":
...

> 
> > Anyhow, it is a small issue in the test suite because uptr + length overflows:
> > 
>   Thanks a lot for your patch! I'm glad it's helpful.
> 
>   Thanks!
>   BR.
> 
> > --- a/drivers/iommu/iommufd/selftest.c
> > +++ b/drivers/iommu/iommufd/selftest.c
> > @@ -568,13 +568,17 @@ static int iommufd_test_md_check_refs(struct iommufd_ucmd *ucmd,
> >                                       void __user *uptr, size_t length,
> >                                       unsigned int refs)
> >  {
> > -       if (length % PAGE_SIZE || (uintptr_t)uptr % PAGE_SIZE)
> > +       uintptr_t end;
> > +
> > +       if (length % PAGE_SIZE || (uintptr_t)uptr % PAGE_SIZE ||
> > +           check_add_overflow((uintptr_t)uptr, (uintptr_t)length, &end))
> >                 return -EINVAL;
> > 
 I tested above patch on top of v6.2 kernel, there was no iommufd_test issue.
 This issue was fixed.
 Attached is the fixed dmesg log.

 Thanks!
 BR.

> > Jason

--i1OIEp6D4TgV7B0r
Content-Type: text/plain; charset="utf-8"
Content-Disposition: attachment; filename="v6.2_iommufd_test_fixed.log"
Content-Transfer-Encoding: quoted-printable

=1Bc=1B[?7l=1B[2J=1B[0mSeaBIOS (version rel-1.16.0-0-gd239552ce722-prebuilt=
.qemu.org)=0D


iPXE (http://ipxe.org) 00:03.0 CA00 PCI2.10 PnP PMM+7FF91000+7FEF1000 CA00=
=0D
Press Ctrl-B to configure iPXE (PCI 00:03.0)...=0D                         =
                                                      =0D


Booting from ROM..=1Bc=1B[?7l=1B[2J[    0.000000] Linux version 6.2.0-kvmio=
mmufd+ (root@xpf.sh.intel.com) (gcc (GCC) 8.5.0 20210514 (Red Hat 8.5.0-17)=
, GNU ld version 2.36.1-2.el8) #20 SMP PREEMPT_DYNAMIC Tue Feb 28 11:00:58 =
CST 2023=0D
[    0.000000] Command line: console=3DttyS0 root=3D/dev/sda earlyprintk=3D=
serial net.ifnames=3D0 thunderbolt.dyndbg=0D
[    0.000000] KERNEL supported cpus:=0D
[    0.000000]   Intel GenuineIntel=0D
[    0.000000]   AMD AuthenticAMD=0D
[    0.000000]   Hygon HygonGenuine=0D
[    0.000000]   Centaur CentaurHauls=0D
[    0.000000]   zhaoxin   Shanghai  =0D
[    0.000000] x86/fpu: Supporting XSAVE feature 0x001: 'x87 floating point=
 registers'=0D
[    0.000000] x86/fpu: Supporting XSAVE feature 0x002: 'SSE registers'=0D
[    0.000000] x86/fpu: Supporting XSAVE feature 0x004: 'AVX registers'=0D
[    0.000000] x86/fpu: Supporting XSAVE feature 0x200: 'Protection Keys Us=
er registers'=0D
[    0.000000] x86/fpu: xstate_offset[2]:  576, xstate_sizes[2]:  256=0D
[    0.000000] x86/fpu: xstate_offset[9]:  832, xstate_sizes[9]:    8=0D
[    0.000000] x86/fpu: Enabled xstate features 0x207, context size is 840 =
bytes, using 'compacted' format.=0D
[    0.000000] signal: max sigframe size: 3632=0D
[    0.000000] BIOS-provided physical RAM map:=0D
[    0.000000] BIOS-e820: [mem 0x0000000000000000-0x000000000009fbff] usabl=
e=0D
[    0.000000] BIOS-e820: [mem 0x000000000009fc00-0x000000000009ffff] reser=
ved=0D
[    0.000000] BIOS-e820: [mem 0x00000000000f0000-0x00000000000fffff] reser=
ved=0D
[    0.000000] BIOS-e820: [mem 0x0000000000100000-0x000000007ffdffff] usabl=
e=0D
[    0.000000] BIOS-e820: [mem 0x000000007ffe0000-0x000000007fffffff] reser=
ved=0D
[    0.000000] BIOS-e820: [mem 0x00000000feffc000-0x00000000feffffff] reser=
ved=0D
[    0.000000] BIOS-e820: [mem 0x00000000fffc0000-0x00000000ffffffff] reser=
ved=0D
[    0.000000] printk: bootconsole [earlyser0] enabled=0D
[    0.000000] NX (Execute Disable) protection: active=0D
[    0.000000] SMBIOS 2.8 present.=0D
[    0.000000] DMI: QEMU Standard PC (i440FX + PIIX, 1996), BIOS rel-1.16.0=
-0-gd239552ce722-prebuilt.qemu.org 04/01/2014=0D
[    0.000000] Hypervisor detected: KVM=0D
[    0.000000] kvm-clock: Using msrs 4b564d01 and 4b564d00=0D
[    0.000003] kvm-clock: using sched offset of 325416823 cycles=0D
[    0.000307] clocksource: kvm-clock: mask: 0xffffffffffffffff max_cycles:=
 0x1cd42e4dffb, max_idle_ns: 881590591483 ns=0D
[    0.001259] tsc: Detected 3609.600 MHz processor=0D
[    0.007730] last_pfn =3D 0x7ffe0 max_arch_pfn =3D 0x400000000=0D
[    0.008109] x86/PAT: Configuration [0-7]: WB  WC  UC- UC  WB  WP  UC- WT=
  =0D
[    0.015432] found SMP MP-table at [mem 0x000f5ba0-0x000f5baf]=0D
[    0.015866] Using GB pages for direct mapping=0D
[    0.017147] ACPI: Early table checksum verification disabled=0D
[    0.017499] ACPI: RSDP 0x00000000000F59C0 000014 (v00 BOCHS )=0D
[    0.017848] ACPI: RSDT 0x000000007FFE1951 000034 (v01 BOCHS  BXPC     00=
000001 BXPC 00000001)=0D
[    0.018364] ACPI: FACP 0x000000007FFE17FD 000074 (v01 BOCHS  BXPC     00=
000001 BXPC 00000001)=0D
[    0.018879] ACPI: DSDT 0x000000007FFE0040 0017BD (v01 BOCHS  BXPC     00=
000001 BXPC 00000001)=0D
[    0.019385] ACPI: FACS 0x000000007FFE0000 000040=0D
[    0.019666] ACPI: APIC 0x000000007FFE1871 000080 (v01 BOCHS  BXPC     00=
000001 BXPC 00000001)=0D
[    0.020173] ACPI: HPET 0x000000007FFE18F1 000038 (v01 BOCHS  BXPC     00=
000001 BXPC 00000001)=0D
[    0.020680] ACPI: WAET 0x000000007FFE1929 000028 (v01 BOCHS  BXPC     00=
000001 BXPC 00000001)=0D
[    0.021184] ACPI: Reserving FACP table memory at [mem 0x7ffe17fd-0x7ffe1=
870]=0D
[    0.021594] ACPI: Reserving DSDT table memory at [mem 0x7ffe0040-0x7ffe1=
7fc]=0D
[    0.022002] ACPI: Reserving FACS table memory at [mem 0x7ffe0000-0x7ffe0=
03f]=0D
[    0.022412] ACPI: Reserving APIC table memory at [mem 0x7ffe1871-0x7ffe1=
8f0]=0D
[    0.022820] ACPI: Reserving HPET table memory at [mem 0x7ffe18f1-0x7ffe1=
928]=0D
[    0.023228] ACPI: Reserving WAET table memory at [mem 0x7ffe1929-0x7ffe1=
950]=0D
[    0.024150] No NUMA configuration found=0D
[    0.024375] Faking a node at [mem 0x0000000000000000-0x000000007ffdffff]=
=0D
[    0.024815] NODE_DATA(0) allocated [mem 0x7ffb5000-0x7ffdffff]=0D
[    0.027921] Zone ranges:=0D
[    0.028101]   DMA      [mem 0x0000000000001000-0x0000000000ffffff]=0D
[    0.028470]   DMA32    [mem 0x0000000001000000-0x000000007ffdffff]=0D
[    0.028832]   Normal   empty=0D
[    0.029003]   Device   empty=0D
[    0.029175] Movable zone start for each node=0D
[    0.029423] Early memory node ranges=0D
[    0.029630]   node   0: [mem 0x0000000000001000-0x000000000009efff]=0D
[    0.029996]   node   0: [mem 0x0000000000100000-0x000000007ffdffff]=0D
[    0.030361] Initmem setup node 0 [mem 0x0000000000001000-0x000000007ffdf=
fff]=0D
[    0.031529] On node 0, zone DMA: 1 pages in unavailable ranges=0D
[    0.031548] On node 0, zone DMA: 97 pages in unavailable ranges=0D
[    0.044593] On node 0, zone DMA32: 32 pages in unavailable ranges=0D
[    0.045156] ACPI: PM-Timer IO Port: 0x608=0D
[    0.045770] ACPI: LAPIC_NMI (acpi_id[0xff] dfl dfl lint[0x1])=0D
[    0.046149] IOAPIC[0]: apic_id 0, version 17, address 0xfec00000, GSI 0-=
23=0D
[    0.046566] ACPI: INT_SRC_OVR (bus 0 bus_irq 0 global_irq 2 dfl dfl)=0D
[    0.046972] ACPI: INT_SRC_OVR (bus 0 bus_irq 5 global_irq 5 high level)=
=0D
[    0.047359] ACPI: INT_SRC_OVR (bus 0 bus_irq 9 global_irq 9 high level)=
=0D
[    0.047750] ACPI: INT_SRC_OVR (bus 0 bus_irq 10 global_irq 10 high level=
)=0D
[    0.048145] ACPI: INT_SRC_OVR (bus 0 bus_irq 11 global_irq 11 high level=
)=0D
[    0.048553] ACPI: Using ACPI (MADT) for SMP configuration information=0D
[    0.048926] ACPI: HPET id: 0x8086a201 base: 0xfed00000=0D
[    0.049239] TSC deadline timer available=0D
[    0.049469] smpboot: Allowing 2 CPUs, 0 hotplug CPUs=0D
[    0.049799] kvm-guest: KVM setup pv remote TLB flush=0D
[    0.050089] kvm-guest: setup PV sched yield=0D
[    0.050375] PM: hibernation: Registered nosave memory: [mem 0x00000000-0=
x00000fff]=0D
[    0.050818] PM: hibernation: Registered nosave memory: [mem 0x0009f000-0=
x0009ffff]=0D
[    0.051255] PM: hibernation: Registered nosave memory: [mem 0x000a0000-0=
x000effff]=0D
[    0.051691] PM: hibernation: Registered nosave memory: [mem 0x000f0000-0=
x000fffff]=0D
[    0.052132] [mem 0x80000000-0xfeffbfff] available for PCI devices=0D
[    0.052485] Booting paravirtualized kernel on KVM=0D
[    0.052769] clocksource: refined-jiffies: mask: 0xffffffff max_cycles: 0=
xffffffff, max_idle_ns: 7645519600211568 ns=0D
[    0.053385] setup_percpu: NR_CPUS:8192 nr_cpumask_bits:2 nr_cpu_ids:2 nr=
_node_ids:1=0D
[    0.054754] percpu: Embedded 64 pages/cpu s225280 r8192 d28672 u1048576=
=0D
[    0.055326] kvm-guest: PV spinlocks enabled=0D
[    0.055581] PV qspinlock hash table entries: 256 (order: 0, 4096 bytes, =
linear)=0D
[    0.056029] Fallback order for Node 0: 0 =0D
[    0.056281] Built 1 zonelists, mobility grouping on.  Total pages: 51580=
8=0D
[    0.056681] Policy zone: DMA32=0D
[    0.056864] Kernel command line: net.ifnames=3D0 console=3DttyS0 root=3D=
/dev/sda earlyprintk=3Dserial net.ifnames=3D0 thunderbolt.dyndbg=0D
[    0.057996] random: crng init done=0D
[    0.059194] Dentry cache hash table entries: 262144 (order: 9, 2097152 b=
ytes, linear)=0D
[    0.059740] Inode-cache hash table entries: 131072 (order: 8, 1048576 by=
tes, linear)=0D
[    0.060307] mem auto-init: stack:off, heap alloc:off, heap free:off=0D
[    0.063341] Memory: 1979232K/2096632K available (34816K kernel code, 455=
4K rwdata, 9872K rodata, 10164K init, 19860K bss, 117144K reserved, 0K cma-=
reserved)=0D
[    0.064472] SLUB: HWalign=3D64, Order=3D0-3, MinObjects=3D0, CPUs=3D2, N=
odes=3D1=0D
[    0.064843] kmemleak: Kernel memory leak detector disabled=0D
[    0.065202] ftrace: allocating 68264 entries in 267 pages=0D
[    0.084019] ftrace: allocated 267 pages with 4 groups=0D
[    0.086690] Dynamic Preempt: voluntary=0D
[    0.087049] Running RCU self tests=0D
[    0.087245] rcu: Preemptible hierarchical RCU implementation.=0D
[    0.087566] rcu: 	RCU lockdep checking is enabled.=0D
[    0.087832] rcu: 	RCU restricting CPUs from NR_CPUS=3D8192 to nr_cpu_ids=
=3D2.=0D
[    0.088211] 	Trampoline variant of Tasks RCU enabled.=0D
[    0.088493] 	Rude variant of Tasks RCU enabled.=0D
[    0.088745] 	Tracing variant of Tasks RCU enabled.=0D
[    0.089012] rcu: RCU calculated value of scheduler-enlistment delay is 2=
5 jiffies.=0D
[    0.089432] rcu: Adjusting geometry for rcu_fanout_leaf=3D16, nr_cpu_ids=
=3D2=0D
[    0.113234] NR_IRQS: 524544, nr_irqs: 440, preallocated irqs: 16=0D
[    0.113847] rcu: srcu_init: Setting srcu_struct sizes based on contentio=
n.=0D
[    0.119536] Console: colour VGA+ 80x25=0D
[    0.119793] printk: console [ttyS0] enabled=0D
[    0.119793] printk: console [ttyS0] enabled=0D
[    0.120276] printk: bootconsole [earlyser0] disabled=0D
[    0.120276] printk: bootconsole [earlyser0] disabled=0D
[    0.120848] Lock dependency validator: Copyright (c) 2006 Red Hat, Inc.,=
 Ingo Molnar=0D
[    0.121294] ... MAX_LOCKDEP_SUBCLASSES:  8=0D
[    0.121534] ... MAX_LOCK_DEPTH:          48=0D
[    0.121780] ... MAX_LOCKDEP_KEYS:        8192=0D
[    0.122035] ... CLASSHASH_SIZE:          4096=0D
[    0.122290] ... MAX_LOCKDEP_ENTRIES:     32768=0D
[    0.122555] ... MAX_LOCKDEP_CHAINS:      65536=0D
[    0.122821] ... CHAINHASH_SIZE:          32768=0D
[    0.123087]  memory used by lock dependency info: 6365 kB=0D
[    0.123408]  memory used for stack traces: 4224 kB=0D
[    0.123695]  per task-struct memory footprint: 1920 bytes=0D
[    0.124049] ACPI: Core revision 20221020=0D
[    0.124471] clocksource: hpet: mask: 0xffffffff max_cycles: 0xffffffff, =
max_idle_ns: 19112604467 ns=0D
[    0.125112] APIC: Switch to symmetric I/O mode setup=0D
[    0.125534] x2apic enabled=0D
[    0.125829] Switched APIC routing to physical x2apic.=0D
[    0.126134] kvm-guest: setup PV IPIs=0D
[    0.127032] ..TIMER: vector=3D0x30 apic1=3D0 pin1=3D2 apic2=3D-1 pin2=3D=
-1=0D
[    0.127409] clocksource: tsc-early: mask: 0xffffffffffffffff max_cycles:=
 0x3407c077a8d, max_idle_ns: 440795342283 ns=0D
[    0.128041] Calibrating delay loop (skipped) preset value.. 7219.20 Bogo=
MIPS (lpj=3D14438400)=0D
[    0.128537] pid_max: default: 32768 minimum: 301=0D
[    0.128874] LSM: initializing lsm=3Dcapability,yama,integrity=0D
[    0.132045] Yama: becoming mindful.=0D
[    0.132464] Mount-cache hash table entries: 4096 (order: 3, 32768 bytes,=
 linear)=0D
[    0.132908] Mountpoint-cache hash table entries: 4096 (order: 3, 32768 b=
ytes, linear)=0D
[    0.134882] x86/cpu: User Mode Instruction Prevention (UMIP) activated=
=0D
[    0.135571] Last level iTLB entries: 4KB 0, 2MB 0, 4MB 0=0D
[    0.136039] Last level dTLB entries: 4KB 0, 2MB 0, 4MB 0, 1GB 0=0D
[    0.136413] Spectre V1 : Mitigation: usercopy/swapgs barriers and __user=
 pointer sanitization=0D
[    0.136914] Spectre V2 : WARNING: Unprivileged eBPF is enabled with eIBR=
S on, data leaks possible via Spectre v2 BHB attacks!=0D
[    0.137575] Spectre V2 : Mitigation: Enhanced IBRS=0D
[    0.137856] Spectre V2 : Spectre v2 / SpectreRSB mitigation: Filling RSB=
 on context switch=0D
[    0.138396] Spectre V2 : Spectre v2 / PBRSB-eIBRS: Retire a single CALL =
on VMEXIT=0D
[    0.138842] Spectre V2 : mitigation: Enabling conditional Indirect Branc=
h Prediction Barrier=0D
[    0.139314] Speculative Store Bypass: Mitigation: Speculative Store Bypa=
ss disabled via prctl=0D
[    0.223235] Freeing SMP alternatives memory: 56K=0D
[    0.223785] smpboot: CPU0: 12th Gen Intel(R) Core(TM) i7-12700K (family:=
 0x6, model: 0x97, stepping: 0x2)=0D
[    0.224027] cblist_init_generic: Setting adjustable number of callback q=
ueues.=0D
[    0.224027] cblist_init_generic: Setting shift to 1 and lim to 1.=0D
[    0.224027] cblist_init_generic: Setting shift to 1 and lim to 1.=0D
[    0.224027] cblist_init_generic: Setting shift to 1 and lim to 1.=0D
[    0.224027] Running RCU-tasks wait API self tests=0D
[    0.324114] Performance Events: Alderlake Hybrid events, full-width coun=
ters, Intel PMU driver.=0D
[    0.325009] core: cpu_core PMU driver: =0D
[    0.325234] ... version:                2=0D
[    0.325461] ... bit width:              48=0D
[    0.325691] ... generic registers:      6=0D
[    0.325920] ... value mask:             0000ffffffffffff=0D
[    0.326221] ... max period:             00007fffffffffff=0D
[    0.326522] ... fixed-purpose events:   3=0D
[    0.326752] ... event mask:             0001000f0000003f=0D
[    0.327191] rcu: Hierarchical SRCU implementation.=0D
[    0.327465] rcu: 	Max phase no-delay instances is 1000.=0D
[    0.329844] unchecked MSR access error: WRMSR to 0x38f (tried to write 0=
x0001000f0000003f) at rIP: 0xffffffff810dc90c (native_write_msr+0xc/0x30)=
=0D
[    0.330591] Call Trace:=0D
[    0.330735]  <TASK>=0D
[    0.330861]  __intel_pmu_enable_all.constprop.46+0xb5/0x140=0D
[    0.331188]  intel_pmu_enable_all+0x1e/0x30=0D
[    0.331435]  x86_pmu_enable+0x46d/0x5a0=0D
[    0.331663]  ? write_comp_data+0x2f/0x90=0D
[    0.331900]  perf_pmu_enable+0x53/0x70=0D
[    0.332027]  ctx_resched+0x14d/0x1e0=0D
[    0.332027]  __perf_install_in_context+0x2f7/0x450=0D
[    0.332027]  ? __pfx_remote_function+0x10/0x10=0D
[    0.332027]  ? __pfx_remote_function+0x10/0x10=0D
[    0.332027]  remote_function+0x80/0xa0=0D
[    0.332027]  ? __pfx_remote_function+0x10/0x10=0D
[    0.332027]  generic_exec_single+0x124/0x190=0D
[    0.332027]  smp_call_function_single+0x11c/0x240=0D
[    0.332027]  ? __pfx_remote_function+0x10/0x10=0D
[    0.332027]  ? __sanitizer_cov_trace_pc+0x25/0x60=0D
[    0.332027]  ? write_comp_data+0x2f/0x90=0D
[    0.332027]  perf_install_in_context+0x2d8/0x300=0D
[    0.332027]  ? __pfx___perf_install_in_context+0x10/0x10=0D
[    0.332027]  perf_event_create_kernel_counter+0x284/0x2b0=0D
[    0.332027]  ? __pfx_watchdog_overflow_callback+0x10/0x10=0D
[    0.332027]  hardlockup_detector_event_create+0x46/0xd0=0D
[    0.332027]  hardlockup_detector_perf_init+0x18/0x66=0D
[    0.332027]  watchdog_nmi_probe+0x17/0x1d=0D
[    0.332027]  lockup_detector_init+0x40/0xaf=0D
[    0.332027]  kernel_init_freeable+0x264/0x422=0D
[    0.332027]  ? __pfx_kernel_init+0x10/0x10=0D
[    0.332027]  kernel_init+0x24/0x1e0=0D
[    0.332027]  ? __pfx_kernel_init+0x10/0x10=0D
[    0.332027]  ret_from_fork+0x29/0x50=0D
[    0.332027]  </TASK>=0D
[    0.332043] Callback from call_rcu_tasks_trace() invoked.=0D
[    0.332482] smp: Bringing up secondary CPUs ...=0D
[    0.333050] x86: Booting SMP configuration:=0D
[    0.333297] .... node  #0, CPUs:      #1=0D
[    0.333535] smp: Brought up 1 node, 2 CPUs=0D
[    0.333535] smpboot: Max logical packages: 1=0D
[    0.333535] smpboot: Total of 2 processors activated (14438.40 BogoMIPS)=
=0D
[    0.333535] devtmpfs: initialized=0D
[    0.333535] x86/mm: Memory block size: 128MB=0D
[    0.337478] clocksource: jiffies: mask: 0xffffffff max_cycles: 0xfffffff=
f, max_idle_ns: 7645041785100000 ns=0D
[    0.337478] futex hash table entries: 512 (order: 4, 65536 bytes, linear=
)=0D
[    0.337478] pinctrl core: initialized pinctrl subsystem=0D
[    0.338120] =0D
[    0.338211] ************************************************************=
*=0D
[    0.340037] **     NOTICE NOTICE NOTICE NOTICE NOTICE NOTICE NOTICE    *=
*=0D
[    0.340408] **                                                         *=
*=0D
[    0.340779] **  IOMMU DebugFS SUPPORT HAS BEEN ENABLED IN THIS KERNEL  *=
*=0D
[    0.341150] **                                                         *=
*=0D
[    0.341525] ** This means that this kernel is built to expose internal *=
*=0D
[    0.341896] ** IOMMU data structures, which may compromise security on *=
*=0D
[    0.342266] ** your system.                                            *=
*=0D
[    0.342636] **                                                         *=
*=0D
[    0.343007] ** If you see this message and you are not debugging the   *=
*=0D
[    0.343377] ** kernel, report this immediately to your vendor!         *=
*=0D
[    0.343748] **                                                         *=
*=0D
[    0.344036] **     NOTICE NOTICE NOTICE NOTICE NOTICE NOTICE NOTICE    *=
*=0D
[    0.344407] ************************************************************=
*=0D
[    0.344812] PM: RTC time: 00:38:55, date: 2023-03-01=0D
[    0.346633] NET: Registered PF_NETLINK/PF_ROUTE protocol family=0D
[    0.347454] DMA: preallocated 256 KiB GFP_KERNEL pool for atomic allocat=
ions=0D
[    0.347857] DMA: preallocated 256 KiB GFP_KERNEL|GFP_DMA pool for atomic=
 allocations=0D
[    0.348037] DMA: preallocated 256 KiB GFP_KERNEL|GFP_DMA32 pool for atom=
ic allocations=0D
[    0.348508] audit: initializing netlink subsys (disabled)=0D
[    0.348864] audit: type=3D2000 audit(1677631135.853:1): state=3Dinitiali=
zed audit_enabled=3D0 res=3D1=0D
[    0.348864] thermal_sys: Registered thermal governor 'fair_share'=0D
[    0.348864] thermal_sys: Registered thermal governor 'bang_bang'=0D
[    0.348911] thermal_sys: Registered thermal governor 'step_wise'=0D
[    0.349248] thermal_sys: Registered thermal governor 'user_space'=0D
[    0.349616] cpuidle: using governor ladder=0D
[    0.350200] cpuidle: using governor menu=0D
[    0.350639] acpiphp: ACPI Hot Plug PCI Controller Driver version: 0.5=0D
[    0.352057] PCI: Using configuration type 1 for base access=0D
[    0.353107] kprobes: kprobe jump-optimization is enabled. All kprobes ar=
e optimized if possible.=0D
[    0.536981] HugeTLB: registered 1.00 GiB page size, pre-allocated 0 page=
s=0D
[    0.537408] HugeTLB: 16380 KiB vmemmap can be freed for a 1.00 GiB page=
=0D
[    0.537773] HugeTLB: registered 2.00 MiB page size, pre-allocated 0 page=
s=0D
[    0.538145] HugeTLB: 28 KiB vmemmap can be freed for a 2.00 MiB page=0D
[    0.539936] ACPI: Added _OSI(Module Device)=0D
[    0.540035] ACPI: Added _OSI(Processor Device)=0D
[    0.540283] ACPI: Added _OSI(3.0 _SCP Extensions)=0D
[    0.540549] ACPI: Added _OSI(Processor Aggregator Device)=0D
[    0.545070] ACPI: 1 ACPI AML tables successfully acquired and loaded=0D
[    0.547894] ACPI: Interpreter enabled=0D
[    0.548106] ACPI: PM: (supports S0 S3 S4 S5)=0D
[    0.548349] ACPI: Using IOAPIC for interrupt routing=0D
[    0.548658] PCI: Using host bridge windows from ACPI; if necessary, use =
"pci=3Dnocrs" and report a bug=0D
[    0.549154] PCI: Using E820 reservations for host bridge windows=0D
[    0.550002] ACPI: Enabled 2 GPEs in block 00 to 0F=0D
[    0.562616] ACPI: PCI Root Bridge [PCI0] (domain 0000 [bus 00-ff])=0D
[    0.562998] acpi PNP0A03:00: _OSC: OS supports [ASPM ClockPM Segments MS=
I EDR HPX-Type3]=0D
[    0.563455] acpi PNP0A03:00: _OSC: not requesting OS control; OS require=
s [ExtendedConfig ASPM ClockPM MSI]=0D
[    0.564051] acpi PNP0A03:00: fail to add MMCONFIG information, can't acc=
ess extended configuration space under this bridge=0D
[    0.566464] acpiphp: Slot [3] registered=0D
[    0.566740] acpiphp: Slot [4] registered=0D
[    0.567014] acpiphp: Slot [5] registered=0D
[    0.567287] acpiphp: Slot [6] registered=0D
[    0.567560] acpiphp: Slot [7] registered=0D
[    0.567831] acpiphp: Slot [8] registered=0D
[    0.568080] acpiphp: Slot [9] registered=0D
[    0.568355] acpiphp: Slot [10] registered=0D
[    0.568632] acpiphp: Slot [11] registered=0D
[    0.568911] acpiphp: Slot [12] registered=0D
[    0.569188] acpiphp: Slot [13] registered=0D
[    0.569465] acpiphp: Slot [14] registered=0D
[    0.569741] acpiphp: Slot [15] registered=0D
[    0.570018] acpiphp: Slot [16] registered=0D
[    0.570295] acpiphp: Slot [17] registered=0D
[    0.570573] acpiphp: Slot [18] registered=0D
[    0.570852] acpiphp: Slot [19] registered=0D
[    0.571128] acpiphp: Slot [20] registered=0D
[    0.571404] acpiphp: Slot [21] registered=0D
[    0.571681] acpiphp: Slot [22] registered=0D
[    0.571958] acpiphp: Slot [23] registered=0D
[    0.572080] acpiphp: Slot [24] registered=0D
[    0.572360] acpiphp: Slot [25] registered=0D
[    0.572636] acpiphp: Slot [26] registered=0D
[    0.572914] acpiphp: Slot [27] registered=0D
[    0.573191] acpiphp: Slot [28] registered=0D
[    0.573467] acpiphp: Slot [29] registered=0D
[    0.573749] acpiphp: Slot [30] registered=0D
[    0.574026] acpiphp: Slot [31] registered=0D
[    0.574270] PCI host bridge to bus 0000:00=0D
[    0.574505] pci_bus 0000:00: root bus resource [io  0x0000-0x0cf7 window=
]=0D
[    0.574889] pci_bus 0000:00: root bus resource [io  0x0d00-0xffff window=
]=0D
[    0.575272] pci_bus 0000:00: root bus resource [mem 0x000a0000-0x000bfff=
f window]=0D
[    0.575694] pci_bus 0000:00: root bus resource [mem 0x80000000-0xfebffff=
f window]=0D
[    0.576031] pci_bus 0000:00: root bus resource [mem 0x100000000-0x17ffff=
fff window]=0D
[    0.576465] pci_bus 0000:00: root bus resource [bus 00-ff]=0D
[    0.576852] pci 0000:00:00.0: [8086:1237] type 00 class 0x060000=0D
[    0.579407] pci 0000:00:01.0: [8086:7000] type 00 class 0x060100=0D
[    0.580269] pci 0000:00:01.1: [8086:7010] type 00 class 0x010180=0D
[    0.581568] pci 0000:00:01.1: reg 0x20: [io  0xc040-0xc04f]=0D
[    0.582321] pci 0000:00:01.1: legacy IDE quirk: reg 0x10: [io  0x01f0-0x=
01f7]=0D
[    0.582728] pci 0000:00:01.1: legacy IDE quirk: reg 0x14: [io  0x03f6]=
=0D
[    0.583097] pci 0000:00:01.1: legacy IDE quirk: reg 0x18: [io  0x0170-0x=
0177]=0D
[    0.583500] pci 0000:00:01.1: legacy IDE quirk: reg 0x1c: [io  0x0376]=
=0D
[    0.584065] pci 0000:00:01.3: [8086:7113] type 00 class 0x068000=0D
[    0.584631] pci 0000:00:01.3: quirk: [io  0x0600-0x063f] claimed by PIIX=
4 ACPI=0D
[    0.585044] pci 0000:00:01.3: quirk: [io  0x0700-0x070f] claimed by PIIX=
4 SMB=0D
[    0.585653] pci 0000:00:02.0: [1234:1111] type 00 class 0x030000=0D
[    0.587448] pci 0000:00:02.0: reg 0x10: [mem 0xfd000000-0xfdffffff pref]=
=0D
[    0.588722] pci 0000:00:02.0: reg 0x18: [mem 0xfebf0000-0xfebf0fff]=0D
[    0.591042] pci 0000:00:02.0: reg 0x30: [mem 0xfebe0000-0xfebeffff pref]=
=0D
[    0.591542] pci 0000:00:02.0: Video device with shadowed ROM at [mem 0x0=
00c0000-0x000dffff]=0D
[    0.594191] pci 0000:00:03.0: [8086:100e] type 00 class 0x020000=0D
[    0.595038] pci 0000:00:03.0: reg 0x10: [mem 0xfebc0000-0xfebdffff]=0D
[    0.595851] pci 0000:00:03.0: reg 0x14: [io  0xc000-0xc03f]=0D
[    0.598118] pci 0000:00:03.0: reg 0x30: [mem 0xfeb80000-0xfebbffff pref]=
=0D
[    0.605901] ACPI: PCI: Interrupt link LNKA configured for IRQ 10=0D
[    0.606533] ACPI: PCI: Interrupt link LNKB configured for IRQ 10=0D
[    0.607145] ACPI: PCI: Interrupt link LNKC configured for IRQ 11=0D
[    0.607885] ACPI: PCI: Interrupt link LNKD configured for IRQ 11=0D
[    0.608163] ACPI: PCI: Interrupt link LNKS configured for IRQ 9=0D
[    0.609344] iommu: Default domain type: Translated =0D
[    0.609633] iommu: DMA domain TLB invalidation policy: lazy mode =0D
[    0.610723] SCSI subsystem initialized=0D
[    0.611134] ACPI: bus type USB registered=0D
[    0.611408] usbcore: registered new interface driver usbfs=0D
[    0.611743] usbcore: registered new interface driver hub=0D
[    0.612057] usbcore: registered new device driver usb=0D
[    0.612426] pps_core: LinuxPPS API ver. 1 registered=0D
[    0.612709] pps_core: Software ver. 5.3.6 - Copyright 2005-2007 Rodolfo =
Giometti <giometti@linux.it>=0D
[    0.613225] PTP clock support registered=0D
[    0.613561] EDAC MC: Ver: 3.0.0=0D
[    0.614891] NetLabel: Initializing=0D
[    0.615096] NetLabel:  domain hash size =3D 128=0D
[    0.615351] NetLabel:  protocols =3D UNLABELED CIPSOv4 CALIPSO=0D
[    0.615720] NetLabel:  unlabeled traffic allowed by default=0D
[    0.616266] PCI: Using ACPI for IRQ routing=0D
[    0.616675] pci 0000:00:02.0: vgaarb: setting as boot VGA device=0D
[    0.617028] pci 0000:00:02.0: vgaarb: bridge control possible=0D
[    0.617354] pci 0000:00:02.0: vgaarb: VGA device added: decodes=3Dio+mem=
,owns=3Dio+mem,locks=3Dnone=0D
[    0.617864] vgaarb: loaded=0D
[    0.618556] hpet0: at MMIO 0xfed00000, IRQs 2, 8, 0=0D
[    0.618852] hpet0: 3 comparators, 64-bit 100.000000 MHz counter=0D
[    2.500189] clocksource: Switched to clocksource kvm-clock=0D
[    2.501022] VFS: Disk quotas dquot_6.6.0=0D
[    2.501283] VFS: Dquot-cache hash table entries: 512 (order 0, 4096 byte=
s)=0D
[    2.501870] pnp: PnP ACPI init=0D
[    2.503452] pnp: PnP ACPI: found 6 devices=0D
[    2.512414] clocksource: acpi_pm: mask: 0xffffff max_cycles: 0xffffff, m=
ax_idle_ns: 2085701024 ns=0D
[    2.513211] NET: Registered PF_INET protocol family=0D
[    2.513562] IP idents hash table entries: 32768 (order: 6, 262144 bytes,=
 linear)=0D
[    2.514661] tcp_listen_portaddr_hash hash table entries: 1024 (order: 4,=
 73728 bytes, linear)=0D
[    2.515156] Table-perturb hash table entries: 65536 (order: 6, 262144 by=
tes, linear)=0D
[    2.515594] TCP established hash table entries: 16384 (order: 5, 131072 =
bytes, linear)=0D
[    2.516167] TCP bind hash table entries: 16384 (order: 9, 2359296 bytes,=
 linear)=0D
[    2.517146] TCP: Hash tables configured (established 16384 bind 16384)=
=0D
[    2.517573] UDP hash table entries: 1024 (order: 5, 163840 bytes, linear=
)=0D
[    2.517974] UDP-Lite hash table entries: 1024 (order: 5, 163840 bytes, l=
inear)=0D
[    2.518463] NET: Registered PF_UNIX/PF_LOCAL protocol family=0D
[    2.528241] RPC: Registered named UNIX socket transport module.=0D
[    2.528589] RPC: Registered udp transport module.=0D
[    2.528851] RPC: Registered tcp transport module.=0D
[    2.529111] RPC: Registered tcp NFSv4.1 backchannel transport module.=0D
[    2.529486] pci_bus 0000:00: resource 4 [io  0x0000-0x0cf7 window]=0D
[    2.529834] pci_bus 0000:00: resource 5 [io  0x0d00-0xffff window]=0D
[    2.530178] pci_bus 0000:00: resource 6 [mem 0x000a0000-0x000bffff windo=
w]=0D
[    2.530559] pci_bus 0000:00: resource 7 [mem 0x80000000-0xfebfffff windo=
w]=0D
[    2.530940] pci_bus 0000:00: resource 8 [mem 0x100000000-0x17fffffff win=
dow]=0D
[    2.531507] pci 0000:00:01.0: PIIX3: Enabling Passive Release=0D
[    2.531835] pci 0000:00:00.0: Limiting direct PCI/PCI transfers=0D
[    2.532249] PCI: CLS 0 bytes, default 64=0D
[    2.532517] ACPI: bus type thunderbolt registered=0D
[    2.533020] clocksource: tsc: mask: 0xffffffffffffffff max_cycles: 0x340=
7c077a8d, max_idle_ns: 440795342283 ns=0D
[    2.548245] Callback from call_rcu_tasks_rude() invoked.=0D
[    2.604173] Callback from call_rcu_tasks() invoked.=0D
[    2.615966] Initialise system trusted keyrings=0D
[    2.616349] Key type blacklist registered=0D
[    2.616756] workingset: timestamp_bits=3D36 max_order=3D19 bucket_order=
=3D0=0D
[    2.617206] zbud: loaded=0D
[    2.617979] squashfs: version 4.0 (2009/01/31) Phillip Lougher=0D
[    2.618957] NFS: Registering the id_resolver key type=0D
[    2.619287] Key type id_resolver registered=0D
[    2.619549] Key type id_legacy registered=0D
[    2.619817] nfs4filelayout_init: NFSv4 File Layout Driver Registering...=
=0D
[    2.620243] nfs4flexfilelayout_init: NFSv4 Flexfile Layout Driver Regist=
ering...=0D
[    2.620805] fuse: init (API version 7.38)=0D
[    2.621177] SGI XFS with ACLs, security attributes, realtime, quota, no =
debug enabled=0D
[    2.621951] 9p: Installing v9fs 9p2000 file system support=0D
[    2.627541] Key type asymmetric registered=0D
[    2.627807] Asymmetric key parser 'x509' registered=0D
[    2.628163] Block layer SCSI generic (bsg) driver version 0.4 loaded (ma=
jor 243)=0D
[    2.628744] io scheduler mq-deadline registered=0D
[    2.629054] io scheduler bfq registered=0D
[    2.629608] shpchp: Standard Hot Plug PCI Controller Driver version: 0.4=
=0D
[    2.630274] IPMI message handler: version 39.2=0D
[    2.630562] ipmi device interface=0D
[    2.631958] input: Power Button as /devices/LNXSYSTM:00/LNXPWRBN:00/inpu=
t/input0=0D
[    2.632624] ACPI: button: Power Button [PWRF]=0D
[    2.633605] ERST DBG: ERST support is disabled.=0D
[    2.634281] Serial: 8250/16550 driver, 32 ports, IRQ sharing enabled=0D
[    2.634999] 00:04: ttyS0 at I/O 0x3f8 (irq =3D 4, base_baud =3D 115200) =
is a 16550A=0D
[    2.641832] Linux agpgart interface v0.103=0D
[    2.642648] ACPI: bus type drm_connector registered=0D
[    2.652294] brd: module loaded=0D
[    2.657627] loop: module loaded=0D
[    2.660604] scsi host0: ata_piix=0D
[    2.661184] scsi host1: ata_piix=0D
[    2.661515] ata1: PATA max MWDMA2 cmd 0x1f0 ctl 0x3f6 bmdma 0xc040 irq 1=
4=0D
[    2.661941] ata2: PATA max MWDMA2 cmd 0x170 ctl 0x376 bmdma 0xc048 irq 1=
5=0D
[    2.663320] tun: Universal TUN/TAP device driver, 1.6=0D
[    2.665617] e100: Intel(R) PRO/100 Network Driver=0D
[    2.665902] e100: Copyright(c) 1999-2006 Intel Corporation=0D
[    2.666234] e1000: Intel(R) PRO/1000 Network Driver=0D
[    2.666505] e1000: Copyright (c) 1999-2006 Intel Corporation.=0D
[    2.794101] ACPI: \_SB_.LNKC: Enabled at IRQ 11=0D
[    2.820211] ata1: found unknown device (class 0)=0D
[    2.820713] ata2: found unknown device (class 0)=0D
[    2.821499] ata1.00: ATA-7: QEMU HARDDISK, 2.5+, max UDMA/100=0D
[    2.821864] ata1.00: 16777216 sectors, multi 16: LBA48 =0D
[    2.822303] ata2.00: ATAPI: QEMU DVD-ROM, 2.5+, max UDMA/100=0D
[    2.823559] scsi 0:0:0:0: Direct-Access     ATA      QEMU HARDDISK    2.=
5+ PQ: 0 ANSI: 5=0D
[    2.825112] sd 0:0:0:0: Attached scsi generic sg0 type 0=0D
[    2.825313] sd 0:0:0:0: [sda] 16777216 512-byte logical blocks: (8.59 GB=
/8.00 GiB)=0D
[    2.825955] scsi 1:0:0:0: CD-ROM            QEMU     QEMU DVD-ROM     2.=
5+ PQ: 0 ANSI: 5=0D
[    2.825999] sd 0:0:0:0: [sda] Write Protect is off=0D
[    2.826782] sd 0:0:0:0: [sda] Write cache: enabled, read cache: enabled,=
 doesn't support DPO or FUA=0D
[    2.827357] sd 0:0:0:0: [sda] Preferred minimum I/O size 512 bytes=0D
[    2.840664] scsi 1:0:0:0: Attached scsi generic sg1 type 5=0D
[    2.849402] sd 0:0:0:0: [sda] Attached SCSI disk=0D
[    3.110411] e1000 0000:00:03.0 eth0: (PCI:33MHz:32-bit) 52:54:00:12:34:5=
6=0D
[    3.110854] e1000 0000:00:03.0 eth0: Intel(R) PRO/1000 Network Connectio=
n=0D
[    3.111364] e1000e: Intel(R) PRO/1000 Network Driver=0D
[    3.111672] e1000e: Copyright(c) 1999 - 2015 Intel Corporation.=0D
[    3.112081] igb: Intel(R) Gigabit Ethernet Network Driver=0D
[    3.112392] igb: Copyright (c) 2007-2014 Intel Corporation.=0D
[    3.112775] PPP generic driver version 2.4.2=0D
[    3.113517] VFIO - User Level meta-driver version: 0.3=0D
[    3.114254] usbcore: registered new interface driver uas=0D
[    3.114591] usbcore: registered new interface driver usb-storage=0D
[    3.115045] i8042: PNP: PS/2 Controller [PNP0303:KBD,PNP0f13:MOU] at 0x6=
0,0x64 irq 1,12=0D
[    3.116159] serio: i8042 KBD port at 0x60,0x64 irq 1=0D
[    3.116534] serio: i8042 AUX port at 0x60,0x64 irq 12=0D
[    3.117359] mousedev: PS/2 mouse device common for all mice=0D
[    3.118283] input: AT Translated Set 2 keyboard as /devices/platform/i80=
42/serio0/input/input1=0D
[    3.119568] input: VirtualPS/2 VMware VMMouse as /devices/platform/i8042=
/serio1/input/input4=0D
[    3.120174] rtc_cmos 00:05: RTC can wake from S4=0D
[    3.120901] input: VirtualPS/2 VMware VMMouse as /devices/platform/i8042=
/serio1/input/input3=0D
[    3.121174] rtc_cmos 00:05: registered as rtc0=0D
[    3.121709] rtc_cmos 00:05: setting system clock to 2023-03-01T00:38:58 =
UTC (1677631138)=0D
[    3.122312] rtc_cmos 00:05: alarms up to one day, y3k, 242 bytes nvram, =
hpet irqs=0D
[    3.122755] i2c_dev: i2c /dev entries driver=0D
[    3.123037] device-mapper: core: CONFIG_IMA_DISABLE_HTABLE is disabled. =
Duplicate IMA measurements will not be recorded in the IMA log.=0D
[    3.123724] device-mapper: uevent: version 1.0.3=0D
[    3.124120] device-mapper: ioctl: 4.47.0-ioctl (2022-07-28) initialised:=
 dm-devel@redhat.com=0D
[    3.124599] intel_pstate: CPU model not supported=0D
[    3.124931] sdhci: Secure Digital Host Controller Interface driver=0D
[    3.125277] sdhci: Copyright(c) Pierre Ossman=0D
[    3.125577] sdhci-pltfm: SDHCI platform and OF driver helper=0D
[    3.125929] ledtrig-cpu: registered to indicate activity on CPUs=0D
[    3.126514] drop_monitor: Initializing network drop monitor service=0D
[    3.127013] NET: Registered PF_INET6 protocol family=0D
[    3.129195] Segment Routing with IPv6=0D
[    3.129433] In-situ OAM (IOAM) with IPv6=0D
[    3.129696] NET: Registered PF_PACKET protocol family=0D
[    3.130094] 9pnet: Installing 9P2000 support=0D
[    3.130397] Key type dns_resolver registered=0D
[    3.131251] IPI shorthand broadcast: enabled=0D
[    3.142795] sched_clock: Marking stable (3130239137, 9790818)->(31528902=
13, -12860258)=0D
[    3.143900] registered taskstats version 1=0D
[    3.144289] Loading compiled-in X.509 certificates=0D
[    3.144715] zswap: loaded using pool lzo/zbud=0D
[    3.156590] Key type .fscrypt registered=0D
[    3.156838] Key type fscrypt-provisioning registered=0D
[    3.157727] Key type encrypted registered=0D
[    3.157989] ima: No TPM chip found, activating TPM-bypass!=0D
[    3.158301] ima: Allocated hash algorithm: sha1=0D
[    3.158587] ima: No architecture policies found=0D
[    3.158882] evm: Initialising EVM extended attributes:=0D
[    3.159166] evm: security.selinux=0D
[    3.159354] evm: security.SMACK64=0D
[    3.159541] evm: security.SMACK64EXEC=0D
[    3.159746] evm: security.SMACK64TRANSMUTE=0D
[    3.159975] evm: security.SMACK64MMAP=0D
[    3.160198] evm: security.apparmor=0D
[    3.160401] evm: security.ima=0D
[    3.160573] evm: security.capability=0D
[    3.160778] evm: HMAC attrs: 0x1=0D
[    3.161977] PM:   Magic number: 15:631:606=0D
[    3.162528] RAS: Correctable Errors collector initialized.=0D
[    3.163673] md: Waiting for all devices to be available before autodetec=
t=0D
[    3.163940] md: If you don't use raid, use raid=3Dnoautodetect=0D
[    3.164181] md: Autodetecting RAID arrays.=0D
[    3.164349] md: autorun ...=0D
[    3.164463] md: ... autorun DONE.=0D
[    3.177215] EXT4-fs (sda): mounted filesystem 23a53bb9-f815-47a5-b74c-5e=
08f7731193 with ordered data mode. Quota mode: none.=0D
[    3.177744] VFS: Mounted root (ext4 filesystem) readonly on device 8:0.=
=0D
[    3.179747] devtmpfs: mounted=0D
[    3.186541] Freeing unused decrypted memory: 2036K=0D
[    3.189384] Freeing unused kernel image (initmem) memory: 10164K=0D
[    3.192099] Write protecting the kernel read-only data: 45056k=0D
[    3.193355] Freeing unused kernel image (rodata/data gap) memory: 368K=
=0D
[    3.266432] x86/mm: Checked W+X mappings: passed, no W+X pages found.=0D
[    3.266734] Run /sbin/init as init process=0D
[    3.333243] systemd[1]: RTC configured in localtime, applying delta of 0=
 minutes to system time.=0D
[    3.352401] systemd[1]: systemd 239 (239-49.el8) running in system mode.=
 (+PAM +AUDIT +SELINUX +IMA -APPARMOR +SMACK +SYSVINIT +UTMP +LIBCRYPTSETUP=
 +GCRYPT +GNUTLS +ACL +XZ +LZ4 +SECCOMP +BLKID +ELFUTILS +KMOD +IDN2 -IDN +=
PCRE2 default-hierarchy=3Dlegacy)=0D
[    3.353467] systemd[1]: Detected virtualization kvm.=0D
[    3.353688] systemd[1]: Detected architecture x86-64.=0D
=0D
Welcome to =1B[0;31mCentOS Stream 8=1B[0m!=0D
=0D
[    3.417033] systemd[1]: Set hostname to <test>.=0D
[    3.615338] systemd[1]: Created slice system-getty.slice.=0D
[=1B[0;32m  OK  =1B[0m] Created slice system-getty.slice.=0D
[    3.616657] systemd[1]: Listening on RPCbind Server Activation Socket.=
=0D
[=1B[0;32m  OK  =1B[0m] Listening on RPCbind Server Activation Socket.=0D
[    3.617978] systemd[1]: Created slice system-sshd\x2dkeygen.slice.=0D
[=1B[0;32m  OK  =1B[0m] Created slice system-sshd\x2dkeygen.slice.=0D
[    3.618679] systemd[1]: Reached target Swap.=0D
[=1B[0;32m  OK  =1B[0m] Reached target Swap.=0D
[    3.619235] systemd[1]: Listening on Device-mapper event daemon FIFOs.=
=0D
[=1B[0;32m  OK  =1B[0m] Listening on Device-mapper event daemon FIFOs.=0D
[    3.620509] systemd[1]: Created slice system-serial\x2dgetty.slice.=0D
[=1B[0;32m  OK  =1B[0m] Created slice system-serial\x2dgetty.slice.=0D
[=1B[0;32m  OK  =1B[0m] Listening on udev Control Socket.=0D
[=1B[0;32m  OK  =1B[0m] Created slice User and Session Slice.=0D
[=1B[0;32m  OK  =1B[0m] Reached target Slices.=0D
[=1B[0;32m  OK  =1B[0m] Started Forward Password Requests to Wall Directory=
 Watch.=0D
[=1B[0;32m  OK  =1B[0m] Listening on Journal Socket (/dev/log).=0D
[=1B[0;32m  OK  =1B[0m] Listening on initctl Compatibility Named Pipe.=0D
[=1B[0;32m  OK  =1B[0m] Listening on udev Kernel Socket.=0D
[=1B[0;32m  OK  =1B[0m] Reached target RPC Port Mapper.=0D
[=1B[0;32m  OK  =1B[0m] Listening on Process Core Dump Socket.=0D
[=1B[0;32m  OK  =1B[0m] Listening on Journal Socket.=0D
         Mounting Huge Pages File System...=0D
         Starting Monitoring of LVM2 mirrors=E2=80=A6ng dmeventd or progres=
s polling...=0D
         Mounting Kernel Debug File System...=0D
         Starting Load Kernel Modules...=0D
         Starting udev Coldplug all Devices...=0D
         Starting Journal Service...=0D
         Starting Setup Virtual Console...=0D
[=1B[0;32m  OK  =1B[0m] Listening on multipathd control socket.=0D
         Mounting POSIX Message Queue File System...=0D
[=1B[0;32m  OK  =1B[0m] Listening on LVM2 poll daemon socket.=0D
         Starting Remount Root and Kernel File Systems...=0D
[=1B[0;32m  OK  =1B[0m] Set up automount Arbitrary Executab=E2=80=A6rmats F=
ile System Automount Point.=0D
[=1B[0;32m  OK  =1B[0m] Mounted Huge Pages File System.=0D
[=1B[0;32m  OK  =1B[0m] Mounted Kernel Debug File System.=0D
[=1B[0;1;31mFAILED=1B[0m] Failed to start Load Kernel Modules.=0D
See 'systemctl status systemd-modules-load.service' for details.=0D
[=1B[0;32m  OK  =1B[0m] Mounted POSIX Message Queue File System.=0D
         Mounting Kernel Configuration File System...=0D
         Mounting FUSE Control File System...=0D
         Starting Apply Kernel Variables...=0D
[=1B[0;32m  OK  =1B[0m] Started Journal Service.=0D
[=1B[0;32m  OK  =1B[0m] Mounted Kernel Configuration File System.=0D
[=1B[0;32m  OK  =1B[0m] Mounted FUSE Control File System.=0D
[=1B[0;32m  OK  =1B[0m] Started Apply Kernel Variables.=0D
[    3.972062] EXT4-fs (sda): re-mounted 23a53bb9-f815-47a5-b74c-5e08f77311=
93. Quota mode: none.=0D
[=1B[0;32m  OK  =1B[0m] Started Remount Root and Kernel File Systems.=0D
         Starting Load/Save Random Seed...=0D
         Starting Flush Journal to Persistent Storage...=0D
         Starting Create Static Device Nodes in /dev...=0D
[=1B[0;32m  OK  =1B[0m] Started Setup Virtual Console.=0D
[=1B[0;32m  OK  =1B[0m] Started Load/Save Random Seed.=0D
[=1B[0;32m  OK  =1B[0m] Started Flush Journal to Persistent Storage.=0D
[=1B[0;32m  OK  =1B[0m] Started udev Coldplug all Devices.=0D
         Starting udev Wait for Complete Device Initialization...=0D
[=1B[0;32m  OK  =1B[0m] Started Create Static Device Nodes in /dev.=0D
         Starting udev Kernel Device Manager...=0D
[=1B[0;32m  OK  =1B[0m] Started udev Kernel Device Manager.=0D
         Starting Show Plymouth Boot Screen...=0D
[=1B[0;32m  OK  =1B[0m] Started Show Plymouth Boot Screen.=0D=0D
[=1B[0;32m  OK  =1B[0m] Started Forward Password Requests to Plymouth Direc=
tory Watch.=0D=0D
[=1B[0;32m  OK  =1B[0m] Reached target Local Encrypted Volumes.=0D=0D
[=1B[0;32m  OK  =1B[0m] Reached target Paths.=0D=0D
[=1B[0;32m  OK  =1B[0m] Found device /dev/ttyS0.=0D=0D
[=1B[0;32m  OK  =1B[0m] Started Monitoring of LVM2 mirrors,=E2=80=A6sing dm=
eventd or progress polling.=0D=0D
[=1B[0;32m  OK  =1B[0m] Listening on Load/Save RF Kill Switch Status /dev/r=
fkill Watch.=0D=0D
[=1B[0;32m  OK  =1B[0m] Started udev Wait for Complete Device Initializatio=
n.=0D=0D
[=1B[0;32m  OK  =1B[0m] Reached target Local File Systems (Pre).=0D=0D
[=1B[0;32m  OK  =1B[0m] Reached target Local File Systems.=0D=0D
         Starting Restore /run/initramfs on shutdown...=0D=0D
         Starting Create Volatile Files and Directories...=0D=0D
         Starting Tell Plymouth To Write Out Runtime Data...=0D=0D
[=1B[0;32m  OK  =1B[0m] Started Restore /run/initramfs on shutdown.=0D=0D
[=1B[0;32m  OK  =1B[0m] Started Tell Plymouth To Write Out Runtime Data.=0D=
=0D
[=1B[0;32m  OK  =1B[0m] Started Create Volatile Files and Directories.=0D=
=0D
         Mounting RPC Pipe File System...=0D=0D
         Starting RPC Bind...=0D=0D
         Starting Security Auditing Service...=0D=0D
[=1B[0;32m  OK  =1B[0m] Mounted RPC Pipe File System.=0D=0D
[=1B[0;32m  OK  =1B[0m] Reached target rpc_pipefs.target.=0D=0D
[=1B[0;32m  OK  =1B[0m] Started RPC Bind.=0D=0D
[=1B[0;32m  OK  =1B[0m] Started Security Auditing Service.=0D=0D
         Starting Update UTMP about System Boot/Shutdown...=0D=0D
[=1B[0;32m  OK  =1B[0m] Started Update UTMP about System Boot/Shutdown.=0D=
=0D
[=1B[0;32m  OK  =1B[0m] Reached target System Initialization.=0D=0D
[=1B[0;32m  OK  =1B[0m] Listening on D-Bus System Message Bus Socket.=0D=0D
[=1B[0;32m  OK  =1B[0m] Listening on SSSD Kerberos Cache Manager responder =
socket.=0D=0D
[=1B[0;32m  OK  =1B[0m] Reached target Sockets.=0D=0D
[=1B[0;32m  OK  =1B[0m] Started dnf makecache --timer.=0D=0D
[=1B[0;32m  OK  =1B[0m] Started daily update of the root trust anchor for D=
NSSEC.=0D=0D
[=1B[0;32m  OK  =1B[0m] Started Daily Cleanup of Temporary Directories.=0D=
=0D
[=1B[0;32m  OK  =1B[0m] Reached target Timers.=0D=0D
[=1B[0;32m  OK  =1B[0m] Reached target Basic System.=0D=0D
         Starting Self Monitoring and Reporting Technology (SMART) Daemon..=
.=0D=0D
         Starting Authorization Manager...=0D=0D
[=1B[0;32m  OK  =1B[0m] Started irqbalance daemon.=0D=0D
[=1B[0;32m  OK  =1B[0m] Started Machine Check Exception Logging Daemon.=0D=
=0D
         Starting NTP client/server...=0D=0D
         Starting Auto-connect to subsystems=E2=80=A6-NVME devices found du=
ring boot...=0D=0D
         Starting Login Service...=0D=0D
[=1B[0;32m  OK  =1B[0m] Started D-Bus System Message Bus.=0D=0D
         Starting Network Manager...=0D=0D
[=1B[0;32m  OK  =1B[0m] Reached target sshd-keygen.target.=0D=0D
[=1B[0;32m  OK  =1B[0m] Started Self Monitoring and Reporting Technology (S=
MART) Daemon.=0D=0D
[=1B[0;32m  OK  =1B[0m] Started Auto-connect to subsystems =E2=80=A6FC-NVME=
 devices found during boot.=0D=0D
[=1B[0;32m  OK  =1B[0m] Started Login Service.=0D=0D
[=1B[0;32m  OK  =1B[0m] Started Network Manager.=0D=0D
[=1B[0;32m  OK  =1B[0m] Reached target Network.=0D=0D
         Starting OpenSSH server daemon...=0D=0D
         Starting Dynamic System Tuning Daemon...=0D=0D
         Starting GSSAPI Proxy Daemon...=0D=0D
         Starting Network Manager Wait Online...=0D=0D
[=1B[0;32m  OK  =1B[0m] Started OpenSSH server daemon.=0D=0D
[=1B[0;32m  OK  =1B[0m] Started NTP client/server.=0D=0D
         Starting Hostname Service...=0D=0D
[=1B[0;32m  OK  =1B[0m] Started Authorization Manager.=0D=0D
[=1B[0;32m  OK  =1B[0m] Started GSSAPI Proxy Daemon.=0D=0D
[=1B[0;32m  OK  =1B[0m] Reached target NFS client services.=0D=0D
[=1B[0;32m  OK  =1B[0m] Reached target Remote File Systems (Pre).=0D=0D
[=1B[0;32m  OK  =1B[0m] Reached target Remote File Systems.=0D=0D
         Starting Permit User Sessions...=0D=0D
[=1B[0;32m  OK  =1B[0m] Started Permit User Sessions.=0D=0D
         Starting Hold until boot process finishes up...=0D=0D
         Starting Terminate Plymouth Boot Screen...=0D=0D
[=1B[0;32m  OK  =1B[0m] Started Command Scheduler.=0D=0D
[    5.390825] e1000: eth0 NIC Link is Up 1000 Mbps Full Duplex, Flow Contr=
ol: RX=0D
[    5.391984] IPv6: ADDRCONF(NETDEV_CHANGE): eth0: link becomes ready=0D
[    5.561377] Spectre V2 : WARNING: Unprivileged eBPF is enabled with eIBR=
S on, data leaks possible via Spectre v2 BHB attacks!=0D
[    5.561990] Spectre V2 : WARNING: Unprivileged eBPF is enabled with eIBR=
S on, data leaks possible via Spectre v2 BHB attacks!=0D
=0D=0D
CentOS Stream 8=0D
Kernel 6.2.0-kvmiommufd+ on an x86_64=0D
=0D
test login: root=0D=0D
Last login: Wed Mar  1 00:29:03 on ttyS0=0D
*******************************************************=0D
Welcome to the Embargoed Overlay on CentOS=0D
=0D
This content is for INTEL INTERNAL USE ONLY.=0D
=0D
For support issues, please submit a request:=0D
https://jira.devtools.intel.com/browse/LNXO=0D
*******************************************************=0D
[root@test ~]# =0D
[root@test ~]# =0D
[root@test ~]# =0D
[root@test ~]# =0D
[root@test ~]# rm -rf repro=0D
[root@test ~]# =0D
[root@test ~]# ls=0D
anaconda-ks.cfg		   quick_test.c      syzkaller.6TPmw0  syzkaller.mc3H24=0D
cet_ibt			   repro	     syzkaller.9FSdCu  syzkaller.OjSrkA=0D
cpuid			   repro.c	     syzkaller.fIIL2o  syzkaller.Q5dMMG=0D
cpuid.c			   repro.sh	     syzkaller.G7vfvS  syzkaller.qCVHXV=0D
file0			   shadow_test_fork  syzkaller.IhmgVg  syzkaller.TRJkoZ=0D
id_rsa.pub		   shstk_cp	     syzkaller.iVVz3P  syzkaller.uq7iOt=0D
Install_kernel_record.log  shstk_cp.c	     syzkaller.ju9NUO  syzkaller.uXhA=
hf=0D
quick_test		   syzkaller.2e0D20  syzkaller.KfBl6t=0D
[root@test ~]# ./rep=07ro=0D
[root@test ~]# ./repro=0D
[root@test ~]# ./repro=0D
[root@test ~]# ./repro=0D
[root@test ~]# ./repro=0D
[root@test ~]# ./repro=0D
[root@test ~]# ./repro=0D
[root@test ~]# ./repro=0D
[root@test ~]# ./repro=0D
[root@test ~]# ./repro=0D
[root@test ~]# ./repro=0D
[root@test ~]# ./repro=0D
[root@test ~]# ./repro=0D
[root@test ~]# ./repro=0D
[root@test ~]# ./repro=0D
[root@test ~]# ./repro=0D
[root@test ~]# ./repro=0D
[root@test ~]# ./repro=0D
[root@test ~]# ./repro=0D
[root@test ~]# ./repro=0D
[root@test ~]# ./repro=0D
[root@test ~]# ./repro=0D
[root@test ~]# ./repro=0D
[root@test ~]# ./repro=0D
[root@test ~]# ./repro=0D
[root@test ~]# ./repro=0D
[root@test ~]# ./repro=0D
[root@test ~]# ./repro=0D
[root@test ~]# ./repro=0D
[root@test ~]# ./repro=0D
[root@test ~]# ./repro=0D
[root@test ~]# ./repro=0D
[root@test ~]# ./repro=0D
[root@test ~]# ./repro=0D
[root@test ~]# ./re=07pro=07=0D
repro     repro.sh  =0D
[root@test ~]# ./repro.sh =0D
gcc -pthread -o repro repro.c=0D
0 times ./repro=0D
1 times ./repro=0D
2 times ./repro=0D
3 times ./repro=0D
4 times ./repro=0D
5 times ./repro=0D
6 times ./repro=0D
7 times ./repro=0D
8 times ./repro=0D
9 times ./repro=0D
10 times ./repro=0D
11 times ./repro=0D
12 times ./repro=0D
13 times ./repro=0D
14 times ./repro=0D
15 times ./repro=0D
16 times ./repro=0D
17 times ./repro=0D
18 times ./repro=0D
19 times ./repro=0D
20 times ./repro=0D
21 times ./repro=0D
22 times ./repro=0D
23 times ./repro=0D
24 times ./repro=0D
25 times ./repro=0D
26 times ./repro=0D
27 times ./repro=0D
28 times ./repro=0D
29 times ./repro=0D
30 times ./repro=0D
31 times ./repro=0D
32 times ./repro=0D
33 times ./repro=0D
34 times ./repro=0D
35 times ./repro=0D
36 times ./repro=0D
37 times ./repro=0D
38 times ./repro=0D
39 times ./repro=0D
40 times ./repro=0D
41 times ./repro=0D
42 times ./repro=0D
43 times ./repro=0D
44 times ./repro=0D
45 times ./repro=0D
46 times ./repro=0D
47 times ./repro=0D
48 times ./repro=0D
49 times ./repro=0D
50 times ./repro=0D
51 times ./repro=0D
52 times ./repro=0D
53 times ./repro=0D
54 times ./repro=0D
55 times ./repro=0D
56 times ./repro=0D
57 times ./repro=0D
58 times ./repro=0D
59 times ./repro=0D
60 times ./repro=0D
61 times ./repro=0D
62 times ./repro=0D
63 times ./repro=0D
64 times ./repro=0D
65 times ./repro=0D
66 times ./repro=0D
67 times ./repro=0D
68 times ./repro=0D
69 times ./repro=0D
70 times ./repro=0D
71 times ./repro=0D
72 times ./repro=0D
73 times ./repro=0D
74 times ./repro=0D
75 times ./repro=0D
76 times ./repro=0D
77 times ./repro=0D
78 times ./repro=0D
79 times ./repro=0D
80 times ./repro=0D
81 times ./repro=0D
82 times ./repro=0D
83 times ./repro=0D
84 times ./repro=0D
85 times ./repro=0D
86 times ./repro=0D
87 times ./repro=0D
88 times ./repro=0D
89 times ./repro=0D
90 times ./repro=0D
91 times ./repro=0D
92 times ./repro=0D
93 times ./repro=0D
94 times ./repro=0D
95 times ./repro=0D
96 times ./repro=0D
97 times ./repro=0D
98 times ./repro=0D
99 times ./repro=0D
100 times ./repro=0D
101 times ./repro=0D
102 times ./repro=0D
103 times ./repro=0D
104 times ./repro=0D
105 times ./repro=0D
106 times ./repro=0D
107 times ./repro=0D
108 times ./repro=0D
109 times ./repro=0D
110 times ./repro=0D
111 times ./repro=0D
112 times ./repro=0D
113 times ./repro=0D
114 times ./repro=0D
115 times ./repro=0D
116 times ./repro=0D
117 times ./repro=0D
118 times ./repro=0D
119 times ./repro=0D
120 times ./repro=0D
121 times ./repro=0D
122 times ./repro=0D
123 times ./repro=0D
124 times ./repro=0D
125 times ./repro=0D
126 times ./repro=0D
127 times ./repro=0D
128 times ./repro=0D
129 times ./repro=0D
130 times ./repro=0D
131 times ./repro=0D
132 times ./repro=0D
133 times ./repro=0D
134 times ./repro=0D
135 times ./repro=0D
136 times ./repro=0D
137 times ./repro=0D
138 times ./repro=0D
139 times ./repro=0D
140 times ./repro=0D
141 times ./repro=0D
142 times ./repro=0D
143 times ./repro=0D
144 times ./repro=0D
145 times ./repro=0D
146 times ./repro=0D
147 times ./repro=0D
148 times ./repro=0D
149 times ./repro=0D
150 times ./repro=0D
151 times ./repro=0D
152 times ./repro=0D
153 times ./repro=0D
154 times ./repro=0D
155 times ./repro=0D
156 times ./repro=0D
157 times ./repro=0D
158 times ./repro=0D
159 times ./repro=0D
160 times ./repro=0D
161 times ./repro=0D
162 times ./repro=0D
163 times ./repro=0D
164 times ./repro=0D
165 times ./repro=0D
166 times ./repro=0D
167 times ./repro=0D
168 times ./repro=0D
169 times ./repro=0D
170 times ./repro=0D
171 times ./repro=0D
172 times ./repro=0D
173 times ./repro=0D
174 times ./repro=0D
175 times ./repro=0D
176 times ./repro=0D
177 times ./repro=0D
178 times ./repro=0D
179 times ./repro=0D
180 times ./repro=0D
181 times ./repro=0D
182 times ./repro=0D
183 times ./repro=0D
184 times ./repro=0D
185 times ./repro=0D
186 times ./repro=0D
187 times ./repro=0D
188 times ./repro=0D
189 times ./repro=0D
190 times ./repro=0D
191 times ./repro=0D
192 times ./repro=0D
193 times ./repro=0D
194 times ./repro=0D
195 times ./repro=0D
196 times ./repro=0D
197 times ./repro=0D
198 times ./repro=0D
199 times ./repro=0D
200 times ./repro=0D
201 times ./repro=0D
202 times ./repro=0D
203 times ./repro=0D
204 times ./repro=0D
205 times ./repro=0D
206 times ./repro=0D
207 times ./repro=0D
208 times ./repro=0D
209 times ./repro=0D
210 times ./repro=0D
211 times ./repro=0D
212 times ./repro=0D
213 times ./repro=0D
214 times ./repro=0D
215 times ./repro=0D
216 times ./repro=0D
217 times ./repro=0D
218 times ./repro=0D
219 times ./repro=0D
220 times ./repro=0D
221 times ./repro=0D
222 times ./repro=0D
223 times ./repro=0D
224 times ./repro=0D
225 times ./repro=0D
226 times ./repro=0D
227 times ./repro=0D
228 times ./repro=0D
229 times ./repro=0D
230 times ./repro=0D
231 times ./repro=0D
232 times ./repro=0D
233 times ./repro=0D
234 times ./repro=0D
235 times ./repro=0D
236 times ./repro=0D
237 times ./repro=0D
238 times ./repro=0D
239 times ./repro=0D
240 times ./repro=0D
241 times ./repro=0D
242 times ./repro=0D
243 times ./repro=0D
244 times ./repro=0D
245 times ./repro=0D
246 times ./repro=0D
247 times ./repro=0D
248 times ./repro=0D
249 times ./repro=0D
250 times ./repro=0D
251 times ./repro=0D
252 times ./repro=0D
253 times ./repro=0D
254 times ./repro=0D
255 times ./repro=0D
256 times ./repro=0D
257 times ./repro=0D
258 times ./repro=0D
259 times ./repro=0D
260 times ./repro=0D
261 times ./repro=0D
262 times ./repro=0D
263 times ./repro=0D
264 times ./repro=0D
265 times ./repro=0D
266 times ./repro=0D
267 times ./repro=0D
268 times ./repro=0D
269 times ./repro=0D
270 times ./repro=0D
271 times ./repro=0D
272 times ./repro=0D
273 times ./repro=0D
274 times ./repro=0D
275 times ./repro=0D
276 times ./repro=0D
277 times ./repro=0D
278 times ./repro=0D
279 times ./repro=0D
280 times ./repro=0D
281 times ./repro=0D
282 times ./repro=0D
283 times ./repro=0D
284 times ./repro=0D
285 times ./repro=0D
286 times ./repro=0D
287 times ./repro=0D
288 times ./repro=0D
289 times ./repro=0D
290 times ./repro=0D
291 times ./repro=0D
292 times ./repro=0D
293 times ./repro=0D
294 times ./repro=0D
295 times ./repro=0D
296 times ./repro=0D
297 times ./repro=0D
298 times ./repro=0D
299 times ./repro=0D
300 times ./repro=0D
301 times ./repro=0D
302 times ./repro=0D
303 times ./repro=0D
304 times ./repro=0D
305 times ./repro=0D
306 times ./repro=0D
307 times ./repro=0D
308 times ./repro=0D
309 times ./repro=0D
310 times ./repro=0D
311 times ./repro=0D
312 times ./repro=0D
313 times ./repro=0D
314 times ./repro=0D
315 times ./repro=0D
316 times ./repro=0D
317 times ./repro=0D
318 times ./repro=0D
319 times ./repro=0D
320 times ./repro=0D
321 times ./repro=0D
322 times ./repro=0D
323 times ./repro=0D
324 times ./repro=0D
325 times ./repro=0D
326 times ./repro=0D
327 times ./repro=0D
328 times ./repro=0D
329 times ./repro=0D
330 times ./repro=0D
331 times ./repro=0D
332 times ./repro=0D
333 times ./repro=0D
334 times ./repro=0D
335 times ./repro=0D
336 times ./repro=0D
337 times ./repro=0D
338 times ./repro=0D
339 times ./repro=0D
340 times ./repro=0D
341 times ./repro=0D
342 times ./repro=0D
343 times ./repro=0D
344 times ./repro=0D
345 times ./repro=0D
346 times ./repro=0D
347 times ./repro=0D
348 times ./repro=0D
349 times ./repro=0D
350 times ./repro=0D
351 times ./repro=0D
352 times ./repro=0D
353 times ./repro=0D
354 times ./repro=0D
355 times ./repro=0D
356 times ./repro=0D
357 times ./repro=0D
358 times ./repro=0D
359 times ./repro=0D
360 times ./repro=0D
361 times ./repro=0D
362 times ./repro=0D
363 times ./repro=0D
364 times ./repro=0D
365 times ./repro=0D
366 times ./repro=0D
367 times ./repro=0D
368 times ./repro=0D
369 times ./repro=0D
370 times ./repro=0D
371 times ./repro=0D
372 times ./repro=0D
373 times ./repro=0D
374 times ./repro=0D
375 times ./repro=0D
376 times ./repro=0D
377 times ./repro=0D
378 times ./repro=0D
379 times ./repro=0D
380 times ./repro=0D
381 times ./repro=0D
382 times ./repro=0D
383 times ./repro=0D
384 times ./repro=0D
385 times ./repro=0D
386 times ./repro=0D
387 times ./repro=0D
388 times ./repro=0D
389 times ./repro=0D
390 times ./repro=0D
391 times ./repro=0D
392 times ./repro=0D
393 times ./repro=0D
394 times ./repro=0D
395 times ./repro=0D
396 times ./repro=0D
397 times ./repro=0D
398 times ./repro=0D
399 times ./repro=0D
400 times ./repro=0D
401 times ./repro=0D
402 times ./repro=0D
403 times ./repro=0D
404 times ./repro=0D
405 times ./repro=0D
406 times ./repro=0D
407 times ./repro=0D
408 times ./repro=0D
409 times ./repro=0D
410 times ./repro=0D
411 times ./repro=0D
412 times ./repro=0D
413 times ./repro=0D
414 times ./repro=0D
415 times ./repro=0D
416 times ./repro=0D
417 times ./repro=0D
418 times ./repro=0D
419 times ./repro=0D
420 times ./repro=0D
421 times ./repro=0D
422 times ./repro=0D
423 times ./repro=0D
424 times ./repro=0D
425 times ./repro=0D
426 times ./repro=0D
427 times ./repro=0D
428 times ./repro=0D
429 times ./repro=0D
430 times ./repro=0D
431 times ./repro=0D
432 times ./repro=0D
433 times ./repro=0D
434 times ./repro=0D
435 times ./repro=0D
436 times ./repro=0D
437 times ./repro=0D
438 times ./repro=0D
439 times ./repro=0D
440 times ./repro=0D
441 times ./repro=0D
442 times ./repro=0D
443 times ./repro=0D
444 times ./repro=0D
445 times ./repro=0D
446 times ./repro=0D
447 times ./repro=0D
448 times ./repro=0D
449 times ./repro=0D
450 times ./repro=0D
451 times ./repro=0D
452 times ./repro=0D
453 times ./repro=0D
454 times ./repro=0D
455 times ./repro=0D
456 times ./repro=0D
457 times ./repro=0D
458 times ./repro=0D
459 times ./repro=0D
460 times ./repro=0D
461 times ./repro=0D
462 times ./repro=0D
463 times ./repro=0D
464 times ./repro=0D
465 times ./repro=0D
466 times ./repro=0D
467 times ./repro=0D
468 times ./repro=0D
469 times ./repro=0D
470 times ./repro=0D
471 times ./repro=0D
472 times ./repro=0D
473 times ./repro=0D
474 times ./repro=0D
475 times ./repro=0D
476 times ./repro=0D
477 times ./repro=0D
478 times ./repro=0D
479 times ./repro=0D
480 times ./repro=0D
481 times ./repro=0D
482 times ./repro=0D
483 times ./repro=0D
484 times ./repro=0D
485 times ./repro=0D
486 times ./repro=0D
487 times ./repro=0D
488 times ./repro=0D
489 times ./repro=0D
490 times ./repro=0D
491 times ./repro=0D
492 times ./repro=0D
493 times ./repro=0D
494 times ./repro=0D
495 times ./repro=0D
496 times ./repro=0D
497 times ./repro=0D
498 times ./repro=0D
499 times ./repro=0D
500 times ./repro=0D
501 times ./repro=0D
502 times ./repro=0D
503 times ./repro=0D
504 times ./repro=0D
505 times ./repro=0D
506 times ./repro=0D
507 times ./repro=0D
508 times ./repro=0D
509 times ./repro=0D
510 times ./repro=0D
511 times ./repro=0D
512 times ./repro=0D
513 times ./repro=0D
514 times ./repro=0D
515 times ./repro=0D
516 times ./repro=0D
517 times ./repro=0D
518 times ./repro=0D
519 times ./repro=0D
520 times ./repro=0D
521 times ./repro=0D
522 times ./repro=0D
523 times ./repro=0D
524 times ./repro=0D
525 times ./repro=0D
526 times ./repro=0D
527 times ./repro=0D
528 times ./repro=0D
529 times ./repro=0D
530 times ./repro=0D
531 times ./repro=0D
532 times ./repro=0D
533 times ./repro=0D
534 times ./repro=0D
535 times ./repro=0D
536 times ./repro=0D
537 times ./repro=0D
538 times ./repro=0D
539 times ./repro=0D
540 times ./repro=0D
541 times ./repro=0D
542 times ./repro=0D
543 times ./repro=0D
544 times ./repro=0D
545 times ./repro=0D
546 times ./repro=0D
547 times ./repro=0D
548 times ./repro=0D
549 times ./repro=0D
550 times ./repro=0D
551 times ./repro=0D
552 times ./repro=0D
553 times ./repro=0D
554 times ./repro=0D
555 times ./repro=0D
556 times ./repro=0D
557 times ./repro=0D
558 times ./repro=0D
559 times ./repro=0D
560 times ./repro=0D
561 times ./repro=0D
562 times ./repro=0D
563 times ./repro=0D
564 times ./repro=0D
565 times ./repro=0D
566 times ./repro=0D
567 times ./repro=0D
568 times ./repro=0D
569 times ./repro=0D
570 times ./repro=0D
571 times ./repro=0D
572 times ./repro=0D
573 times ./repro=0D
574 times ./repro=0D
575 times ./repro=0D
576 times ./repro=0D
577 times ./repro=0D
578 times ./repro=0D
579 times ./repro=0D
580 times ./repro=0D
581 times ./repro=0D
582 times ./repro=0D
583 times ./repro=0D
584 times ./repro=0D
585 times ./repro=0D
586 times ./repro=0D
587 times ./repro=0D
588 times ./repro=0D
589 times ./repro=0D
590 times ./repro=0D
591 times ./repro=0D
592 times ./repro=0D
593 times ./repro=0D
594 times ./repro=0D
595 times ./repro=0D
596 times ./repro=0D
597 times ./repro=0D
598 times ./repro=0D
599 times ./repro=0D
600 times ./repro=0D
601 times ./repro=0D
602 times ./repro=0D
603 times ./repro=0D
604 times ./repro=0D
605 times ./repro=0D
606 times ./repro=0D
607 times ./repro=0D
608 times ./repro=0D
609 times ./repro=0D
610 times ./repro=0D
611 times ./repro=0D
612 times ./repro=0D
613 times ./repro=0D
614 times ./repro=0D
615 times ./repro=0D
616 times ./repro=0D
617 times ./repro=0D
618 times ./repro=0D
619 times ./repro=0D
620 times ./repro=0D
621 times ./repro=0D
622 times ./repro=0D
623 times ./repro=0D
624 times ./repro=0D
625 times ./repro=0D
626 times ./repro=0D
627 times ./repro=0D
628 times ./repro=0D
629 times ./repro=0D
630 times ./repro=0D
631 times ./repro=0D
632 times ./repro=0D
633 times ./repro=0D
634 times ./repro=0D
635 times ./repro=0D
636 times ./repro=0D
637 times ./repro=0D
638 times ./repro=0D
639 times ./repro=0D
640 times ./repro=0D
641 times ./repro=0D
642 times ./repro=0D
643 times ./repro=0D
644 times ./repro=0D
645 times ./repro=0D
646 times ./repro=0D
647 times ./repro=0D
648 times ./repro=0D
649 times ./repro=0D
650 times ./repro=0D
651 times ./repro=0D
652 times ./repro=0D
653 times ./repro=0D
654 times ./repro=0D
655 times ./repro=0D
656 times ./repro=0D
657 times ./repro=0D
658 times ./repro=0D
659 times ./repro=0D
660 times ./repro=0D
661 times ./repro=0D
662 times ./repro=0D
663 times ./repro=0D
664 times ./repro=0D
665 times ./repro=0D
666 times ./repro=0D
667 times ./repro=0D
668 times ./repro=0D
669 times ./repro=0D
670 times ./repro=0D
671 times ./repro=0D
672 times ./repro=0D
673 times ./repro=0D
674 times ./repro=0D
675 times ./repro=0D
676 times ./repro=0D
677 times ./repro=0D
678 times ./repro=0D
679 times ./repro=0D
680 times ./repro=0D
681 times ./repro=0D
682 times ./repro=0D
683 times ./repro=0D
684 times ./repro=0D
685 times ./repro=0D
686 times ./repro=0D
687 times ./repro=0D
688 times ./repro=0D
689 times ./repro=0D
690 times ./repro=0D
691 times ./repro=0D
692 times ./repro=0D
693 times ./repro=0D
694 times ./repro=0D
695 times ./repro=0D
696 times ./repro=0D
697 times ./repro=0D
698 times ./repro=0D
699 times ./repro=0D
700 times ./repro=0D
701 times ./repro=0D
702 times ./repro=0D
703 times ./repro=0D
704 times ./repro=0D
705 times ./repro=0D
706 times ./repro=0D
707 times ./repro=0D
708 times ./repro=0D
709 times ./repro=0D
710 times ./repro=0D
711 times ./repro=0D
712 times ./repro=0D
713 times ./repro=0D
714 times ./repro=0D
715 times ./repro=0D
716 times ./repro=0D
717 times ./repro=0D
718 times ./repro=0D
719 times ./repro=0D
720 times ./repro=0D
721 times ./repro=0D
722 times ./repro=0D
723 times ./repro=0D
724 times ./repro=0D
725 times ./repro=0D
726 times ./repro=0D
727 times ./repro=0D
728 times ./repro=0D
729 times ./repro=0D
730 times ./repro=0D
731 times ./repro=0D
732 times ./repro=0D
733 times ./repro=0D
734 times ./repro=0D
735 times ./repro=0D
736 times ./repro=0D
737 times ./repro=0D
738 times ./repro=0D
739 times ./repro=0D
740 times ./repro=0D
741 times ./repro=0D
742 times ./repro=0D
743 times ./repro=0D
744 times ./repro=0D
745 times ./repro=0D
746 times ./repro=0D
747 times ./repro=0D
748 times ./repro=0D
749 times ./repro=0D
750 times ./repro=0D
751 times ./repro=0D
752 times ./repro=0D
753 times ./repro=0D
754 times ./repro=0D
755 times ./repro=0D
756 times ./repro=0D
757 times ./repro=0D
758 times ./repro=0D
759 times ./repro=0D
760 times ./repro=0D
761 times ./repro=0D
762 times ./repro=0D
763 times ./repro=0D
764 times ./repro=0D
765 times ./repro=0D
766 times ./repro=0D
767 times ./repro=0D
768 times ./repro=0D
769 times ./repro=0D
770 times ./repro=0D
771 times ./repro=0D
772 times ./repro=0D
773 times ./repro=0D
774 times ./repro=0D
775 times ./repro=0D
776 times ./repro=0D
777 times ./repro=0D
778 times ./repro=0D
779 times ./repro=0D
780 times ./repro=0D
781 times ./repro=0D
782 times ./repro=0D
783 times ./repro=0D
784 times ./repro=0D
785 times ./repro=0D
786 times ./repro=0D
787 times ./repro=0D
788 times ./repro=0D
789 times ./repro=0D
790 times ./repro=0D
791 times ./repro=0D
792 times ./repro=0D
793 times ./repro=0D
794 times ./repro=0D
795 times ./repro=0D
796 times ./repro=0D
797 times ./repro=0D
798 times ./repro=0D
799 times ./repro=0D
800 times ./repro=0D
801 times ./repro=0D
802 times ./repro=0D
803 times ./repro=0D
804 times ./repro=0D
805 times ./repro=0D
806 times ./repro=0D
807 times ./repro=0D
808 times ./repro=0D
809 times ./repro=0D
810 times ./repro=0D
811 times ./repro=0D
812 times ./repro=0D
813 times ./repro=0D
814 times ./repro=0D
815 times ./repro=0D
816 times ./repro=0D
817 times ./repro=0D
818 times ./repro=0D
819 times ./repro=0D
820 times ./repro=0D
821 times ./repro=0D
822 times ./repro=0D
823 times ./repro=0D
824 times ./repro=0D
825 times ./repro=0D
826 times ./repro=0D
827 times ./repro=0D
828 times ./repro=0D
829 times ./repro=0D
830 times ./repro=0D
831 times ./repro=0D
832 times ./repro=0D
833 times ./repro=0D
834 times ./repro=0D
835 times ./repro=0D
836 times ./repro=0D
837 times ./repro=0D
838 times ./repro=0D
839 times ./repro=0D
840 times ./repro=0D
841 times ./repro=0D
842 times ./repro=0D
843 times ./repro=0D
844 times ./repro=0D
845 times ./repro=0D
846 times ./repro=0D
847 times ./repro=0D
848 times ./repro=0D
849 times ./repro=0D
850 times ./repro=0D
851 times ./repro=0D
852 times ./repro=0D
853 times ./repro=0D
854 times ./repro=0D
855 times ./repro=0D
856 times ./repro=0D
857 times ./repro=0D
858 times ./repro=0D
859 times ./repro=0D
860 times ./repro=0D
861 times ./repro=0D
862 times ./repro=0D
863 times ./repro=0D
864 times ./repro=0D
865 times ./repro=0D
866 times ./repro=0D
867 times ./repro=0D
868 times ./repro=0D
869 times ./repro=0D
870 times ./repro=0D
871 times ./repro=0D
872 times ./repro=0D
873 times ./repro=0D
874 times ./repro=0D
875 times ./repro=0D
876 times ./repro=0D
877 times ./repro=0D
878 times ./repro=0D
879 times ./repro=0D
880 times ./repro=0D
881 times ./repro=0D
882 times ./repro=0D
883 times ./repro=0D
884 times ./repro=0D
885 times ./repro=0D
886 times ./repro=0D
887 times ./repro=0D
888 times ./repro=0D
889 times ./repro=0D
890 times ./repro=0D
891 times ./repro=0D
892 times ./repro=0D
893 times ./repro=0D
894 times ./repro=0D
895 times ./repro=0D
896 times ./repro=0D
897 times ./repro=0D
898 times ./repro=0D
899 times ./repro=0D
900 times ./repro=0D
901 times ./repro=0D
902 times ./repro=0D
903 times ./repro=0D
904 times ./repro=0D
905 times ./repro=0D
906 times ./repro=0D
907 times ./repro=0D
908 times ./repro=0D
909 times ./repro=0D
910 times ./repro=0D
911 times ./repro=0D
912 times ./repro=0D
913 times ./repro=0D
914 times ./repro=0D
915 times ./repro=0D
916 times ./repro=0D
917 times ./repro=0D
918 times ./repro=0D
919 times ./repro=0D
920 times ./repro=0D
921 times ./repro=0D
922 times ./repro=0D
923 times ./repro=0D
924 times ./repro=0D
925 times ./repro=0D
926 times ./repro=0D
927 times ./repro=0D
928 times ./repro=0D
929 times ./repro=0D
930 times ./repro=0D
931 times ./repro=0D
932 times ./repro=0D
933 times ./repro=0D
934 times ./repro=0D
935 times ./repro=0D
936 times ./repro=0D
937 times ./repro=0D
938 times ./repro=0D
939 times ./repro=0D
940 times ./repro=0D
941 times ./repro=0D
942 times ./repro=0D
943 times ./repro=0D
944 times ./repro=0D
945 times ./repro=0D
946 times ./repro=0D
947 times ./repro=0D
948 times ./repro=0D
949 times ./repro=0D
950 times ./repro=0D
951 times ./repro=0D
952 times ./repro=0D
953 times ./repro=0D
954 times ./repro=0D
955 times ./repro=0D
956 times ./repro=0D
957 times ./repro=0D
958 times ./repro=0D
959 times ./repro=0D
960 times ./repro=0D
961 times ./repro=0D
962 times ./repro=0D
963 times ./repro=0D
964 times ./repro=0D
965 times ./repro=0D
966 times ./repro=0D
967 times ./repro=0D
968 times ./repro=0D
969 times ./repro=0D
970 times ./repro=0D
971 times ./repro=0D
972 times ./repro=0D
973 times ./repro=0D
974 times ./repro=0D
975 times ./repro=0D
976 times ./repro=0D
977 times ./repro=0D
978 times ./repro=0D
979 times ./repro=0D
980 times ./repro=0D
981 times ./repro=0D
982 times ./repro=0D
983 times ./repro=0D
984 times ./repro=0D
985 times ./repro=0D
986 times ./repro=0D
987 times ./repro=0D
988 times ./repro=0D
989 times ./repro=0D
990 times ./repro=0D
991 times ./repro=0D
992 times ./repro=0D
993 times ./repro=0D
994 times ./repro=0D
995 times ./repro=0D
996 times ./repro=0D
997 times ./repro=0D
998 times ./repro=0D
999 times ./repro=0D
1000 times ./repro=0D
1001 times ./repro=0D
1002 times ./repro=0D
1003 times ./repro=0D
1004 times ./repro=0D
1005 times ./repro=0D
1006 times ./repro=0D
1007 times ./repro=0D
1008 times ./repro=0D
1009 times ./repro=0D
1010 times ./repro=0D
1011 times ./repro=0D
1012 times ./repro=0D
1013 times ./repro=0D
1014 times ./repro=0D
1015 times ./repro=0D
1016 times ./repro=0D
1017 times ./repro=0D
1018 times ./repro=0D
1019 times ./repro=0D
1020 times ./repro=0D
1021 times ./repro=0D
1022 times ./repro=0D
1023 times ./repro=0D
1024 times ./repro=0D
1025 times ./repro=0D
1026 times ./repro=0D
1027 times ./repro=0D
1028 times ./repro=0D
1029 times ./repro=0D
1030 times ./repro=0D
1031 times ./repro=0D
1032 times ./repro=0D
1033 times ./repro=0D
1034 times ./repro=0D
1035 times ./repro=0D
1036 times ./repro=0D
1037 times ./repro=0D
1038 times ./repro=0D
1039 times ./repro=0D
1040 times ./repro=0D
1041 times ./repro=0D
1042 times ./repro=0D
1043 times ./repro=0D
1044 times ./repro=0D
1045 times ./repro=0D
1046 times ./repro=0D
1047 times ./repro=0D
1048 times ./repro=0D
1049 times ./repro=0D
1050 times ./repro=0D
1051 times ./repro=0D
1052 times ./repro=0D
1053 times ./repro=0D
1054 times ./repro=0D
1055 times ./repro=0D
1056 times ./repro=0D
1057 times ./repro=0D
1058 times ./repro=0D
1059 times ./repro=0D
1060 times ./repro=0D
1061 times ./repro=0D
1062 times ./repro=0D
1063 times ./repro=0D
1064 times ./repro=0D
1065 times ./repro=0D
1066 times ./repro=0D
1067 times ./repro=0D
1068 times ./repro=0D
1069 times ./repro=0D
1070 times ./repro=0D
1071 times ./repro=0D
1072 times ./repro=0D
1073 times ./repro=0D
1074 times ./repro=0D
1075 times ./repro=0D
1076 times ./repro=0D
1077 times ./repro=0D
1078 times ./repro=0D
1079 times ./repro=0D
1080 times ./repro=0D
1081 times ./repro=0D
1082 times ./repro=0D
1083 times ./repro=0D
1084 times ./repro=0D
1085 times ./repro=0D
1086 times ./repro=0D
1087 times ./repro=0D
1088 times ./repro=0D
1089 times ./repro=0D
1090 times ./repro=0D
1091 times ./repro=0D
1092 times ./repro=0D
1093 times ./repro=0D
1094 times ./repro=0D
1095 times ./repro=0D
1096 times ./repro=0D
1097 times ./repro=0D
1098 times ./repro=0D
1099 times ./repro=0D
1100 times ./repro=0D
1101 times ./repro=0D
1102 times ./repro=0D
1103 times ./repro=0D
1104 times ./repro=0D
1105 times ./repro=0D
1106 times ./repro=0D
1107 times ./repro=0D
1108 times ./repro=0D
1109 times ./repro=0D
1110 times ./repro=0D
1111 times ./repro=0D
1112 times ./repro=0D
1113 times ./repro=0D
1114 times ./repro=0D
1115 times ./repro=0D
1116 times ./repro=0D
1117 times ./repro=0D
1118 times ./repro=0D
1119 times ./repro=0D
1120 times ./repro=0D
1121 times ./repro=0D
1122 times ./repro=0D
1123 times ./repro=0D
1124 times ./repro=0D
1125 times ./repro=0D
1126 times ./repro=0D
1127 times ./repro=0D
1128 times ./repro=0D
1129 times ./repro=0D
1130 times ./repro=0D
1131 times ./repro=0D
1132 times ./repro=0D
1133 times ./repro=0D
1134 times ./repro=0D
1135 times ./repro=0D
1136 times ./repro=0D
1137 times ./repro=0D
1138 times ./repro=0D
1139 times ./repro=0D
1140 times ./repro=0D
1141 times ./repro=0D
1142 times ./repro=0D
1143 times ./repro=0D
1144 times ./repro=0D
1145 times ./repro=0D
1146 times ./repro=0D
1147 times ./repro=0D
1148 times ./repro=0D
1149 times ./repro=0D
1150 times ./repro=0D
1151 times ./repro=0D
1152 times ./repro=0D
1153 times ./repro=0D
1154 times ./repro=0D
1155 times ./repro=0D
1156 times ./repro=0D
1157 times ./repro=0D
1158 times ./repro=0D
1159 times ./repro=0D
1160 times ./repro=0D
1161 times ./repro=0D
1162 times ./repro=0D
1163 times ./repro=0D
1164 times ./repro=0D
1165 times ./repro=0D
1166 times ./repro=0D
1167 times ./repro=0D
1168 times ./repro=0D
1169 times ./repro=0D
1170 times ./repro=0D
1171 times ./repro=0D
1172 times ./repro=0D
1173 times ./repro=0D
1174 times ./repro=0D
1175 times ./repro=0D
1176 times ./repro=0D
1177 times ./repro=0D
1178 times ./repro=0D
1179 times ./repro=0D
1180 times ./repro=0D
1181 times ./repro=0D
1182 times ./repro=0D
1183 times ./repro=0D
1184 times ./repro=0D
1185 times ./repro=0D
1186 times ./repro=0D
1187 times ./repro=0D
1188 times ./repro=0D
1189 times ./repro=0D
1190 times ./repro=0D
1191 times ./repro=0D
1192 times ./repro=0D
1193 times ./repro=0D
1194 times ./repro=0D
1195 times ./repro=0D
1196 times ./repro=0D
1197 times ./repro=0D
1198 times ./repro=0D
1199 times ./repro=0D
1200 times ./repro=0D
1201 times ./repro=0D
1202 times ./repro=0D
1203 times ./repro=0D
1204 times ./repro=0D
1205 times ./repro=0D
1206 times ./repro=0D
1207 times ./repro=0D
1208 times ./repro=0D
1209 times ./repro=0D
1210 times ./repro=0D
1211 times ./repro=0D
1212 times ./repro=0D
1213 times ./repro=0D
1214 times ./repro=0D
1215 times ./repro=0D
1216 times ./repro=0D
1217 times ./repro=0D
1218 times ./repro=0D
1219 times ./repro=0D
1220 times ./repro=0D
1221 times ./repro=0D
1222 times ./repro=0D
1223 times ./repro=0D
1224 times ./repro=0D
1225 times ./repro=0D
1226 times ./repro=0D
1227 times ./repro=0D
1228 times ./repro=0D
1229 times ./repro=0D
1230 times ./repro=0D
1231 times ./repro=0D
1232 times ./repro=0D
1233 times ./repro=0D
1234 times ./repro=0D
1235 times ./repro=0D
1236 times ./repro=0D
1237 times ./repro=0D
1238 times ./repro=0D
1239 times ./repro=0D
1240 times ./repro=0D
1241 times ./repro=0D
1242 times ./repro=0D
1243 times ./repro=0D
1244 times ./repro=0D
1245 times ./repro=0D
1246 times ./repro=0D
1247 times ./repro=0D
1248 times ./repro=0D
1249 times ./repro=0D
1250 times ./repro=0D
1251 times ./repro=0D
1252 times ./repro=0D
1253 times ./repro=0D
1254 times ./repro=0D
1255 times ./repro=0D
1256 times ./repro=0D
1257 times ./repro=0D
1258 times ./repro=0D
1259 times ./repro=0D
1260 times ./repro=0D
1261 times ./repro=0D
1262 times ./repro=0D
1263 times ./repro=0D
1264 times ./repro=0D
1265 times ./repro=0D
1266 times ./repro=0D
1267 times ./repro=0D
1268 times ./repro=0D
1269 times ./repro=0D
1270 times ./repro=0D
1271 times ./repro=0D
1272 times ./repro=0D
1273 times ./repro=0D
1274 times ./repro=0D
1275 times ./repro=0D
1276 times ./repro=0D
1277 times ./repro=0D
1278 times ./repro=0D
1279 times ./repro=0D
1280 times ./repro=0D
1281 times ./repro=0D
1282 times ./repro=0D
1283 times ./repro=0D
1284 times ./repro=0D
1285 times ./repro=0D
1286 times ./repro=0D
1287 times ./repro=0D
1288 times ./repro=0D
1289 times ./repro=0D
1290 times ./repro=0D
1291 times ./repro=0D
1292 times ./repro=0D
1293 times ./repro=0D
1294 times ./repro=0D
1295 times ./repro=0D
1296 times ./repro=0D
1297 times ./repro=0D
1298 times ./repro=0D
1299 times ./repro=0D
1300 times ./repro=0D
1301 times ./repro=0D
1302 times ./repro=0D
1303 times ./repro=0D
1304 times ./repro=0D
1305 times ./repro=0D
1306 times ./repro=0D
1307 times ./repro=0D
1308 times ./repro=0D
1309 times ./repro=0D
1310 times ./repro=0D
1311 times ./repro=0D
1312 times ./repro=0D
1313 times ./repro=0D
1314 times ./repro=0D
1315 times ./repro=0D
1316 times ./repro=0D
1317 times ./repro=0D
1318 times ./repro=0D
1319 times ./repro=0D
1320 times ./repro=0D
1321 times ./repro=0D
1322 times ./repro=0D
1323 times ./repro=0D
1324 times ./repro=0D
1325 times ./repro=0D
1326 times ./repro=0D
1327 times ./repro=0D
1328 times ./repro=0D
1329 times ./repro=0D
1330 times ./repro=0D
1331 times ./repro=0D
1332 times ./repro=0D
1333 times ./repro=0D
1334 times ./repro=0D
1335 times ./repro=0D
1336 times ./repro=0D
1337 times ./repro=0D
1338 times ./repro=0D
1339 times ./repro=0D
1340 times ./repro=0D
1341 times ./repro=0D
1342 times ./repro=0D
1343 times ./repro=0D
1344 times ./repro=0D
1345 times ./repro=0D
1346 times ./repro=0D
1347 times ./repro=0D
1348 times ./repro=0D
1349 times ./repro=0D
1350 times ./repro=0D
1351 times ./repro=0D
1352 times ./repro=0D
1353 times ./repro=0D
1354 times ./repro=0D
1355 times ./repro=0D
1356 times ./repro=0D
1357 times ./repro=0D
1358 times ./repro=0D
1359 times ./repro=0D
1360 times ./repro=0D
1361 times ./repro=0D
1362 times ./repro=0D
1363 times ./repro=0D
1364 times ./repro=0D
1365 times ./repro=0D
1366 times ./repro=0D
1367 times ./repro=0D
1368 times ./repro=0D
1369 times ./repro=0D
1370 times ./repro=0D
1371 times ./repro=0D
1372 times ./repro=0D
1373 times ./repro=0D
1374 times ./repro=0D
1375 times ./repro=0D
1376 times ./repro=0D
1377 times ./repro=0D
1378 times ./repro=0D
1379 times ./repro=0D
1380 times ./repro=0D
1381 times ./repro=0D
1382 times ./repro=0D
1383 times ./repro=0D
1384 times ./repro=0D
1385 times ./repro=0D
1386 times ./repro=0D
1387 times ./repro=0D
1388 times ./repro=0D
1389 times ./repro=0D
1390 times ./repro=0D
1391 times ./repro=0D
1392 times ./repro=0D
1393 times ./repro=0D
1394 times ./repro=0D
1395 times ./repro=0D
1396 times ./repro=0D
1397 times ./repro=0D
1398 times ./repro=0D
1399 times ./repro=0D
1400 times ./repro=0D
1401 times ./repro=0D
1402 times ./repro=0D
1403 times ./repro=0D
1404 times ./repro=0D
1405 times ./repro=0D
1406 times ./repro=0D
1407 times ./repro=0D
1408 times ./repro=0D
1409 times ./repro=0D
1410 times ./repro=0D
1411 times ./repro=0D
1412 times ./repro=0D
1413 times ./repro=0D
1414 times ./repro=0D
1415 times ./repro=0D
1416 times ./repro=0D
1417 times ./repro=0D
1418 times ./repro=0D
1419 times ./repro=0D
1420 times ./repro=0D
1421 times ./repro=0D
1422 times ./repro=0D
1423 times ./repro=0D
1424 times ./repro=0D
1425 times ./repro=0D
1426 times ./repro=0D
1427 times ./repro=0D
1428 times ./repro=0D
1429 times ./repro=0D
1430 times ./repro=0D
1431 times ./repro=0D
1432 times ./repro=0D
1433 times ./repro=0D
1434 times ./repro=0D
1435 times ./repro=0D
1436 times ./repro=0D
1437 times ./repro=0D
1438 times ./repro=0D
1439 times ./repro=0D
1440 times ./repro=0D
1441 times ./repro=0D
1442 times ./repro=0D
1443 times ./repro=0D
1444 times ./repro=0D
1445 times ./repro=0D
1446 times ./repro=0D
1447 times ./repro=0D
1448 times ./repro=0D
1449 times ./repro=0D
1450 times ./repro=0D
1451 times ./repro=0D
1452 times ./repro=0D
1453 times ./repro=0D
1454 times ./repro=0D
1455 times ./repro=0D
1456 times ./repro=0D
1457 times ./repro=0D
1458 times ./repro=0D
1459 times ./repro=0D
1460 times ./repro=0D
1461 times ./repro=0D
1462 times ./repro=0D
1463 times ./repro=0D
1464 times ./repro=0D
1465 times ./repro=0D
1466 times ./repro=0D
1467 times ./repro=0D
1468 times ./repro=0D
1469 times ./repro=0D
1470 times ./repro=0D
1471 times ./repro=0D
1472 times ./repro=0D
1473 times ./repro=0D
1474 times ./repro=0D
1475 times ./repro=0D
1476 times ./repro=0D
1477 times ./repro=0D
1478 times ./repro=0D
1479 times ./repro=0D
1480 times ./repro=0D
1481 times ./repro=0D
1482 times ./repro=0D
1483 times ./repro=0D
1484 times ./repro=0D
1485 times ./repro=0D
1486 times ./repro=0D
1487 times ./repro=0D
1488 times ./repro=0D
1489 times ./repro=0D
1490 times ./repro=0D
1491 times ./repro=0D
1492 times ./repro=0D
1493 times ./repro=0D
1494 times ./repro=0D
1495 times ./repro=0D
1496 times ./repro=0D
1497 times ./repro=0D
1498 times ./repro=0D
1499 times ./repro=0D
1500 times ./repro=0D
1501 times ./repro=0D
1502 times ./repro=0D
1503 times ./repro=0D
1504 times ./repro=0D
1505 times ./repro=0D
1506 times ./repro=0D
1507 times ./repro=0D
1508 times ./repro=0D
1509 times ./repro=0D
1510 times ./repro=0D
1511 times ./repro=0D
1512 times ./repro=0D
1513 times ./repro=0D
1514 times ./repro=0D
1515 times ./repro=0D
1516 times ./repro=0D
1517 times ./repro=0D
1518 times ./repro=0D
1519 times ./repro=0D
1520 times ./repro=0D
1521 times ./repro=0D
1522 times ./repro=0D
1523 times ./repro=0D
1524 times ./repro=0D
1525 times ./repro=0D
1526 times ./repro=0D
1527 times ./repro=0D
1528 times ./repro=0D
1529 times ./repro=0D
1530 times ./repro=0D
1531 times ./repro=0D
1532 times ./repro=0D
1533 times ./repro=0D
1534 times ./repro=0D
1535 times ./repro=0D
1536 times ./repro=0D
1537 times ./repro=0D
1538 times ./repro=0D
1539 times ./repro=0D
1540 times ./repro=0D
1541 times ./repro=0D
1542 times ./repro=0D
1543 times ./repro=0D
1544 times ./repro=0D
1545 times ./repro=0D
1546 times ./repro=0D
1547 times ./repro=0D
1548 times ./repro=0D
1549 times ./repro=0D
1550 times ./repro=0D
1551 times ./repro=0D
1552 times ./repro=0D
1553 times ./repro=0D
1554 times ./repro=0D
1555 times ./repro=0D
1556 times ./repro=0D
1557 times ./repro=0D
1558 times ./repro=0D
1559 times ./repro=0D
1560 times ./repro=0D
1561 times ./repro=0D
1562 times ./repro=0D
1563 times ./repro=0D
1564 times ./repro=0D
1565 times ./repro=0D
1566 times ./repro=0D
1567 times ./repro=0D
1568 times ./repro=0D
1569 times ./repro=0D
1570 times ./repro=0D
1571 times ./repro=0D
1572 times ./repro=0D
1573 times ./repro=0D
1574 times ./repro=0D
1575 times ./repro=0D
1576 times ./repro=0D
1577 times ./repro=0D
1578 times ./repro=0D
1579 times ./repro=0D
1580 times ./repro=0D
1581 times ./repro=0D
1582 times ./repro=0D
1583 times ./repro=0D
1584 times ./repro=0D
1585 times ./repro=0D
1586 times ./repro=0D
1587 times ./repro=0D
1588 times ./repro=0D
1589 times ./repro=0D
1590 times ./repro=0D
1591 times ./repro=0D
1592 times ./repro=0D
1593 times ./repro=0D
1594 times ./repro=0D
1595 times ./repro=0D
1596 times ./repro=0D
1597 times ./repro=0D
1598 times ./repro=0D
1599 times ./repro=0D
1600 times ./repro=0D
1601 times ./repro=0D
1602 times ./repro=0D
1603 times ./repro=0D
1604 times ./repro=0D
1605 times ./repro=0D
1606 times ./repro=0D
1607 times ./repro=0D
1608 times ./repro=0D
1609 times ./repro=0D
1610 times ./repro=0D
1611 times ./repro=0D
1612 times ./repro=0D
1613 times ./repro=0D
1614 times ./repro=0D
1615 times ./repro=0D
1616 times ./repro=0D
1617 times ./repro=0D
1618 times ./repro=0D
1619 times ./repro=0D
1620 times ./repro=0D
1621 times ./repro=0D
1622 times ./repro=0D
1623 times ./repro=0D
1624 times ./repro=0D
1625 times ./repro=0D
1626 times ./repro=0D
1627 times ./repro=0D
1628 times ./repro=0D
1629 times ./repro=0D
1630 times ./repro=0D
1631 times ./repro=0D
1632 times ./repro=0D
1633 times ./repro=0D
1634 times ./repro=0D
1635 times ./repro=0D
1636 times ./repro=0D
1637 times ./repro=0D
1638 times ./repro=0D
1639 times ./repro=0D
1640 times ./repro=0D
1641 times ./repro=0D
1642 times ./repro=0D
1643 times ./repro=0D
1644 times ./repro=0D
1645 times ./repro=0D
1646 times ./repro=0D
1647 times ./repro=0D
1648 times ./repro=0D
1649 times ./repro=0D
1650 times ./repro=0D
1651 times ./repro=0D
1652 times ./repro=0D
1653 times ./repro=0D
1654 times ./repro=0D
1655 times ./repro=0D
1656 times ./repro=0D
1657 times ./repro=0D
1658 times ./repro=0D
1659 times ./repro=0D
1660 times ./repro=0D
1661 times ./repro=0D
1662 times ./repro=0D
1663 times ./repro=0D
1664 times ./repro=0D
1665 times ./repro=0D
1666 times ./repro=0D
1667 times ./repro=0D
1668 times ./repro=0D
1669 times ./repro=0D
1670 times ./repro=0D
1671 times ./repro=0D
1672 times ./repro=0D
1673 times ./repro=0D
1674 times ./repro=0D
1675 times ./repro=0D
1676 times ./repro=0D
1677 times ./repro=0D
1678 times ./repro=0D
1679 times ./repro=0D
1680 times ./repro=0D
1681 times ./repro=0D
1682 times ./repro=0D
1683 times ./repro=0D
1684 times ./repro=0D
1685 times ./repro=0D
1686 times ./repro=0D
1687 times ./repro=0D
1688 times ./repro=0D
1689 times ./repro=0D
1690 times ./repro=0D
1691 times ./repro=0D
1692 times ./repro=0D
1693 times ./repro=0D
1694 times ./repro=0D
1695 times ./repro=0D
1696 times ./repro=0D
1697 times ./repro=0D
1698 times ./repro=0D
1699 times ./repro=0D
1700 times ./repro=0D
1701 times ./repro=0D
1702 times ./repro=0D
1703 times ./repro=0D
1704 times ./repro=0D
1705 times ./repro=0D
1706 times ./repro=0D
1707 times ./repro=0D
1708 times ./repro=0D
1709 times ./repro=0D
1710 times ./repro=0D
1711 times ./repro=0D
1712 times ./repro=0D
1713 times ./repro=0D
1714 times ./repro=0D
1715 times ./repro=0D
1716 times ./repro=0D
1717 times ./repro=0D
1718 times ./repro=0D
1719 times ./repro=0D
1720 times ./repro=0D
1721 times ./repro=0D
1722 times ./repro=0D
1723 times ./repro=0D
1724 times ./repro=0D
1725 times ./repro=0D
1726 times ./repro=0D
1727 times ./repro=0D
1728 times ./repro=0D
1729 times ./repro=0D
1730 times ./repro=0D
1731 times ./repro=0D
1732 times ./repro=0D
1733 times ./repro=0D
1734 times ./repro=0D
1735 times ./repro=0D
1736 times ./repro=0D
1737 times ./repro=0D
1738 times ./repro=0D
1739 times ./repro=0D
1740 times ./repro=0D
1741 times ./repro=0D
1742 times ./repro=0D
1743 times ./repro=0D
1744 times ./repro=0D
1745 times ./repro=0D
1746 times ./repro=0D
1747 times ./repro=0D
1748 times ./repro=0D
1749 times ./repro=0D
1750 times ./repro=0D
1751 times ./repro=0D
1752 times ./repro=0D
1753 times ./repro=0D
1754 times ./repro=0D
1755 times ./repro=0D
1756 times ./repro=0D
1757 times ./repro=0D
1758 times ./repro=0D
1759 times ./repro=0D
1760 times ./repro=0D
1761 times ./repro=0D
1762 times ./repro=0D
1763 times ./repro=0D
1764 times ./repro=0D
1765 times ./repro=0D
1766 times ./repro=0D
1767 times ./repro=0D
1768 times ./repro=0D
1769 times ./repro=0D
1770 times ./repro=0D
1771 times ./repro=0D
1772 times ./repro=0D
1773 times ./repro=0D
1774 times ./repro=0D
1775 times ./repro=0D
1776 times ./repro=0D
1777 times ./repro=0D
1778 times ./repro=0D
1779 times ./repro=0D
1780 times ./repro=0D
1781 times ./repro=0D
1782 times ./repro=0D
1783 times ./repro=0D
1784 times ./repro=0D
1785 times ./repro=0D
1786 times ./repro=0D
1787 times ./repro=0D
1788 times ./repro=0D
1789 times ./repro=0D
1790 times ./repro=0D
1791 times ./repro=0D
1792 times ./repro=0D
1793 times ./repro=0D
1794 times ./repro=0D
1795 times ./repro=0D
1796 times ./repro=0D
1797 times ./repro=0D
1798 times ./repro=0D
1799 times ./repro=0D
1800 times ./repro=0D
1801 times ./repro=0D
1802 times ./repro=0D
1803 times ./repro=0D
1804 times ./repro=0D
1805 times ./repro=0D
1806 times ./repro=0D
1807 times ./repro=0D
1808 times ./repro=0D
1809 times ./repro=0D
1810 times ./repro=0D
1811 times ./repro=0D
1812 times ./repro=0D
1813 times ./repro=0D
1814 times ./repro=0D
1815 times ./repro=0D
1816 times ./repro=0D
1817 times ./repro=0D
1818 times ./repro=0D
1819 times ./repro=0D
1820 times ./repro=0D
1821 times ./repro=0D
1822 times ./repro=0D
1823 times ./repro=0D
1824 times ./repro=0D
1825 times ./repro=0D
1826 times ./repro=0D
1827 times ./repro=0D
1828 times ./repro=0D
1829 times ./repro=0D
1830 times ./repro=0D
1831 times ./repro=0D
1832 times ./repro=0D
1833 times ./repro=0D
1834 times ./repro=0D
1835 times ./repro=0D
1836 times ./repro=0D
1837 times ./repro=0D
1838 times ./repro=0D
1839 times ./repro=0D
1840 times ./repro=0D
1841 times ./repro=0D
1842 times ./repro=0D
1843 times ./repro=0D
1844 times ./repro=0D
1845 times ./repro=0D
1846 times ./repro=0D
1847 times ./repro=0D
1848 times ./repro=0D
1849 times ./repro=0D
1850 times ./repro=0D
1851 times ./repro=0D
1852 times ./repro=0D
1853 times ./repro=0D
1854 times ./repro=0D
